Archive member included to satisfy reference by file (symbol)

/Users/ssnow/.pico-sdk/toolchain/14_2_Rel1/bin/../lib/gcc/arm-none-eabi/14.2.1/../../../../arm-none-eabi/lib/thumb/v8-m.main+fp/softfp/libm.a(libm_a-wf_sqrt.o)
                              CMakeFiles/bldc_pulse_test.dir/Users/ssnow/.pico-sdk/sdk/2.2.0/src/rp2_common/pico_float/float_math.c.o (sqrtf)
/Users/ssnow/.pico-sdk/toolchain/14_2_Rel1/bin/../lib/gcc/arm-none-eabi/14.2.1/../../../../arm-none-eabi/lib/thumb/v8-m.main+fp/softfp/libm.a(libm_a-ef_sqrt.o)
                              /Users/ssnow/.pico-sdk/toolchain/14_2_Rel1/bin/../lib/gcc/arm-none-eabi/14.2.1/../../../../arm-none-eabi/lib/thumb/v8-m.main+fp/softfp/libm.a(libm_a-wf_sqrt.o) (__ieee754_sqrtf)
/Users/ssnow/.pico-sdk/toolchain/14_2_Rel1/bin/../lib/gcc/arm-none-eabi/14.2.1/thumb/v8-m.main+fp/softfp/libgcc.a(_arm_addsubdf3.o)
                              CMakeFiles/bldc_pulse_test.dir/main.cpp.o (__aeabi_f2d)
/Users/ssnow/.pico-sdk/toolchain/14_2_Rel1/bin/../lib/gcc/arm-none-eabi/14.2.1/thumb/v8-m.main+fp/softfp/libgcc.a(_aeabi_ldivmod.o)
                              CMakeFiles/bldc_pulse_test.dir/Users/ssnow/.pico-sdk/sdk/2.2.0/src/common/pico_time/time.c.o (__aeabi_ldivmod)
/Users/ssnow/.pico-sdk/toolchain/14_2_Rel1/bin/../lib/gcc/arm-none-eabi/14.2.1/thumb/v8-m.main+fp/softfp/libgcc.a(_aeabi_uldivmod.o)
                              CMakeFiles/bldc_pulse_test.dir/Users/ssnow/.pico-sdk/sdk/2.2.0/src/rp2_common/hardware_clocks/clocks.c.o (__aeabi_uldivmod)
/Users/ssnow/.pico-sdk/toolchain/14_2_Rel1/bin/../lib/gcc/arm-none-eabi/14.2.1/thumb/v8-m.main+fp/softfp/libgcc.a(_udivmoddi4.o)
                              /Users/ssnow/.pico-sdk/toolchain/14_2_Rel1/bin/../lib/gcc/arm-none-eabi/14.2.1/thumb/v8-m.main+fp/softfp/libgcc.a(_aeabi_ldivmod.o) (__udivmoddi4)
/Users/ssnow/.pico-sdk/toolchain/14_2_Rel1/bin/../lib/gcc/arm-none-eabi/14.2.1/thumb/v8-m.main+fp/softfp/libgcc.a(_dvmd_tls.o)
                              /Users/ssnow/.pico-sdk/toolchain/14_2_Rel1/bin/../lib/gcc/arm-none-eabi/14.2.1/thumb/v8-m.main+fp/softfp/libgcc.a(_aeabi_ldivmod.o) (__aeabi_ldiv0)
/Users/ssnow/.pico-sdk/toolchain/14_2_Rel1/bin/../lib/gcc/arm-none-eabi/14.2.1/../../../../arm-none-eabi/lib/thumb/v8-m.main+fp/softfp/libg.a(libc_a-calloc.o)
                              CMakeFiles/bldc_pulse_test.dir/Users/ssnow/.pico-sdk/sdk/2.2.0/src/rp2_common/pico_malloc/malloc.c.o (calloc)
/Users/ssnow/.pico-sdk/toolchain/14_2_Rel1/bin/../lib/gcc/arm-none-eabi/14.2.1/../../../../arm-none-eabi/lib/thumb/v8-m.main+fp/softfp/libg.a(libc_a-callocr.o)
                              /Users/ssnow/.pico-sdk/toolchain/14_2_Rel1/bin/../lib/gcc/arm-none-eabi/14.2.1/../../../../arm-none-eabi/lib/thumb/v8-m.main+fp/softfp/libg.a(libc_a-calloc.o) (_calloc_r)
/Users/ssnow/.pico-sdk/toolchain/14_2_Rel1/bin/../lib/gcc/arm-none-eabi/14.2.1/../../../../arm-none-eabi/lib/thumb/v8-m.main+fp/softfp/libg.a(libc_a-malloc.o)
                              CMakeFiles/bldc_pulse_test.dir/Users/ssnow/.pico-sdk/sdk/2.2.0/src/rp2_common/pico_malloc/malloc.c.o (malloc)
/Users/ssnow/.pico-sdk/toolchain/14_2_Rel1/bin/../lib/gcc/arm-none-eabi/14.2.1/../../../../arm-none-eabi/lib/thumb/v8-m.main+fp/softfp/libg.a(libc_a-mallocr.o)
                              /Users/ssnow/.pico-sdk/toolchain/14_2_Rel1/bin/../lib/gcc/arm-none-eabi/14.2.1/../../../../arm-none-eabi/lib/thumb/v8-m.main+fp/softfp/libg.a(libc_a-callocr.o) (_malloc_r)
/Users/ssnow/.pico-sdk/toolchain/14_2_Rel1/bin/../lib/gcc/arm-none-eabi/14.2.1/../../../../arm-none-eabi/lib/thumb/v8-m.main+fp/softfp/libg.a(libc_a-mlock.o)
                              /Users/ssnow/.pico-sdk/toolchain/14_2_Rel1/bin/../lib/gcc/arm-none-eabi/14.2.1/../../../../arm-none-eabi/lib/thumb/v8-m.main+fp/softfp/libg.a(libc_a-mallocr.o) (__malloc_lock)
/Users/ssnow/.pico-sdk/toolchain/14_2_Rel1/bin/../lib/gcc/arm-none-eabi/14.2.1/../../../../arm-none-eabi/lib/thumb/v8-m.main+fp/softfp/libg.a(libc_a-realloc.o)
                              CMakeFiles/bldc_pulse_test.dir/Users/ssnow/.pico-sdk/sdk/2.2.0/src/rp2_common/pico_malloc/malloc.c.o (realloc)
/Users/ssnow/.pico-sdk/toolchain/14_2_Rel1/bin/../lib/gcc/arm-none-eabi/14.2.1/../../../../arm-none-eabi/lib/thumb/v8-m.main+fp/softfp/libg.a(libc_a-reallocr.o)
                              /Users/ssnow/.pico-sdk/toolchain/14_2_Rel1/bin/../lib/gcc/arm-none-eabi/14.2.1/../../../../arm-none-eabi/lib/thumb/v8-m.main+fp/softfp/libg.a(libc_a-realloc.o) (_realloc_r)
/Users/ssnow/.pico-sdk/toolchain/14_2_Rel1/bin/../lib/gcc/arm-none-eabi/14.2.1/../../../../arm-none-eabi/lib/thumb/v8-m.main+fp/softfp/libg.a(libc_a-memcmp.o)
                              CMakeFiles/bldc_pulse_test.dir/Users/ssnow/.pico-sdk/sdk/2.2.0/src/rp2_common/pico_atomic/atomic.c.o (memcmp)
/Users/ssnow/.pico-sdk/toolchain/14_2_Rel1/bin/../lib/gcc/arm-none-eabi/14.2.1/../../../../arm-none-eabi/lib/thumb/v8-m.main+fp/softfp/libg.a(libc_a-memmove.o)
[...]
Memory Configuration

Name             Origin             Length             Attributes
FLASH            0x10000000         0x00400000         xr
RAM              0x20000000         0x00080000         xrw
SCRATCH_X        0x20080000         0x00001000         xrw
SCRATCH_Y        0x20081000         0x00001000         xrw
*default*        0x00000000         0xffffffff

Linker script and memory map

LOAD /Users/ssnow/.pico-sdk/toolchain/14_2_Rel1/bin/../lib/gcc/arm-none-eabi/14.2.1/thumb/v8-m.main+fp/softfp/crti.o
LOAD /Users/ssnow/.pico-sdk/toolchain/14_2_Rel1/bin/../lib/gcc/arm-none-eabi/14.2.1/thumb/v8-m.main+fp/softfp/crtbegin.o
LOAD /Users/ssnow/.pico-sdk/toolchain/14_2_Rel1/bin/../lib/gcc/arm-none-eabi/14.2.1/../../../../arm-none-eabi/lib/thumb/v8-m.main+fp/softfp/crt0.o

.flash_begin    0x10000000        0x0
                0x10000000                        __flash_binary_start = .

.text           0x10000000     0x7664
                0x10000000                        __logical_binary_start = .
 *(.vectors)
 .vectors       0x10000000      0x124 CMakeFiles/bldc_pulse_test.dir/Users/ssnow/.pico-sdk/sdk/2.2.0/src/rp2_common/pico_crt0/crt0.S.o
                0x10000000                __VECTOR_TABLE
                0x10000000                __vectors
                0x10000110                __unhandled_user_irq
                0x10000110                isr_irq49
                0x10000110                isr_irq13
                0x10000110                isr_irq43
                0x10000110                isr_irq45
                0x10000110                isr_irq27
                0x10000110                isr_irq32
                0x10000110                isr_irq31
                0x10000110                isr_irq5
                0x10000110                isr_irq11
                0x10000110                isr_irq23
                0x10000110                isr_usagefault
                0x10000110                isr_irq48
                0x10000110                isr_irq35
                0x10000110                isr_irq18
                0x10000110                isr_irq50
                0x10000110                isr_irq9
                0x10000110                isr_irq30
                0x10000110                isr_irq16
                0x10000110                isr_irq44
                0x10000110                isr_irq29
                0x10000110                isr_irq26
                0x10000110                isr_irq33
                0x10000110                isr_irq3
                0x10000110                isr_irq12
                0x10000110                isr_securefault
                0x10000110                isr_irq40
                0x10000110                isr_irq28
                0x10000110                isr_irq19
                0x10000110                isr_irq36
                0x10000110                isr_irq41
                0x10000110                isr_irq0
                0x10000110                isr_irq6
                0x10000110                isr_memmanage
                0x10000110                isr_irq37
                0x10000110                isr_irq42
                0x10000110                isr_irq22
                0x10000110                isr_irq17
                0x10000110                isr_irq38
                0x10000110                isr_irq14
                0x10000110                __vectors_end
                0x10000110                __default_isrs_start
                0x10000110                isr_irq2
                0x10000110                isr_irq10
                0x10000110                isr_irq8
                0x10000110                isr_debugmonitor
                0x10000110                isr_irq24
                0x10000110                isr_irq46
                0x10000110                isr_irq1
                0x10000110                isr_irq47
                0x10000110                isr_irq51
                0x10000110                isr_irq7
                0x10000110                isr_irq21
                0x10000110                isr_irq39
                0x10000110                isr_irq20
                0x10000110                isr_irq15
                0x10000110                isr_irq25
                0x10000110                isr_irq34
                0x10000110                isr_irq4
                0x10000110                isr_busfault
                0x10000116                unhandled_user_irq_num_in_r0
                0x10000118                isr_invalid
                0x1000011a                isr_nmi
                0x1000011c                isr_hardfault
                0x1000011e                isr_svcall
                0x10000120                isr_pendsv
                0x10000122                isr_systick
                0x10000124                __default_isrs_end
 *(.binary_info_header)
 .binary_info_header
                0x10000124       0x14 CMakeFiles/bldc_pulse_test.dir/Users/ssnow/.pico-sdk/sdk/2.2.0/src/rp2_common/pico_crt0/crt0.S.o
                0x10000138                        __binary_info_header_end = .
 *(.embedded_block)
 .embedded_block
                0x10000138       0x14 CMakeFiles/bldc_pulse_test.dir/Users/ssnow/.pico-sdk/sdk/2.2.0/src/rp2_common/pico_crt0/crt0.S.o
                0x1000014c                        __embedded_block_end = .
 *(.reset)
 .reset         0x1000014c       0x98 CMakeFiles/bldc_pulse_test.dir/Users/ssnow/.pico-sdk/sdk/2.2.0/src/rp2_common/pico_crt0/crt0.S.o
                0x1000014c                _entry_point
 *(.init)
 .init          0x100001e4        0x4 /Users/ssnow/.pico-sdk/toolchain/14_2_Rel1/bin/../lib/gcc/arm-none-eabi/14.2.1/thumb/v8-m.main+fp/softfp/crti.o
                0x100001e4                _init
 SORT_BY_NAME(REVERSE(*libgcc.a:cmse_nonsecure_call.o))()
 *(EXCLUDE_FILE(*libm.a: *libc.a:*lib_a-mem*.o *libgcc.a:) .text*)
 .text.register_tm_clones
                0x100001e8       0x28 /Users/ssnow/.pico-sdk/toolchain/14_2_Rel1/bin/../lib/gcc/arm-none-eabi/14.2.1/thumb/v8-m.main+fp/softfp/crtbegin.o
 .text.frame_dummy
                0x10000210       0x24 /Users/ssnow/.pico-sdk/toolchain/14_2_Rel1/bin/../lib/gcc/arm-none-eabi/14.2.1/thumb/v8-m.main+fp/softfp/crtbegin.o
 .text._Z13setup_displayv
                0x10000234       0x20 CMakeFiles/bldc_pulse_test.dir/main.cpp.o
                0x10000234                setup_display()
 .text._Z12display_menuv
                0x10000254       0x94 CMakeFiles/bldc_pulse_test.dir/main.cpp.o
                0x10000254                display_menu()
 .text._Z13btn1_callbackv
                0x100002e8       0x74 CMakeFiles/bldc_pulse_test.dir/main.cpp.o
                0x100002e8                btn1_callback()
 .text._Z13btn2_callbackv
                0x1000035c       0xa0 CMakeFiles/bldc_pulse_test.dir/main.cpp.o
                0x1000035c                btn2_callback()
 .text._Z21display_pulse_monitorv
                0x100003fc       0xa8 CMakeFiles/bldc_pulse_test.dir/main.cpp.o
                0x100003fc                display_pulse_monitor()
 .text._Z16display_pwm_rampv
                0x100004a4       0xb0 CMakeFiles/bldc_pulse_test.dir/main.cpp.o
                0x100004a4                display_pwm_ramp()
 .text._Z22display_direction_testv
                0x10000554       0xa4 CMakeFiles/bldc_pulse_test.dir/main.cpp.o
                0x10000554                display_direction_test()
 .text._Z18display_brake_testv
                0x100005f8       0xa4 CMakeFiles/bldc_pulse_test.dir/main.cpp.o
                0x100005f8                display_brake_test()
 .text._Z13test_pwm_rampv
                0x1000069c      0x140 CMakeFiles/bldc_pulse_test.dir/main.cpp.o
                0x1000069c                test_pwm_ramp()
 .text._Z21test_direction_changev
                0x100007dc       0xac CMakeFiles/bldc_pulse_test.dir/main.cpp.o
                0x100007dc                test_direction_change()
 .text._Z10test_brakev
                0x10000888       0xb4 CMakeFiles/bldc_pulse_test.dir/main.cpp.o
                0x10000888                test_brake()
 .text.startup.main
                0x1000093c      0x228 CMakeFiles/bldc_pulse_test.dir/main.cpp.o
                0x1000093c                main
 .text.startup._GLOBAL__sub_I_lcd
                0x10000b64       0x58 CMakeFiles/bldc_pulse_test.dir/main.cpp.o
 .text._ZN10ST7796_TFTC2EP8spi_insthhhhhhm
                0x10000bbc       0x44 CMakeFiles/bldc_pulse_test.dir/ST7796S_TFT.cpp.o
                0x10000bbc                ST7796_TFT::ST7796_TFT(spi_inst*, unsigned char, unsigned char, unsigned char, unsigned char, unsigned char, unsigned char, unsigned long)
                0x10000bbc                ST7796_TFT::ST7796_TFT(spi_inst*, unsigned char, unsigned char, unsigned char, unsigned char, unsigned char, unsigned char, unsigned long)
 .text._ZN10ST7796_TFT16setAddressWindowEssss
                0x10000c00      0x198 CMakeFiles/bldc_pulse_test.dir/ST7796S_TFT.cpp.o
                0x10000c00                ST7796_TFT::setAddressWindow(short, short, short, short)
 .text._ZN10ST7796_TFT4initEv
                0x10000d98      0x48c CMakeFiles/bldc_pulse_test.dir/ST7796S_TFT.cpp.o
                0x10000d98                ST7796_TFT::init()
 .text._ZN10ST7796_TFT10fillScreenEt
                0x10001224       0x6c CMakeFiles/bldc_pulse_test.dir/ST7796S_TFT.cpp.o
                0x10001224                ST7796_TFT::fillScreen(unsigned short)
 .text._ZN10ST7796_TFT8fillRectEsssst
                0x10001290       0x74 CMakeFiles/bldc_pulse_test.dir/ST7796S_TFT.cpp.o
                0x10001290                ST7796_TFT::fillRect(short, short, short, short, unsigned short)
 .text._ZN14BLDCSpeedPulse11isr_wrapperEjm
                0x10001304       0x7c CMakeFiles/bldc_pulse_test.dir/bldc_speed_pulse.cpp.o
                0x10001304                BLDCSpeedPulse::isr_wrapper(unsigned int, unsigned long)
 .text._ZN14BLDCSpeedPulseC2Ej
                0x10001380       0x28 CMakeFiles/bldc_pulse_test.dir/bldc_speed_pulse.cpp.o
                0x10001380                BLDCSpeedPulse::BLDCSpeedPulse(unsigned int)
                0x10001380                BLDCSpeedPulse::BLDCSpeedPulse(unsigned int)
 .text._ZN14BLDCSpeedPulse4initEv
                0x100013a8       0x48 CMakeFiles/bldc_pulse_test.dir/bldc_speed_pulse.cpp.o
                0x100013a8                BLDCSpeedPulse::init()
 .text._ZNK14BLDCSpeedPulse7get_rpmEv
                0x100013f0        0x4 CMakeFiles/bldc_pulse_test.dir/bldc_speed_pulse.cpp.o
                0x100013f0                BLDCSpeedPulse::get_rpm() const
 .text._ZNK14BLDCSpeedPulse13get_frequencyEv
                0x100013f4        0x4 CMakeFiles/bldc_pulse_test.dir/bldc_speed_pulse.cpp.o
                0x100013f4                BLDCSpeedPulse::get_frequency() const
 .text._ZNK14BLDCSpeedPulse15get_pulse_countEv
                0x100013f8        0x4 CMakeFiles/bldc_pulse_test.dir/bldc_speed_pulse.cpp.o
                0x100013f8                BLDCSpeedPulse::get_pulse_count() const
 .text._ZNK14BLDCSpeedPulse15get_revolutionsEv
                0x100013fc       0x24 CMakeFiles/bldc_pulse_test.dir/bldc_speed_pulse.cpp.o
                0x100013fc                BLDCSpeedPulse::get_revolutions() const
 .text._ZN14BLDCSpeedPulse5resetEv
                0x10001420       0x28 CMakeFiles/bldc_pulse_test.dir/bldc_speed_pulse.cpp.o
                0x10001420                BLDCSpeedPulse::reset()
 .text._ZN13ButtonControl21gpio_callback_wrapperEjm
                0x10001448       0x7c CMakeFiles/bldc_pulse_test.dir/button_control.cpp.o
                0x10001448                ButtonControl::gpio_callback_wrapper(unsigned int, unsigned long)
 .text._ZN13ButtonControlC2Ev
                0x100014c4       0x1c CMakeFiles/bldc_pulse_test.dir/button_control.cpp.o
                0x100014c4                ButtonControl::ButtonControl()
                0x100014c4                ButtonControl::ButtonControl()
 .text._ZN13ButtonControl4initEv
                0x100014e0       0x5c CMakeFiles/bldc_pulse_test.dir/button_control.cpp.o
                0x100014e0                ButtonControl::init()
 .text._ZN13ButtonControl22register_btn1_callbackEPFvvE
                0x1000153c        0x4 CMakeFiles/bldc_pulse_test.dir/button_control.cpp.o
                0x1000153c                ButtonControl::register_btn1_callback(void (*)())
 .text._ZN13ButtonControl22register_btn2_callbackEPFvvE
                0x10001540        0x4 CMakeFiles/bldc_pulse_test.dir/button_control.cpp.o
                0x10001540                ButtonControl::register_btn2_callback(void (*)())
 .text.gpio_default_irq_handler
                0x10001544      0x1d4 CMakeFiles/bldc_pulse_test.dir/Users/ssnow/.pico-sdk/sdk/2.2.0/src/rp2_common/hardware_gpio/gpio.c.o
 .text.gpio_set_function
                0x10001718       0x3c CMakeFiles/bldc_pulse_test.dir/Users/ssnow/.pico-sdk/sdk/2.2.0/src/rp2_common/hardware_gpio/gpio.c.o
                0x10001718                gpio_set_function
 .text.gpio_set_pulls
                0x10001754       0x28 CMakeFiles/bldc_pulse_test.dir/Users/ssnow/.pico-sdk/sdk/2.2.0/src/rp2_common/hardware_gpio/gpio.c.o
                0x10001754                gpio_set_pulls
 .text.gpio_set_irq_enabled
                0x1000177c       0x48 CMakeFiles/bldc_pulse_test.dir/Users/ssnow/.pico-sdk/sdk/2.2.0/src/rp2_common/hardware_gpio/gpio.c.o
                0x1000177c                gpio_set_irq_enabled
 .text.gpio_set_irq_enabled_with_callback
                0x100017c4       0xa8 CMakeFiles/bldc_pulse_test.dir/Users/ssnow/.pico-sdk/sdk/2.2.0/src/rp2_common/hardware_gpio/gpio.c.o
                0x100017c4                gpio_set_irq_enabled_with_callback
 .text.gpio_init
                0x1000186c       0x48 CMakeFiles/bldc_pulse_test.dir/Users/ssnow/.pico-sdk/sdk/2.2.0/src/rp2_common/hardware_gpio/gpio.c.o
                0x1000186c                gpio_init
 .text.panic    0x100018b4       0x30 CMakeFiles/bldc_pulse_test.dir/Users/ssnow/.pico-sdk/sdk/2.2.0/src/rp2_common/pico_platform_panic/panic.c.o
                0x100018b4                panic
 .text.hw_claim_or_assert
                0x100018e4       0x58 CMakeFiles/bldc_pulse_test.dir/Users/ssnow/.pico-sdk/sdk/2.2.0/src/common/hardware_claim/claim.c.o
                0x100018e4                hw_claim_or_assert
 .text.hw_claim_unused_from_range
                0x1000193c       0x80 CMakeFiles/bldc_pulse_test.dir/Users/ssnow/.pico-sdk/sdk/2.2.0/src/common/hardware_claim/claim.c.o
                0x1000193c                hw_claim_unused_from_range
 .text.next_striped_spin_lock_num
                0x100019bc       0x18 CMakeFiles/bldc_pulse_test.dir/Users/ssnow/.pico-sdk/sdk/2.2.0/src/rp2_common/hardware_sync/sync.c.o
                0x100019bc                next_striped_spin_lock_num
 .text.spin_lock_claim_unused
                0x100019d4       0x20 CMakeFiles/bldc_pulse_test.dir/Users/ssnow/.pico-sdk/sdk/2.2.0/src/rp2_common/hardware_sync/sync.c.o
                0x100019d4                spin_lock_claim_unused
 .text.spinlock_set_extexclall
                0x100019f4       0x10 CMakeFiles/bldc_pulse_test.dir/Users/ssnow/.pico-sdk/sdk/2.2.0/src/rp2_common/hardware_sync_spin_lock/sync_spin_lock.c.o
 .text.spin_locks_reset
                0x10001a04       0x18 CMakeFiles/bldc_pulse_test.dir/Users/ssnow/.pico-sdk/sdk/2.2.0/src/rp2_common/hardware_sync_spin_lock/sync_spin_lock.c.o
                0x10001a04                spin_locks_reset
 .text.runtime_init_per_core_irq_priorities
                0x10001a1c       0x40 CMakeFiles/bldc_pulse_test.dir/Users/ssnow/.pico-sdk/sdk/2.2.0/src/rp2_common/hardware_irq/irq.c.o
                0x10001a1c                runtime_init_per_core_irq_priorities
 .text.irq_set_enabled
                0x10001a5c       0x2c CMakeFiles/bldc_pulse_test.dir/Users/ssnow/.pico-sdk/sdk/2.2.0/src/rp2_common/hardware_irq/irq.c.o
                0x10001a5c                irq_set_enabled
 .text.irq_is_enabled
                0x10001a88       0x20 CMakeFiles/bldc_pulse_test.dir/Users/ssnow/.pico-sdk/sdk/2.2.0/src/rp2_common/hardware_irq/irq.c.o
                0x10001a88                irq_is_enabled
 .text.irq_set_pending
                0x10001aa8       0x18 CMakeFiles/bldc_pulse_test.dir/Users/ssnow/.pico-sdk/sdk/2.2.0/src/rp2_common/hardware_irq/irq.c.o
                0x10001aa8                irq_set_pending
 .text.irq_has_shared_handler
                0x10001ac0       0x20 CMakeFiles/bldc_pulse_test.dir/Users/ssnow/.pico-sdk/sdk/2.2.0/src/rp2_common/hardware_irq/irq.c.o
                0x10001ac0                irq_has_shared_handler
 .text.irq_set_exclusive_handler
                0x10001ae0       0x60 CMakeFiles/bldc_pulse_test.dir/Users/ssnow/.pico-sdk/sdk/2.2.0/src/rp2_common/hardware_irq/irq.c.o
                0x10001ae0                irq_set_exclusive_handler
 .text.irq_add_shared_handler
                0x10001b40      0x1e8 CMakeFiles/bldc_pulse_test.dir/Users/ssnow/.pico-sdk/sdk/2.2.0/src/rp2_common/hardware_irq/irq.c.o
                0x10001b40                irq_add_shared_handler
 .text.irq_remove_handler
                0x10001d28      0x1f4 CMakeFiles/bldc_pulse_test.dir/Users/ssnow/.pico-sdk/sdk/2.2.0/src/rp2_common/hardware_irq/irq.c.o
                0x10001d28                irq_remove_handler
 .text.irq_add_tail_to_free_list
                0x10001f1c       0xbc CMakeFiles/bldc_pulse_test.dir/Users/ssnow/.pico-sdk/sdk/2.2.0/src/rp2_common/hardware_irq/irq.c.o
                0x10001f1c                irq_add_tail_to_free_list
 .text.user_irq_claim_unused
                0x10001fd8       0x28 CMakeFiles/bldc_pulse_test.dir/Users/ssnow/.pico-sdk/sdk/2.2.0/src/rp2_common/hardware_irq/irq.c.o
                0x10001fd8                user_irq_claim_unused
 .text.lock_init
                0x10002000        0xc CMakeFiles/bldc_pulse_test.dir/Users/ssnow/.pico-sdk/sdk/2.2.0/src/common/pico_sync/lock_core.c.o
                0x10002000                lock_init
 .text.runtime_init_mutex
                0x1000200c       0x4c CMakeFiles/bldc_pulse_test.dir/Users/ssnow/.pico-sdk/sdk/2.2.0/src/common/pico_sync/mutex.c.o
                0x1000200c                runtime_init_mutex
 .text.mutex_init
                0x10002058       0x1c CMakeFiles/bldc_pulse_test.dir/Users/ssnow/.pico-sdk/sdk/2.2.0/src/common/pico_sync/mutex.c.o
                0x10002058                mutex_init
 .text.critical_section_init
                0x10002074       0x1c CMakeFiles/bldc_pulse_test.dir/Users/ssnow/.pico-sdk/sdk/2.2.0/src/common/pico_sync/critical_section.c.o
                0x10002074                critical_section_init
 .text.critical_section_init_with_lock_num
                0x10002090       0x10 CMakeFiles/bldc_pulse_test.dir/Users/ssnow/.pico-sdk/sdk/2.2.0/src/common/pico_sync/critical_section.c.o
                0x10002090                critical_section_init_with_lock_num
 .text.sleep_until_callback
                0x100020a0       0x3c CMakeFiles/bldc_pulse_test.dir/Users/ssnow/.pico-sdk/sdk/2.2.0/src/common/pico_time/time.c.o
 *fill*         0x100020dc        0x4 
 .text.alarm_pool_irq_handler
                0x100020e0      0x2f0 CMakeFiles/bldc_pulse_test.dir/Users/ssnow/.pico-sdk/sdk/2.2.0/src/common/pico_time/time.c.o
 .text.runtime_init_default_alarm_pool
                0x100023d0      0x100 CMakeFiles/bldc_pulse_test.dir/Users/ssnow/.pico-sdk/sdk/2.2.0/src/common/pico_time/time.c.o
                0x100023d0                runtime_init_default_alarm_pool
 .text.alarm_pool_get_default
                0x100024d0        0x8 CMakeFiles/bldc_pulse_test.dir/Users/ssnow/.pico-sdk/sdk/2.2.0/src/common/pico_time/time.c.o
                0x100024d0                alarm_pool_get_default
 .text.alarm_pool_add_alarm_at
                0x100024d8       0xdc CMakeFiles/bldc_pulse_test.dir/Users/ssnow/.pico-sdk/sdk/2.2.0/src/common/pico_time/time.c.o
                0x100024d8                alarm_pool_add_alarm_at
 .text.alarm_pool_add_alarm_at_force_in_context
                0x100025b4       0xc8 CMakeFiles/bldc_pulse_test.dir/Users/ssnow/.pico-sdk/sdk/2.2.0/src/common/pico_time/time.c.o
                0x100025b4                alarm_pool_add_alarm_at_force_in_context
 .text.alarm_pool_cancel_alarm
                0x1000267c       0x80 CMakeFiles/bldc_pulse_test.dir/Users/ssnow/.pico-sdk/sdk/2.2.0/src/common/pico_time/time.c.o
                0x1000267c                alarm_pool_cancel_alarm
 .text.alarm_pool_core_num
                0x100026fc        0x4 CMakeFiles/bldc_pulse_test.dir/Users/ssnow/.pico-sdk/sdk/2.2.0/src/common/pico_time/time.c.o
                0x100026fc                alarm_pool_core_num
 .text.sleep_ms
                0x10002700       0xdc CMakeFiles/bldc_pulse_test.dir/Users/ssnow/.pico-sdk/sdk/2.2.0/src/common/pico_time/time.c.o
                0x10002700                sleep_ms
 .text.best_effort_wfe_or_timeout
                0x100027dc       0xd4 CMakeFiles/bldc_pulse_test.dir/Users/ssnow/.pico-sdk/sdk/2.2.0/src/common/pico_time/time.c.o
                0x100027dc                best_effort_wfe_or_timeout
 .text.timer_hardware_alarm_claim
                0x100028b0       0x24 CMakeFiles/bldc_pulse_test.dir/Users/ssnow/.pico-sdk/sdk/2.2.0/src/rp2_common/hardware_timer/timer.c.o
                0x100028b0                timer_hardware_alarm_claim
 .text.timer_time_us_64
                0x100028d4       0x10 CMakeFiles/bldc_pulse_test.dir/Users/ssnow/.pico-sdk/sdk/2.2.0/src/rp2_common/hardware_timer/timer.c.o
                0x100028d4                timer_time_us_64
 .text.time_us_64
                0x100028e4       0x14 CMakeFiles/bldc_pulse_test.dir/Users/ssnow/.pico-sdk/sdk/2.2.0/src/rp2_common/hardware_timer/timer.c.o
                0x100028e4                time_us_64
 .text.busy_wait_until
                0x100028f8       0x24 CMakeFiles/bldc_pulse_test.dir/Users/ssnow/.pico-sdk/sdk/2.2.0/src/rp2_common/hardware_timer/timer.c.o
                0x100028f8                busy_wait_until
 .text.clock_configure_undivided
                0x1000291c       0xd0 CMakeFiles/bldc_pulse_test.dir/Users/ssnow/.pico-sdk/sdk/2.2.0/src/rp2_common/hardware_clocks/clocks.c.o
                0x1000291c                clock_configure_undivided
 .text.clock_get_hz
                0x100029ec        0xc CMakeFiles/bldc_pulse_test.dir/Users/ssnow/.pico-sdk/sdk/2.2.0/src/rp2_common/hardware_clocks/clocks.c.o
                0x100029ec                clock_get_hz
 .text.pll_init
                0x100029f8       0x8c CMakeFiles/bldc_pulse_test.dir/Users/ssnow/.pico-sdk/sdk/2.2.0/src/rp2_common/hardware_pll/pll.c.o
                0x100029f8                pll_init
 .text.watchdog_reboot
                0x10002a84       0x98 CMakeFiles/bldc_pulse_test.dir/Users/ssnow/.pico-sdk/sdk/2.2.0/src/rp2_common/hardware_watchdog/watchdog.c.o
                0x10002a84                watchdog_reboot
 .text.tick_start
                0x10002b1c       0x18 CMakeFiles/bldc_pulse_test.dir/Users/ssnow/.pico-sdk/sdk/2.2.0/src/rp2_common/hardware_ticks/ticks.c.o
                0x10002b1c                tick_start
 .text.rom_reboot.constprop.0.isra.0
                0x10002b34       0x34 CMakeFiles/bldc_pulse_test.dir/Users/ssnow/.pico-sdk/sdk/2.2.0/src/rp2_common/pico_bootrom/bootrom.c.o
 .text.rom_func_lookup
                0x10002b68       0x18 CMakeFiles/bldc_pulse_test.dir/Users/ssnow/.pico-sdk/sdk/2.2.0/src/rp2_common/pico_bootrom/bootrom.c.o
                0x10002b68                rom_func_lookup
 .text.rom_reset_usb_boot_extra
                0x10002b80       0x1c CMakeFiles/bldc_pulse_test.dir/Users/ssnow/.pico-sdk/sdk/2.2.0/src/rp2_common/pico_bootrom/bootrom.c.o
                0x10002b80                rom_reset_usb_boot_extra
 .text.runtime_init_bootrom_locking_enable
                0x10002b9c       0x14 CMakeFiles/bldc_pulse_test.dir/Users/ssnow/.pico-sdk/sdk/2.2.0/src/rp2_common/pico_bootrom/bootrom_lock.c.o
                0x10002b9c                runtime_init_bootrom_locking_enable
 .text.runtime_init_boot_locks_reset
                0x10002bb0       0x1c CMakeFiles/bldc_pulse_test.dir/Users/ssnow/.pico-sdk/sdk/2.2.0/src/rp2_common/hardware_boot_lock/boot_lock.c.o
                0x10002bb0                runtime_init_boot_locks_reset
 .text.xosc_init
                0x10002bcc       0x30 CMakeFiles/bldc_pulse_test.dir/Users/ssnow/.pico-sdk/sdk/2.2.0/src/rp2_common/hardware_xosc/xosc.c.o
                0x10002bcc                xosc_init
 .text.first_per_core_initializer
                0x10002bfc        0x4 CMakeFiles/bldc_pulse_test.dir/Users/ssnow/.pico-sdk/sdk/2.2.0/src/rp2_common/pico_runtime/runtime.c.o
 .text.hard_assertion_failure
                0x10002c00        0xc CMakeFiles/bldc_pulse_test.dir/Users/ssnow/.pico-sdk/sdk/2.2.0/src/rp2_common/pico_runtime/runtime.c.o
                0x10002c00                hard_assertion_failure
 .text.runtime_run_initializers
                0x10002c0c       0x20 CMakeFiles/bldc_pulse_test.dir/Users/ssnow/.pico-sdk/sdk/2.2.0/src/rp2_common/pico_runtime/runtime.c.o
                0x10002c0c                runtime_run_initializers
 .text.runtime_init_early_resets
                0x10002c2c       0x34 CMakeFiles/bldc_pulse_test.dir/Users/ssnow/.pico-sdk/sdk/2.2.0/src/rp2_common/pico_runtime_init/runtime_init.c.o
                0x10002c2c                runtime_init_early_resets
 .text.runtime_init_usb_power_down
                0x10002c60       0x1c CMakeFiles/bldc_pulse_test.dir/Users/ssnow/.pico-sdk/sdk/2.2.0/src/rp2_common/pico_runtime_init/runtime_init.c.o
                0x10002c60                runtime_init_usb_power_down
 .text.runtime_init_per_core_enable_coprocessors
                0x10002c7c       0x1c CMakeFiles/bldc_pulse_test.dir/Users/ssnow/.pico-sdk/sdk/2.2.0/src/rp2_common/pico_runtime_init/runtime_init.c.o
                0x10002c7c                runtime_init_per_core_enable_coprocessors
 .text.runtime_init_post_clock_resets
                0x10002c98       0x20 CMakeFiles/bldc_pulse_test.dir/Users/ssnow/.pico-sdk/sdk/2.2.0/src/rp2_common/pico_runtime_init/runtime_init.c.o
                0x10002c98                runtime_init_post_clock_resets
 .text.runtime_init_bootrom_reset
                0x10002cb8       0x14 CMakeFiles/bldc_pulse_test.dir/Users/ssnow/.pico-sdk/sdk/2.2.0/src/rp2_common/pico_runtime_init/runtime_init.c.o
                0x10002cb8                runtime_init_bootrom_reset
 .text.runtime_init_per_core_bootrom_reset
                0x10002ccc       0x14 CMakeFiles/bldc_pulse_test.dir/Users/ssnow/.pico-sdk/sdk/2.2.0/src/rp2_common/pico_runtime_init/runtime_init.c.o
                0x10002ccc                runtime_init_per_core_bootrom_reset
 .text.runtime_init_spin_locks_reset
                0x10002ce0        0x4 CMakeFiles/bldc_pulse_test.dir/Users/ssnow/.pico-sdk/sdk/2.2.0/src/rp2_common/pico_runtime_init/runtime_init.c.o
                0x10002ce0                runtime_init_spin_locks_reset
 .text.runtime_init_install_ram_vector_table
                0x10002ce4       0x68 CMakeFiles/bldc_pulse_test.dir/Users/ssnow/.pico-sdk/sdk/2.2.0/src/rp2_common/pico_runtime_init/runtime_init.c.o
                0x10002ce4                runtime_init_install_ram_vector_table
 .text.runtime_init_clocks
                0x10002d4c       0xdc CMakeFiles/bldc_pulse_test.dir/Users/ssnow/.pico-sdk/sdk/2.2.0/src/rp2_common/pico_runtime_init/runtime_init_clocks.c.o
                0x10002d4c                runtime_init_clocks
 .text.__rp2350_dcp_engaged_state_save_restore
                0x10002e28       0x3a CMakeFiles/bldc_pulse_test.dir/Users/ssnow/.pico-sdk/sdk/2.2.0/src/rp2_common/pico_double/double_aeabi_dcp.S.o
 *fill*         0x10002e62        0x2 
 .text.__wrap___aeabi_dadd
                0x10002e64       0x28 CMakeFiles/bldc_pulse_test.dir/Users/ssnow/.pico-sdk/sdk/2.2.0/src/rp2_common/pico_double/double_aeabi_dcp.S.o
                0x10002e6c                __wrap___aeabi_dadd
 .text.__wrap___aeabi_dsub
                0x10002e8c       0x28 CMakeFiles/bldc_pulse_test.dir/Users/ssnow/.pico-sdk/sdk/2.2.0/src/rp2_common/pico_double/double_aeabi_dcp.S.o
                0x10002e94                __wrap___aeabi_dsub
 .text.__wrap___aeabi_dmul
                0x10002eb4       0x4c CMakeFiles/bldc_pulse_test.dir/Users/ssnow/.pico-sdk/sdk/2.2.0/src/rp2_common/pico_double/double_aeabi_dcp.S.o
                0x10002ebc                __wrap___aeabi_dmul
 .text.__wrap___aeabi_ddiv
                0x10002f00       0x9c CMakeFiles/bldc_pulse_test.dir/Users/ssnow/.pico-sdk/sdk/2.2.0/src/rp2_common/pico_double/double_aeabi_dcp.S.o
                0x10002f08                __wrap___aeabi_ddiv
 .text.__wrap___aeabi_i2d
                0x10002f9c       0x24 CMakeFiles/bldc_pulse_test.dir/Users/ssnow/.pico-sdk/sdk/2.2.0/src/rp2_common/pico_double/double_aeabi_dcp.S.o
                0x10002fa4                __wrap___aeabi_i2d
                0x10002fa4                int2double
 .text.__wrap___aeabi_ui2d
                0x10002fc0       0x24 CMakeFiles/bldc_pulse_test.dir/Users/ssnow/.pico-sdk/sdk/2.2.0/src/rp2_common/pico_double/double_aeabi_dcp.S.o
                0x10002fc8                __wrap___aeabi_ui2d
                0x10002fc8                uint2double
 .text.__wrap___aeabi_d2iz
                0x10002fe4       0x24 CMakeFiles/bldc_pulse_test.dir/Users/ssnow/.pico-sdk/sdk/2.2.0/src/rp2_common/pico_double/double_aeabi_dcp.S.o
                0x10002fec                __wrap___aeabi_d2iz
                0x10002fec                double2int_z
 .text.__wrap___aeabi_d2uiz
                0x10003008       0x24 CMakeFiles/bldc_pulse_test.dir/Users/ssnow/.pico-sdk/sdk/2.2.0/src/rp2_common/pico_double/double_aeabi_dcp.S.o
                0x10003010                double2uint_z
                0x10003010                double2uint
                0x10003010                __wrap___aeabi_d2uiz
 .text.__wrap___aeabi_dcmpun
                0x1000302c       0x24 CMakeFiles/bldc_pulse_test.dir/Users/ssnow/.pico-sdk/sdk/2.2.0/src/rp2_common/pico_double/double_aeabi_dcp.S.o
                0x10003034                __wrap___aeabi_dcmpun
 .text.__wrap___aeabi_dcmplt
                0x10003050       0x28 CMakeFiles/bldc_pulse_test.dir/Users/ssnow/.pico-sdk/sdk/2.2.0/src/rp2_common/pico_double/double_aeabi_dcp.S.o
                0x10003058                __wrap___aeabi_dcmplt
 .text.__wrap___aeabi_dcmple
                0x10003078       0x28 CMakeFiles/bldc_pulse_test.dir/Users/ssnow/.pico-sdk/sdk/2.2.0/src/rp2_common/pico_double/double_aeabi_dcp.S.o
                0x10003080                __wrap___aeabi_dcmple
 .text.__wrap___aeabi_dcmpge
                0x100030a0       0x28 CMakeFiles/bldc_pulse_test.dir/Users/ssnow/.pico-sdk/sdk/2.2.0/src/rp2_common/pico_double/double_aeabi_dcp.S.o
                0x100030a8                __wrap___aeabi_dcmpge
 .text.__wrap___aeabi_dcmpgt
                0x100030c8       0x28 CMakeFiles/bldc_pulse_test.dir/Users/ssnow/.pico-sdk/sdk/2.2.0/src/rp2_common/pico_double/double_aeabi_dcp.S.o
                0x100030d0                __wrap___aeabi_dcmpgt
 .text._out_null
                0x100030f0        0x4 CMakeFiles/bldc_pulse_test.dir/Users/ssnow/.pico-sdk/sdk/2.2.0/src/rp2_common/pico_printf/printf.c.o
 .text._out_rev
                0x100030f4       0x9c CMakeFiles/bldc_pulse_test.dir/Users/ssnow/.pico-sdk/sdk/2.2.0/src/rp2_common/pico_printf/printf.c.o
 .text._ntoa_format
                0x10003190      0x1d4 CMakeFiles/bldc_pulse_test.dir/Users/ssnow/.pico-sdk/sdk/2.2.0/src/rp2_common/pico_printf/printf.c.o
 .text._out_char
                0x10003364        0x8 CMakeFiles/bldc_pulse_test.dir/Users/ssnow/.pico-sdk/sdk/2.2.0/src/rp2_common/pico_printf/printf.c.o
 .text._out_fct
                0x1000336c        0xc CMakeFiles/bldc_pulse_test.dir/Users/ssnow/.pico-sdk/sdk/2.2.0/src/rp2_common/pico_printf/printf.c.o
 .text._ftoa    0x10003378      0x4bc CMakeFiles/bldc_pulse_test.dir/Users/ssnow/.pico-sdk/sdk/2.2.0/src/rp2_common/pico_printf/printf.c.o
 *fill*         0x10003834        0x4 
 .text._etoa    0x10003838      0x574 CMakeFiles/bldc_pulse_test.dir/Users/ssnow/.pico-sdk/sdk/2.2.0/src/rp2_common/pico_printf/printf.c.o
 .text._vsnprintf
                0x10003dac      0x9e4 CMakeFiles/bldc_pulse_test.dir/Users/ssnow/.pico-sdk/sdk/2.2.0/src/rp2_common/pico_printf/printf.c.o
 .text.vfctprintf
                0x10004790       0x28 CMakeFiles/bldc_pulse_test.dir/Users/ssnow/.pico-sdk/sdk/2.2.0/src/rp2_common/pico_printf/printf.c.o
                0x10004790                vfctprintf
 .text.weak_raw_vprintf
                0x100047b8       0x30 CMakeFiles/bldc_pulse_test.dir/Users/ssnow/.pico-sdk/sdk/2.2.0/src/rp2_common/pico_printf/printf.c.o
                0x100047b8                weak_raw_vprintf
 .text._exit    0x100047e8        0x4 CMakeFiles/bldc_pulse_test.dir/Users/ssnow/.pico-sdk/sdk/2.2.0/src/rp2_common/pico_clib_interface/newlib_interface.c.o
                0x100047e8                _exit
 .text.exit     0x100047ec        0x8 CMakeFiles/bldc_pulse_test.dir/Users/ssnow/.pico-sdk/sdk/2.2.0/src/rp2_common/pico_clib_interface/newlib_interface.c.o
                0x100047ec                exit
 .text.runtime_init
                0x100047f4       0x24 CMakeFiles/bldc_pulse_test.dir/Users/ssnow/.pico-sdk/sdk/2.2.0/src/rp2_common/pico_clib_interface/newlib_interface.c.o
                0x100047f4                runtime_init
 .text.stdio_out_chars_no_crlf
                0x10004818        0x8 CMakeFiles/bldc_pulse_test.dir/Users/ssnow/.pico-sdk/sdk/2.2.0/src/rp2_common/pico_stdio/stdio.c.o
 .text.stdio_out_chars_crlf
                0x10004820       0xb0 CMakeFiles/bldc_pulse_test.dir/Users/ssnow/.pico-sdk/sdk/2.2.0/src/rp2_common/pico_stdio/stdio.c.o
 .text.stdio_buffered_printer
                0x100048d0       0x60 CMakeFiles/bldc_pulse_test.dir/Users/ssnow/.pico-sdk/sdk/2.2.0/src/rp2_common/pico_stdio/stdio.c.o
 .text.stdio_put_string
                0x10004930       0xec CMakeFiles/bldc_pulse_test.dir/Users/ssnow/.pico-sdk/sdk/2.2.0/src/rp2_common/pico_stdio/stdio.c.o
                0x10004930                stdio_put_string
 .text.stdio_set_driver_enabled
                0x10004a1c       0x28 CMakeFiles/bldc_pulse_test.dir/Users/ssnow/.pico-sdk/sdk/2.2.0/src/rp2_common/pico_stdio/stdio.c.o
                0x10004a1c                stdio_set_driver_enabled
 .text.stdio_init_all
                0x10004a44        0x4 CMakeFiles/bldc_pulse_test.dir/Users/ssnow/.pico-sdk/sdk/2.2.0/src/rp2_common/pico_stdio/stdio.c.o
                0x10004a44                stdio_init_all
 .text.__wrap_putchar
                0x10004a48       0x84 CMakeFiles/bldc_pulse_test.dir/Users/ssnow/.pico-sdk/sdk/2.2.0/src/rp2_common/pico_stdio/stdio.c.o
                0x10004a48                stdio_putchar
                0x10004a48                __wrap_putchar
 .text.__wrap_puts
                0x10004acc       0x3c CMakeFiles/bldc_pulse_test.dir/Users/ssnow/.pico-sdk/sdk/2.2.0/src/rp2_common/pico_stdio/stdio.c.o
                0x10004acc                __wrap_puts
                0x10004acc                stdio_puts
 .text.__wrap_vprintf
                0x10004b08       0xc4 CMakeFiles/bldc_pulse_test.dir/Users/ssnow/.pico-sdk/sdk/2.2.0/src/rp2_common/pico_stdio/stdio.c.o
                0x10004b08                __wrap_vprintf
                0x10004b08                stdio_vprintf
 .text.__wrap_printf
                0x10004bcc       0x1c CMakeFiles/bldc_pulse_test.dir/Users/ssnow/.pico-sdk/sdk/2.2.0/src/rp2_common/pico_stdio/stdio.c.o
                0x10004bcc                stdio_printf
                0x10004bcc                __wrap_printf
 .text.resetd_init
                0x10004be8        0x4 CMakeFiles/bldc_pulse_test.dir/Users/ssnow/.pico-sdk/sdk/2.2.0/src/rp2_common/pico_stdio_usb/reset_interface.c.o
 .text.resetd_reset
                0x10004bec        0xc CMakeFiles/bldc_pulse_test.dir/Users/ssnow/.pico-sdk/sdk/2.2.0/src/rp2_common/pico_stdio_usb/reset_interface.c.o
 .text.resetd_open
                0x10004bf8       0x28 CMakeFiles/bldc_pulse_test.dir/Users/ssnow/.pico-sdk/sdk/2.2.0/src/rp2_common/pico_stdio_usb/reset_interface.c.o
 .text.resetd_xfer_cb
                0x10004c20        0x4 CMakeFiles/bldc_pulse_test.dir/Users/ssnow/.pico-sdk/sdk/2.2.0/src/rp2_common/pico_stdio_usb/reset_interface.c.o
 .text.resetd_control_xfer_cb
                0x10004c24       0x50 CMakeFiles/bldc_pulse_test.dir/Users/ssnow/.pico-sdk/sdk/2.2.0/src/rp2_common/pico_stdio_usb/reset_interface.c.o
 .text.tud_descriptor_bos_cb
                0x10004c74        0x8 CMakeFiles/bldc_pulse_test.dir/Users/ssnow/.pico-sdk/sdk/2.2.0/src/rp2_common/pico_stdio_usb/reset_interface.c.o
                0x10004c74                tud_descriptor_bos_cb
 .text.tud_vendor_control_xfer_cb
                0x10004c7c       0x28 CMakeFiles/bldc_pulse_test.dir/Users/ssnow/.pico-sdk/sdk/2.2.0/src/rp2_common/pico_stdio_usb/reset_interface.c.o
                0x10004c7c                tud_vendor_control_xfer_cb
 .text.usbd_app_driver_get_cb
                0x10004ca4       0x10 CMakeFiles/bldc_pulse_test.dir/Users/ssnow/.pico-sdk/sdk/2.2.0/src/rp2_common/pico_stdio_usb/reset_interface.c.o
                0x10004ca4                usbd_app_driver_get_cb
 .text.tud_cdc_line_coding_cb
                0x10004cb4       0x18 CMakeFiles/bldc_pulse_test.dir/Users/ssnow/.pico-sdk/sdk/2.2.0/src/rp2_common/pico_stdio_usb/reset_interface.c.o
                0x10004cb4                tud_cdc_line_coding_cb
 .text.stdio_usb_set_chars_available_callback
                0x10004ccc       0x14 CMakeFiles/bldc_pulse_test.dir/Users/ssnow/.pico-sdk/sdk/2.2.0/src/rp2_common/pico_stdio_usb/stdio_usb.c.o
                0x10004ccc                stdio_usb_set_chars_available_callback
 .text.timer_task
                0x10004ce0       0x70 CMakeFiles/bldc_pulse_test.dir/Users/ssnow/.pico-sdk/sdk/2.2.0/src/rp2_common/pico_stdio_usb/stdio_usb.c.o
 .text.usb_irq  0x10004d50        0xc CMakeFiles/bldc_pulse_test.dir/Users/ssnow/.pico-sdk/sdk/2.2.0/src/rp2_common/pico_stdio_usb/stdio_usb.c.o
 .text.stdio_usb_in_chars
                0x10004d5c       0x88 CMakeFiles/bldc_pulse_test.dir/Users/ssnow/.pico-sdk/sdk/2.2.0/src/rp2_common/pico_stdio_usb/stdio_usb.c.o
                0x10004d5c                stdio_usb_in_chars
 .text.stdio_usb_out_flush
                0x10004de4       0x54 CMakeFiles/bldc_pulse_test.dir/Users/ssnow/.pico-sdk/sdk/2.2.0/src/rp2_common/pico_stdio_usb/stdio_usb.c.o
 .text.stdio_usb_out_chars
                0x10004e38       0xf4 CMakeFiles/bldc_pulse_test.dir/Users/ssnow/.pico-sdk/sdk/2.2.0/src/rp2_common/pico_stdio_usb/stdio_usb.c.o
 .text.low_priority_worker_irq
                0x10004f2c       0xd8 CMakeFiles/bldc_pulse_test.dir/Users/ssnow/.pico-sdk/sdk/2.2.0/src/rp2_common/pico_stdio_usb/stdio_usb.c.o
 .text.stdio_usb_init
                0x10005004       0xe8 CMakeFiles/bldc_pulse_test.dir/Users/ssnow/.pico-sdk/sdk/2.2.0/src/rp2_common/pico_stdio_usb/stdio_usb.c.o
                0x10005004                stdio_usb_init
 .text.tud_descriptor_device_cb
                0x100050ec        0x8 CMakeFiles/bldc_pulse_test.dir/Users/ssnow/.pico-sdk/sdk/2.2.0/src/rp2_common/pico_stdio_usb/stdio_usb_descriptors.c.o
                0x100050ec                tud_descriptor_device_cb
 .text.tud_descriptor_configuration_cb
                0x100050f4        0x8 CMakeFiles/bldc_pulse_test.dir/Users/ssnow/.pico-sdk/sdk/2.2.0/src/rp2_common/pico_stdio_usb/stdio_usb_descriptors.c.o
                0x100050f4                tud_descriptor_configuration_cb
 .text.tud_descriptor_string_cb
                0x100050fc       0x70 CMakeFiles/bldc_pulse_test.dir/Users/ssnow/.pico-sdk/sdk/2.2.0/src/rp2_common/pico_stdio_usb/stdio_usb_descriptors.c.o
                0x100050fc                tud_descriptor_string_cb
 .text.startup._retrieve_unique_id_on_boot
                0x1000516c       0x30 CMakeFiles/bldc_pulse_test.dir/Users/ssnow/.pico-sdk/sdk/2.2.0/src/rp2_common/pico_unique_id/unique_id.c.o
 .text.pico_get_unique_board_id_string
                0x1000519c      0x184 CMakeFiles/bldc_pulse_test.dir/Users/ssnow/.pico-sdk/sdk/2.2.0/src/rp2_common/pico_unique_id/unique_id.c.o
                0x1000519c                pico_get_unique_board_id_string
 .text.dcd_init
                0x10005320       0x8c CMakeFiles/bldc_pulse_test.dir/Users/ssnow/.pico-sdk/sdk/2.2.0/lib/tinyusb/src/portable/raspberrypi/rp2040/dcd_rp2040.c.o
                0x10005320                dcd_init
 .text.dcd_int_enable
                0x100053ac        0x8 CMakeFiles/bldc_pulse_test.dir/Users/ssnow/.pico-sdk/sdk/2.2.0/lib/tinyusb/src/portable/raspberrypi/rp2040/dcd_rp2040.c.o
                0x100053ac                dcd_int_enable
 .text.dcd_set_address
                0x100053b4       0x10 CMakeFiles/bldc_pulse_test.dir/Users/ssnow/.pico-sdk/sdk/2.2.0/lib/tinyusb/src/portable/raspberrypi/rp2040/dcd_rp2040.c.o
                0x100053b4                dcd_set_address
 .text.dcd_sof_enable
                0x100053c4       0x1c CMakeFiles/bldc_pulse_test.dir/Users/ssnow/.pico-sdk/sdk/2.2.0/lib/tinyusb/src/portable/raspberrypi/rp2040/dcd_rp2040.c.o
                0x100053c4                dcd_sof_enable
 .text.dcd_edpt0_status_complete
                0x100053e0       0x1c CMakeFiles/bldc_pulse_test.dir/Users/ssnow/.pico-sdk/sdk/2.2.0/lib/tinyusb/src/portable/raspberrypi/rp2040/dcd_rp2040.c.o
                0x100053e0                dcd_edpt0_status_complete
 .text.dcd_edpt_open
                0x100053fc      0x104 CMakeFiles/bldc_pulse_test.dir/Users/ssnow/.pico-sdk/sdk/2.2.0/lib/tinyusb/src/portable/raspberrypi/rp2040/dcd_rp2040.c.o
                0x100053fc                dcd_edpt_open
 .text.dcd_edpt_close_all
                0x10005500        0x4 CMakeFiles/bldc_pulse_test.dir/Users/ssnow/.pico-sdk/sdk/2.2.0/lib/tinyusb/src/portable/raspberrypi/rp2040/dcd_rp2040.c.o
                0x10005500                dcd_edpt_close_all
 .text.dcd_edpt_xfer
                0x10005504       0x28 CMakeFiles/bldc_pulse_test.dir/Users/ssnow/.pico-sdk/sdk/2.2.0/lib/tinyusb/src/portable/raspberrypi/rp2040/dcd_rp2040.c.o
                0x10005504                dcd_edpt_xfer
 .text.dcd_edpt_stall
                0x1000552c       0x30 CMakeFiles/bldc_pulse_test.dir/Users/ssnow/.pico-sdk/sdk/2.2.0/lib/tinyusb/src/portable/raspberrypi/rp2040/dcd_rp2040.c.o
                0x1000552c                dcd_edpt_stall
 .text.dcd_edpt_clear_stall
                0x1000555c       0x24 CMakeFiles/bldc_pulse_test.dir/Users/ssnow/.pico-sdk/sdk/2.2.0/lib/tinyusb/src/portable/raspberrypi/rp2040/dcd_rp2040.c.o
                0x1000555c                dcd_edpt_clear_stall
 .text.rp2040_usb_init
                0x10005580       0x40 CMakeFiles/bldc_pulse_test.dir/Users/ssnow/.pico-sdk/sdk/2.2.0/lib/tinyusb/src/portable/raspberrypi/rp2040/rp2040_usb.c.o
                0x10005580                rp2040_usb_init
 .text.hw_endpoint_xfer_start
                0x100055c0       0x40 CMakeFiles/bldc_pulse_test.dir/Users/ssnow/.pico-sdk/sdk/2.2.0/lib/tinyusb/src/portable/raspberrypi/rp2040/rp2040_usb.c.o
                0x100055c0                hw_endpoint_xfer_start
 .text.configuration_reset
                0x10005600       0x8c CMakeFiles/bldc_pulse_test.dir/Users/ssnow/.pico-sdk/sdk/2.2.0/lib/tinyusb/src/device/usbd.c.o
 .text.tud_event_hook_cb
                0x1000568c        0x4 CMakeFiles/bldc_pulse_test.dir/Users/ssnow/.pico-sdk/sdk/2.2.0/lib/tinyusb/src/device/usbd.c.o
                0x1000568c                tud_event_hook_cb
 .text.tud_sof_cb
                0x10005690        0x4 CMakeFiles/bldc_pulse_test.dir/Users/ssnow/.pico-sdk/sdk/2.2.0/lib/tinyusb/src/device/usbd.c.o
                0x10005690                tud_sof_cb
 .text.tud_descriptor_device_qualifier_cb
                0x10005694        0x4 CMakeFiles/bldc_pulse_test.dir/Users/ssnow/.pico-sdk/sdk/2.2.0/lib/tinyusb/src/device/usbd.c.o
                0x10005694                tud_descriptor_device_qualifier_cb
 .text.tud_descriptor_other_speed_configuration_cb
                0x10005698        0x4 CMakeFiles/bldc_pulse_test.dir/Users/ssnow/.pico-sdk/sdk/2.2.0/lib/tinyusb/src/device/usbd.c.o
                0x10005698                tud_descriptor_other_speed_configuration_cb
 .text.tud_mount_cb
                0x1000569c        0x4 CMakeFiles/bldc_pulse_test.dir/Users/ssnow/.pico-sdk/sdk/2.2.0/lib/tinyusb/src/device/usbd.c.o
                0x1000569c                tud_mount_cb
 .text.tud_umount_cb
                0x100056a0        0x4 CMakeFiles/bldc_pulse_test.dir/Users/ssnow/.pico-sdk/sdk/2.2.0/lib/tinyusb/src/device/usbd.c.o
                0x100056a0                tud_umount_cb
 .text.tud_suspend_cb
                0x100056a4        0x4 CMakeFiles/bldc_pulse_test.dir/Users/ssnow/.pico-sdk/sdk/2.2.0/lib/tinyusb/src/device/usbd.c.o
                0x100056a4                tud_suspend_cb
 .text.tud_resume_cb
                0x100056a8        0x4 CMakeFiles/bldc_pulse_test.dir/Users/ssnow/.pico-sdk/sdk/2.2.0/lib/tinyusb/src/device/usbd.c.o
                0x100056a8                tud_resume_cb
 .text.tud_mounted
                0x100056ac       0x10 CMakeFiles/bldc_pulse_test.dir/Users/ssnow/.pico-sdk/sdk/2.2.0/lib/tinyusb/src/device/usbd.c.o
                0x100056ac                tud_mounted
 .text.tud_suspended
                0x100056bc       0x10 CMakeFiles/bldc_pulse_test.dir/Users/ssnow/.pico-sdk/sdk/2.2.0/lib/tinyusb/src/device/usbd.c.o
                0x100056bc                tud_suspended
 .text.tud_rhport_init
                0x100056cc       0xf4 CMakeFiles/bldc_pulse_test.dir/Users/ssnow/.pico-sdk/sdk/2.2.0/lib/tinyusb/src/device/usbd.c.o
                0x100056cc                tud_rhport_init
 .text.tud_task_ext
                0x100057c0      0x784 CMakeFiles/bldc_pulse_test.dir/Users/ssnow/.pico-sdk/sdk/2.2.0/lib/tinyusb/src/device/usbd.c.o
                0x100057c0                tud_task_ext
 .text.usbd_open_edpt_pair
                0x10005f44       0x9c CMakeFiles/bldc_pulse_test.dir/Users/ssnow/.pico-sdk/sdk/2.2.0/lib/tinyusb/src/device/usbd.c.o
                0x10005f44                usbd_open_edpt_pair
 .text.usbd_edpt_open
                0x10005fe0       0x44 CMakeFiles/bldc_pulse_test.dir/Users/ssnow/.pico-sdk/sdk/2.2.0/lib/tinyusb/src/device/usbd.c.o
                0x10005fe0                usbd_edpt_open
 .text.usbd_edpt_claim
                0x10006024       0x24 CMakeFiles/bldc_pulse_test.dir/Users/ssnow/.pico-sdk/sdk/2.2.0/lib/tinyusb/src/device/usbd.c.o
                0x10006024                usbd_edpt_claim
 .text.usbd_edpt_release
                0x10006048       0x24 CMakeFiles/bldc_pulse_test.dir/Users/ssnow/.pico-sdk/sdk/2.2.0/lib/tinyusb/src/device/usbd.c.o
                0x10006048                usbd_edpt_release
 .text.usbd_edpt_xfer
                0x1000606c       0x70 CMakeFiles/bldc_pulse_test.dir/Users/ssnow/.pico-sdk/sdk/2.2.0/lib/tinyusb/src/device/usbd.c.o
                0x1000606c                usbd_edpt_xfer
 .text.tud_control_status
                0x100060dc       0x34 CMakeFiles/bldc_pulse_test.dir/Users/ssnow/.pico-sdk/sdk/2.2.0/lib/tinyusb/src/device/usbd_control.c.o
                0x100060dc                tud_control_status
 .text.tud_control_xfer
                0x10006110       0xb0 CMakeFiles/bldc_pulse_test.dir/Users/ssnow/.pico-sdk/sdk/2.2.0/lib/tinyusb/src/device/usbd_control.c.o
                0x10006110                tud_control_xfer
 .text.usbd_control_reset
                0x100061c0       0x14 CMakeFiles/bldc_pulse_test.dir/Users/ssnow/.pico-sdk/sdk/2.2.0/lib/tinyusb/src/device/usbd_control.c.o
                0x100061c0                usbd_control_reset
 .text.usbd_control_set_complete_callback
                0x100061d4        0xc CMakeFiles/bldc_pulse_test.dir/Users/ssnow/.pico-sdk/sdk/2.2.0/lib/tinyusb/src/device/usbd_control.c.o
                0x100061d4                usbd_control_set_complete_callback
 .text.usbd_control_set_request
                0x100061e0       0x1c CMakeFiles/bldc_pulse_test.dir/Users/ssnow/.pico-sdk/sdk/2.2.0/lib/tinyusb/src/device/usbd_control.c.o
                0x100061e0                usbd_control_set_request
 .text.usbd_control_xfer_cb
                0x100061fc      0x100 CMakeFiles/bldc_pulse_test.dir/Users/ssnow/.pico-sdk/sdk/2.2.0/lib/tinyusb/src/device/usbd_control.c.o
                0x100061fc                usbd_control_xfer_cb
 .text._prep_out_transaction.isra.0
                0x100062fc       0x74 CMakeFiles/bldc_pulse_test.dir/Users/ssnow/.pico-sdk/sdk/2.2.0/lib/tinyusb/src/class/cdc/cdc_device.c.o
 .text.tud_cdc_n_connected
                0x10006370       0x2c CMakeFiles/bldc_pulse_test.dir/Users/ssnow/.pico-sdk/sdk/2.2.0/lib/tinyusb/src/class/cdc/cdc_device.c.o
                0x10006370                tud_cdc_n_connected
 .text.tud_cdc_n_available
                0x1000639c       0x14 CMakeFiles/bldc_pulse_test.dir/Users/ssnow/.pico-sdk/sdk/2.2.0/lib/tinyusb/src/class/cdc/cdc_device.c.o
                0x1000639c                tud_cdc_n_available
 .text.tud_cdc_n_read
                0x100063b0       0x90 CMakeFiles/bldc_pulse_test.dir/Users/ssnow/.pico-sdk/sdk/2.2.0/lib/tinyusb/src/class/cdc/cdc_device.c.o
                0x100063b0                tud_cdc_n_read
 .text.tud_cdc_n_write_flush
                0x10006440       0x8c CMakeFiles/bldc_pulse_test.dir/Users/ssnow/.pico-sdk/sdk/2.2.0/lib/tinyusb/src/class/cdc/cdc_device.c.o
                0x10006440                tud_cdc_n_write_flush
 .text.tud_cdc_n_write
                0x100064cc       0x40 CMakeFiles/bldc_pulse_test.dir/Users/ssnow/.pico-sdk/sdk/2.2.0/lib/tinyusb/src/class/cdc/cdc_device.c.o
                0x100064cc                tud_cdc_n_write
 .text.tud_cdc_n_write_available
                0x1000650c       0x14 CMakeFiles/bldc_pulse_test.dir/Users/ssnow/.pico-sdk/sdk/2.2.0/lib/tinyusb/src/class/cdc/cdc_device.c.o
                0x1000650c                tud_cdc_n_write_available
 .text.cdcd_init
                0x10006520       0x70 CMakeFiles/bldc_pulse_test.dir/Users/ssnow/.pico-sdk/sdk/2.2.0/lib/tinyusb/src/class/cdc/cdc_device.c.o
                0x10006520                cdcd_init
 .text.cdcd_deinit
                0x10006590       0x30 CMakeFiles/bldc_pulse_test.dir/Users/ssnow/.pico-sdk/sdk/2.2.0/lib/tinyusb/src/class/cdc/cdc_device.c.o
                0x10006590                cdcd_deinit
 .text.cdcd_reset
                0x100065c0       0x4c CMakeFiles/bldc_pulse_test.dir/Users/ssnow/.pico-sdk/sdk/2.2.0/lib/tinyusb/src/class/cdc/cdc_device.c.o
                0x100065c0                cdcd_reset
 .text.cdcd_open
                0x1000660c       0xc0 CMakeFiles/bldc_pulse_test.dir/Users/ssnow/.pico-sdk/sdk/2.2.0/lib/tinyusb/src/class/cdc/cdc_device.c.o
                0x1000660c                cdcd_open
 .text.cdcd_control_xfer_cb
                0x100066cc       0xc0 CMakeFiles/bldc_pulse_test.dir/Users/ssnow/.pico-sdk/sdk/2.2.0/lib/tinyusb/src/class/cdc/cdc_device.c.o
                0x100066cc                cdcd_control_xfer_cb
 .text.cdcd_xfer_cb
                0x1000678c       0xf8 CMakeFiles/bldc_pulse_test.dir/Users/ssnow/.pico-sdk/sdk/2.2.0/lib/tinyusb/src/class/cdc/cdc_device.c.o
                0x1000678c                cdcd_xfer_cb
 .text.vendord_init
                0x10006884       0x5c CMakeFiles/bldc_pulse_test.dir/Users/ssnow/.pico-sdk/sdk/2.2.0/lib/tinyusb/src/class/vendor/vendor_device.c.o
                0x10006884                vendord_init
 .text.vendord_deinit
                0x100068e0       0x1c CMakeFiles/bldc_pulse_test.dir/Users/ssnow/.pico-sdk/sdk/2.2.0/lib/tinyusb/src/class/vendor/vendor_device.c.o
                0x100068e0                vendord_deinit
 .text.vendord_reset
                0x100068fc       0x24 CMakeFiles/bldc_pulse_test.dir/Users/ssnow/.pico-sdk/sdk/2.2.0/lib/tinyusb/src/class/vendor/vendor_device.c.o
                0x100068fc                vendord_reset
 .text.vendord_open
                0x10006920       0xf4 CMakeFiles/bldc_pulse_test.dir/Users/ssnow/.pico-sdk/sdk/2.2.0/lib/tinyusb/src/class/vendor/vendor_device.c.o
                0x10006920                vendord_open
 .text.vendord_xfer_cb
                0x10006a14       0x88 CMakeFiles/bldc_pulse_test.dir/Users/ssnow/.pico-sdk/sdk/2.2.0/lib/tinyusb/src/class/vendor/vendor_device.c.o
                0x10006a14                vendord_xfer_cb
 .text.tusb_rhport_init
                0x10006a9c       0x64 CMakeFiles/bldc_pulse_test.dir/Users/ssnow/.pico-sdk/sdk/2.2.0/lib/tinyusb/src/tusb.c.o
                0x10006a9c                tusb_rhport_init
 .text.tu_edpt_claim
                0x10006b00       0x54 CMakeFiles/bldc_pulse_test.dir/Users/ssnow/.pico-sdk/sdk/2.2.0/lib/tinyusb/src/tusb.c.o
                0x10006b00                tu_edpt_claim
 .text.tu_edpt_release
                0x10006b54       0x38 CMakeFiles/bldc_pulse_test.dir/Users/ssnow/.pico-sdk/sdk/2.2.0/lib/tinyusb/src/tusb.c.o
                0x10006b54                tu_edpt_release
 .text.tu_edpt_validate
                0x10006b8c       0x60 CMakeFiles/bldc_pulse_test.dir/Users/ssnow/.pico-sdk/sdk/2.2.0/lib/tinyusb/src/tusb.c.o
                0x10006b8c                tu_edpt_validate
 .text.tu_edpt_bind_driver
                0x10006bec       0x58 CMakeFiles/bldc_pulse_test.dir/Users/ssnow/.pico-sdk/sdk/2.2.0/lib/tinyusb/src/tusb.c.o
                0x10006bec                tu_edpt_bind_driver
 .text.tu_edpt_stream_init
                0x10006c44       0x58 CMakeFiles/bldc_pulse_test.dir/Users/ssnow/.pico-sdk/sdk/2.2.0/lib/tinyusb/src/tusb.c.o
                0x10006c44                tu_edpt_stream_init
 .text.tu_edpt_stream_deinit
                0x10006c9c        0x4 CMakeFiles/bldc_pulse_test.dir/Users/ssnow/.pico-sdk/sdk/2.2.0/lib/tinyusb/src/tusb.c.o
                0x10006c9c                tu_edpt_stream_deinit
 .text.tu_edpt_stream_write_zlp_if_needed
                0x10006ca0       0x68 CMakeFiles/bldc_pulse_test.dir/Users/ssnow/.pico-sdk/sdk/2.2.0/lib/tinyusb/src/tusb.c.o
                0x10006ca0                tu_edpt_stream_write_zlp_if_needed
 .text.tu_edpt_stream_write_xfer
                0x10006d08       0x70 CMakeFiles/bldc_pulse_test.dir/Users/ssnow/.pico-sdk/sdk/2.2.0/lib/tinyusb/src/tusb.c.o
                0x10006d08                tu_edpt_stream_write_xfer
 .text.tu_edpt_stream_read_xfer
                0x10006d78       0xc8 CMakeFiles/bldc_pulse_test.dir/Users/ssnow/.pico-sdk/sdk/2.2.0/lib/tinyusb/src/tusb.c.o
                0x10006d78                tu_edpt_stream_read_xfer
 .text.tu_fifo_config
                0x10006e40       0x60 CMakeFiles/bldc_pulse_test.dir/Users/ssnow/.pico-sdk/sdk/2.2.0/lib/tinyusb/src/common/tusb_fifo.c.o
                0x10006e40                tu_fifo_config
 .text.tu_fifo_count
                0x10006ea0       0x20 CMakeFiles/bldc_pulse_test.dir/Users/ssnow/.pico-sdk/sdk/2.2.0/lib/tinyusb/src/common/tusb_fifo.c.o
                0x10006ea0                tu_fifo_count
 .text.tu_fifo_empty
                0x10006ec0       0x14 CMakeFiles/bldc_pulse_test.dir/Users/ssnow/.pico-sdk/sdk/2.2.0/lib/tinyusb/src/common/tusb_fifo.c.o
                0x10006ec0                tu_fifo_empty
 .text.tu_fifo_remaining
                0x10006ed4       0x24 CMakeFiles/bldc_pulse_test.dir/Users/ssnow/.pico-sdk/sdk/2.2.0/lib/tinyusb/src/common/tusb_fifo.c.o
                0x10006ed4                tu_fifo_remaining
 .text.tu_fifo_read
                0x10006ef8       0x94 CMakeFiles/bldc_pulse_test.dir/Users/ssnow/.pico-sdk/sdk/2.2.0/lib/tinyusb/src/common/tusb_fifo.c.o
                0x10006ef8                tu_fifo_read
 .text.tu_fifo_read_n
                0x10006f8c       0xd8 CMakeFiles/bldc_pulse_test.dir/Users/ssnow/.pico-sdk/sdk/2.2.0/lib/tinyusb/src/common/tusb_fifo.c.o
                0x10006f8c                tu_fifo_read_n
 .text.tu_fifo_write
                0x10007064       0xa4 CMakeFiles/bldc_pulse_test.dir/Users/ssnow/.pico-sdk/sdk/2.2.0/lib/tinyusb/src/common/tusb_fifo.c.o
                0x10007064                tu_fifo_write
 .text.tu_fifo_write_n
                0x10007108      0x15c CMakeFiles/bldc_pulse_test.dir/Users/ssnow/.pico-sdk/sdk/2.2.0/lib/tinyusb/src/common/tusb_fifo.c.o
                0x10007108                tu_fifo_write_n
 .text.tu_fifo_clear
                0x10007264       0x38 CMakeFiles/bldc_pulse_test.dir/Users/ssnow/.pico-sdk/sdk/2.2.0/lib/tinyusb/src/common/tusb_fifo.c.o
                0x10007264                tu_fifo_clear
 .text.tu_fifo_set_overwritable
                0x1000729c       0x3c CMakeFiles/bldc_pulse_test.dir/Users/ssnow/.pico-sdk/sdk/2.2.0/lib/tinyusb/src/common/tusb_fifo.c.o
                0x1000729c                tu_fifo_set_overwritable
 .text.spi_init
                0x100072d8       0xf4 CMakeFiles/bldc_pulse_test.dir/Users/ssnow/.pico-sdk/sdk/2.2.0/src/rp2_common/hardware_spi/spi.c.o
                0x100072d8                spi_init
 .text.memset   0x100073cc       0x9c /Users/ssnow/.pico-sdk/toolchain/14_2_Rel1/bin/../lib/gcc/arm-none-eabi/14.2.1/../../../../arm-none-eabi/lib/thumb/v8-m.main+fp/softfp/libg.a(libc_a-memset.o)
                0x100073cc                memset
 .text          0x10007468       0xec /Users/ssnow/.pico-sdk/toolchain/14_2_Rel1/bin/../lib/gcc/arm-none-eabi/14.2.1/../../../../arm-none-eabi/lib/thumb/v8-m.main+fp/softfp/libg.a(libc_a-memcpy.o)
                0x10007468                memcpy
 .text.strlen   0x10007554       0x5c /Users/ssnow/.pico-sdk/toolchain/14_2_Rel1/bin/../lib/gcc/arm-none-eabi/14.2.1/../../../../arm-none-eabi/lib/thumb/v8-m.main+fp/softfp/libg.a(libc_a-strlen-stub.o)
                0x10007554                strlen
 *(.fini)
 .fini          0x100075b0        0x4 /Users/ssnow/.pico-sdk/toolchain/14_2_Rel1/bin/../lib/gcc/arm-none-eabi/14.2.1/thumb/v8-m.main+fp/softfp/crti.o
                0x100075b0                _fini
 *fill*         0x100075b4        0x4 
 .fini.__stub   0x100075b8       0x60 linker stubs
 *crtbegin.o(.ctors)
 *crtbegin?.o(.ctors)
 *(EXCLUDE_FILE(*crtend.o *crtend?.o) .ctors)
 *(SORT_BY_NAME(.ctors.*))
 *(.ctors)
 *crtbegin.o(.dtors)
 *crtbegin?.o(.dtors)
 *(EXCLUDE_FILE(*crtend.o *crtend?.o) .dtors)
 *(SORT_BY_NAME(.dtors.*))
 *(.dtors)
                0x10007618                        . = ALIGN (0x4)
                0x10007618                        PROVIDE (__preinit_array_start = .)
 *(SORT_BY_NAME(.preinit_array.*))
 .preinit_array.00050
                0x10007618        0x4 CMakeFiles/bldc_pulse_test.dir/Users/ssnow/.pico-sdk/sdk/2.2.0/src/rp2_common/pico_runtime_init/runtime_init.c.o
                0x10007618                __pre_init_runtime_init_bootrom_reset
 .preinit_array.00100
                0x1000761c        0x4 CMakeFiles/bldc_pulse_test.dir/Users/ssnow/.pico-sdk/sdk/2.2.0/src/rp2_common/pico_runtime_init/runtime_init.c.o
                0x1000761c                __pre_init_runtime_init_early_resets
 .preinit_array.00101
                0x10007620        0x4 CMakeFiles/bldc_pulse_test.dir/Users/ssnow/.pico-sdk/sdk/2.2.0/src/rp2_common/pico_runtime_init/runtime_init.c.o
                0x10007620                __pre_init_runtime_init_usb_power_down
 .preinit_array.00500
                0x10007624        0x4 CMakeFiles/bldc_pulse_test.dir/Users/ssnow/.pico-sdk/sdk/2.2.0/src/rp2_common/pico_runtime_init/runtime_init.c.o
                0x10007624                __pre_init_runtime_init_clocks
 .preinit_array.00600
                0x10007628        0x4 CMakeFiles/bldc_pulse_test.dir/Users/ssnow/.pico-sdk/sdk/2.2.0/src/rp2_common/pico_runtime_init/runtime_init.c.o
                0x10007628                __pre_init_runtime_init_post_clock_resets
 .preinit_array.01000
                0x1000762c        0x4 CMakeFiles/bldc_pulse_test.dir/Users/ssnow/.pico-sdk/sdk/2.2.0/src/rp2_common/hardware_boot_lock/boot_lock.c.o
                0x1000762c                __pre_init_runtime_init_boot_locks_reset
 .preinit_array.01000
                0x10007630        0x4 CMakeFiles/bldc_pulse_test.dir/Users/ssnow/.pico-sdk/sdk/2.2.0/src/rp2_common/pico_runtime_init/runtime_init.c.o
                0x10007630                __pre_init_runtime_init_spin_locks_reset
 .preinit_array.01010
                0x10007634        0x4 CMakeFiles/bldc_pulse_test.dir/Users/ssnow/.pico-sdk/sdk/2.2.0/src/rp2_common/pico_bootrom/bootrom_lock.c.o
                0x10007634                __pre_init_runtime_init_bootrom_locking_enable
 .preinit_array.01100
                0x10007638        0x4 CMakeFiles/bldc_pulse_test.dir/Users/ssnow/.pico-sdk/sdk/2.2.0/src/common/pico_sync/mutex.c.o
                0x10007638                __pre_init_runtime_init_mutex
 .preinit_array.10080
                0x1000763c        0x4 CMakeFiles/bldc_pulse_test.dir/Users/ssnow/.pico-sdk/sdk/2.2.0/src/rp2_common/pico_runtime_init/runtime_init.c.o
                0x1000763c                __pre_init_runtime_init_install_ram_vector_table
 .preinit_array.11000
                0x10007640        0x4 CMakeFiles/bldc_pulse_test.dir/Users/ssnow/.pico-sdk/sdk/2.2.0/src/common/pico_time/time.c.o
                0x10007640                __pre_init_runtime_init_default_alarm_pool
 .preinit_array.YYYYY
                0x10007644        0x4 CMakeFiles/bldc_pulse_test.dir/Users/ssnow/.pico-sdk/sdk/2.2.0/src/rp2_common/pico_runtime/runtime.c.o
                0x10007644                __pre_init_first_per_core_initializer
 .preinit_array.ZZZZZ.00051
                0x10007648        0x4 CMakeFiles/bldc_pulse_test.dir/Users/ssnow/.pico-sdk/sdk/2.2.0/src/rp2_common/pico_runtime_init/runtime_init.c.o
                0x10007648                __pre_init_runtime_init_per_core_bootrom_reset
 .preinit_array.ZZZZZ.00200
                0x1000764c        0x4 CMakeFiles/bldc_pulse_test.dir/Users/ssnow/.pico-sdk/sdk/2.2.0/src/rp2_common/pico_runtime_init/runtime_init.c.o
                0x1000764c                __pre_init_runtime_init_per_core_enable_coprocessors
 .preinit_array.ZZZZZ.01000
                0x10007650        0x4 CMakeFiles/bldc_pulse_test.dir/Users/ssnow/.pico-sdk/sdk/2.2.0/src/rp2_common/hardware_sync_spin_lock/sync_spin_lock.c.o
                0x10007650                __pre_init_spinlock_set_extexclall
 .preinit_array.ZZZZZ.01200
                0x10007654        0x4 CMakeFiles/bldc_pulse_test.dir/Users/ssnow/.pico-sdk/sdk/2.2.0/src/rp2_common/hardware_irq/irq.c.o
                0x10007654                __pre_init_runtime_init_per_core_irq_priorities
 *(.preinit_array)
                0x10007658                        PROVIDE (__preinit_array_end = .)
                0x10007658                        . = ALIGN (0x4)
                0x10007658                        PROVIDE (__init_array_start = .)
 *(SORT_BY_NAME(.init_array.*))
 .init_array.01000
                0x10007658        0x4 CMakeFiles/bldc_pulse_test.dir/Users/ssnow/.pico-sdk/sdk/2.2.0/src/rp2_common/pico_unique_id/unique_id.c.o
 *(.init_array)
 .init_array    0x1000765c        0x4 /Users/ssnow/.pico-sdk/toolchain/14_2_Rel1/bin/../lib/gcc/arm-none-eabi/14.2.1/thumb/v8-m.main+fp/softfp/crtbegin.o
 .init_array    0x10007660        0x4 CMakeFiles/bldc_pulse_test.dir/main.cpp.o
                0x10007664                        PROVIDE (__init_array_end = .)
                0x10007664                        . = ALIGN (0x4)
                [!provide]                        PROVIDE (__fini_array_start = .)
 *(SORT_BY_NAME(.fini_array.*))
 *(.fini_array)
                [!provide]                        PROVIDE (__fini_array_end = .)
 *(.eh_frame*)
 .eh_frame      0x10007664        0x0 /Users/ssnow/.pico-sdk/toolchain/14_2_Rel1/bin/../lib/gcc/arm-none-eabi/14.2.1/thumb/v8-m.main+fp/softfp/crtbegin.o
                0x10007664                        . = ALIGN (0x4)

.glue_7         0x10007664        0x0
 .glue_7        0x10007664        0x0 linker stubs

.glue_7t        0x10007664        0x0
 .glue_7t       0x10007664        0x0 linker stubs

.vfp11_veneer   0x10007664        0x0
 .vfp11_veneer  0x10007664        0x0 linker stubs

.v4_bx          0x10007664        0x0
 .v4_bx         0x10007664        0x0 linker stubs

.iplt           0x10007664        0x0
 .iplt          0x10007664        0x0 /Users/ssnow/.pico-sdk/toolchain/14_2_Rel1/bin/../lib/gcc/arm-none-eabi/14.2.1/thumb/v8-m.main+fp/softfp/crtbegin.o

.boot2          0x10007664        0x0
                0x10007664                        __boot2_start__ = .
 *(.boot2)
                0x10007664                        __boot2_end__ = .
                0x00000001                        ASSERT (((__boot2_end__ - __boot2_start__) <= 0x100), ERROR: Pico second stage bootloader must be no more than 256 bytes in size)

.rodata         0x10007668      0xdc4
 *(EXCLUDE_FILE(*libm.a: *libc.a:*lib_a-mem*.o *libgcc.a:) .rodata*)
 .rodata._Z13setup_displayv.str1.4
                0x10007668      0xb50 CMakeFiles/bldc_pulse_test.dir/main.cpp.o
                                 0x16 (size before relaxing)
 .rodata._Z12display_menuv.str1.4
                0x100081b8      0x24b CMakeFiles/bldc_pulse_test.dir/main.cpp.o
 .rodata._Z13btn1_callbackv.str1.4
                0x100081b8        0xf CMakeFiles/bldc_pulse_test.dir/main.cpp.o
 .rodata._Z13btn2_callbackv.str1.4
                0x100081b8       0x41 CMakeFiles/bldc_pulse_test.dir/main.cpp.o
 .rodata._Z21display_pulse_monitorv.str1.4
                0x100081b8      0x11e CMakeFiles/bldc_pulse_test.dir/main.cpp.o
 .rodata._Z16display_pwm_rampv.str1.4
                0x100081b8       0xa4 CMakeFiles/bldc_pulse_test.dir/main.cpp.o
 .rodata._Z22display_direction_testv.str1.4
                0x100081b8       0x8e CMakeFiles/bldc_pulse_test.dir/main.cpp.o
 .rodata._Z18display_brake_testv.str1.4
                0x100081b8       0xc6 CMakeFiles/bldc_pulse_test.dir/main.cpp.o
 .rodata.main.str1.4
                0x100081b8      0x1d5 CMakeFiles/bldc_pulse_test.dir/main.cpp.o
 .rodata.str1.4
                0x100081b8       0x70 CMakeFiles/bldc_pulse_test.dir/main.cpp.o
 .rodata        0x100081b8       0x14 CMakeFiles/bldc_pulse_test.dir/main.cpp.o
 .rodata._ZN10ST7796_TFT13hardwareResetEv.str1.4
                0x100081cc       0x1c CMakeFiles/bldc_pulse_test.dir/ST7796S_TFT.cpp.o
 .rodata._ZN10ST7796_TFT4initEv.str1.4
                0x100081cc       0xc4 CMakeFiles/bldc_pulse_test.dir/ST7796S_TFT.cpp.o
 .rodata._ZN14BLDCSpeedPulse4initEv.str1.4
                0x100081cc       0x50 CMakeFiles/bldc_pulse_test.dir/bldc_speed_pulse.cpp.o
 .rodata._ZN14BLDCSpeedPulse5resetEv.str1.4
                0x100081cc       0x1c CMakeFiles/bldc_pulse_test.dir/bldc_speed_pulse.cpp.o
 .rodata._ZN13ButtonControl21gpio_callback_wrapperEjm.str1.4
                0x100081cc       0x3d CMakeFiles/bldc_pulse_test.dir/button_control.cpp.o
 .rodata._ZN13ButtonControl4initEv.str1.4
                0x100081cc       0x30 CMakeFiles/bldc_pulse_test.dir/button_control.cpp.o
 .rodata.panic.str1.4
                0x100081cc       0x12 CMakeFiles/bldc_pulse_test.dir/Users/ssnow/.pico-sdk/sdk/2.2.0/src/rp2_common/pico_platform_panic/panic.c.o
 .rodata.spin_lock_claim_unused.str1.4
                0x100081cc       0x1b CMakeFiles/bldc_pulse_test.dir/Users/ssnow/.pico-sdk/sdk/2.2.0/src/rp2_common/hardware_sync/sync.c.o
 .rodata.user_irq_claim_unused.str1.4
                0x100081cc       0x1b CMakeFiles/bldc_pulse_test.dir/Users/ssnow/.pico-sdk/sdk/2.2.0/src/rp2_common/hardware_irq/irq.c.o
 .rodata.timer_hardware_alarm_claim.str1.4
                0x100081cc       0x22 CMakeFiles/bldc_pulse_test.dir/Users/ssnow/.pico-sdk/sdk/2.2.0/src/rp2_common/hardware_timer/timer.c.o
 .rodata.hard_assertion_failure.str1.4
                0x100081cc        0xc CMakeFiles/bldc_pulse_test.dir/Users/ssnow/.pico-sdk/sdk/2.2.0/src/rp2_common/pico_runtime/runtime.c.o
 .rodata.str1.4
                0x100081cc       0x44 CMakeFiles/bldc_pulse_test.dir/Users/ssnow/.pico-sdk/sdk/2.2.0/src/rp2_common/pico_standard_binary_info/standard_binary_info.c.o
 .rodata.__bi_84
                0x100081cc        0xc CMakeFiles/bldc_pulse_test.dir/Users/ssnow/.pico-sdk/sdk/2.2.0/src/rp2_common/pico_standard_binary_info/standard_binary_info.c.o
 .rodata.__bi_78
                0x100081d8        0xc CMakeFiles/bldc_pulse_test.dir/Users/ssnow/.pico-sdk/sdk/2.2.0/src/rp2_common/pico_standard_binary_info/standard_binary_info.c.o
 .rodata.__bi_54
                0x100081e4        0xc CMakeFiles/bldc_pulse_test.dir/Users/ssnow/.pico-sdk/sdk/2.2.0/src/rp2_common/pico_standard_binary_info/standard_binary_info.c.o
 .rodata.__bi_48
                0x100081f0        0xc CMakeFiles/bldc_pulse_test.dir/Users/ssnow/.pico-sdk/sdk/2.2.0/src/rp2_common/pico_standard_binary_info/standard_binary_info.c.o
 .rodata.__bi_42
                0x100081fc        0xc CMakeFiles/bldc_pulse_test.dir/Users/ssnow/.pico-sdk/sdk/2.2.0/src/rp2_common/pico_standard_binary_info/standard_binary_info.c.o
 .rodata.__bi_34
                0x10008208        0xc CMakeFiles/bldc_pulse_test.dir/Users/ssnow/.pico-sdk/sdk/2.2.0/src/rp2_common/pico_standard_binary_info/standard_binary_info.c.o
 .rodata.__bi_26
                0x10008214        0xc CMakeFiles/bldc_pulse_test.dir/Users/ssnow/.pico-sdk/sdk/2.2.0/src/rp2_common/pico_standard_binary_info/standard_binary_info.c.o
 .rodata._ftoa.str1.4
                0x10008220       0x15 CMakeFiles/bldc_pulse_test.dir/Users/ssnow/.pico-sdk/sdk/2.2.0/src/rp2_common/pico_printf/printf.c.o
 .rodata.pow10.0
                0x10008220       0x50 CMakeFiles/bldc_pulse_test.dir/Users/ssnow/.pico-sdk/sdk/2.2.0/src/rp2_common/pico_printf/printf.c.o
 .rodata.crlf_str.0
                0x10008270        0x2 CMakeFiles/bldc_pulse_test.dir/Users/ssnow/.pico-sdk/sdk/2.2.0/src/rp2_common/pico_stdio/stdio.c.o
 *fill*         0x10008272        0x2 
 .rodata._resetd_driver
                0x10008274       0x20 CMakeFiles/bldc_pulse_test.dir/Users/ssnow/.pico-sdk/sdk/2.2.0/src/rp2_common/pico_stdio_usb/reset_interface.c.o
 .rodata.desc_ms_os_20
                0x10008294       0xa6 CMakeFiles/bldc_pulse_test.dir/Users/ssnow/.pico-sdk/sdk/2.2.0/src/rp2_common/pico_stdio_usb/reset_interface.c.o
 *fill*         0x1000833a        0x2 
 .rodata.desc_bos
                0x1000833c       0x21 CMakeFiles/bldc_pulse_test.dir/Users/ssnow/.pico-sdk/sdk/2.2.0/src/rp2_common/pico_stdio_usb/reset_interface.c.o
                0x1000833c                desc_bos
 .rodata.str1.4
                0x1000835d       0x13 CMakeFiles/bldc_pulse_test.dir/Users/ssnow/.pico-sdk/sdk/2.2.0/src/rp2_common/pico_stdio_usb/stdio_usb.c.o
 *fill*         0x1000835d        0x3 
 .rodata.__bi_202.0
                0x10008360        0xc CMakeFiles/bldc_pulse_test.dir/Users/ssnow/.pico-sdk/sdk/2.2.0/src/rp2_common/pico_stdio_usb/stdio_usb.c.o
 .rodata.str1.4
                0x1000836c       0x2a CMakeFiles/bldc_pulse_test.dir/Users/ssnow/.pico-sdk/sdk/2.2.0/src/rp2_common/pico_stdio_usb/stdio_usb_descriptors.c.o
 .rodata.usbd_desc_str
                0x1000836c       0x18 CMakeFiles/bldc_pulse_test.dir/Users/ssnow/.pico-sdk/sdk/2.2.0/src/rp2_common/pico_stdio_usb/stdio_usb_descriptors.c.o
 .rodata.usbd_desc_cfg
                0x10008384       0x54 CMakeFiles/bldc_pulse_test.dir/Users/ssnow/.pico-sdk/sdk/2.2.0/src/rp2_common/pico_stdio_usb/stdio_usb_descriptors.c.o
 .rodata.usbd_desc_device
                0x100083d8       0x12 CMakeFiles/bldc_pulse_test.dir/Users/ssnow/.pico-sdk/sdk/2.2.0/src/rp2_common/pico_stdio_usb/stdio_usb_descriptors.c.o
 .rodata.str1.4
                0x100083ea       0x14 CMakeFiles/bldc_pulse_test.dir/Users/ssnow/.pico-sdk/sdk/2.2.0/lib/tinyusb/src/portable/raspberrypi/rp2040/dcd_rp2040.c.o
 .rodata.str1.4
                0x100083ea       0x48 CMakeFiles/bldc_pulse_test.dir/Users/ssnow/.pico-sdk/sdk/2.2.0/lib/tinyusb/src/portable/raspberrypi/rp2040/rp2040_usb.c.o
 *fill*         0x100083ea        0x2 
 .rodata._usbd_driver
                0x100083ec       0x40 CMakeFiles/bldc_pulse_test.dir/Users/ssnow/.pico-sdk/sdk/2.2.0/lib/tinyusb/src/device/usbd.c.o
 *(.srodata*)
                0x1000842c                        . = ALIGN (0x4)
 *(SORT_BY_ALIGNMENT(SORT_BY_NAME(.flashdata*)))
                0x1000842c                        . = ALIGN (0x4)

.ARM.extab
 *(.ARM.extab* .gnu.linkonce.armextab.*)
                0x1000842c                        __exidx_start = .

.ARM.exidx      0x1000842c        0x8
 *(.ARM.exidx* .gnu.linkonce.armexidx.*)
 .ARM.exidx     0x1000842c        0x8 /Users/ssnow/.pico-sdk/toolchain/14_2_Rel1/bin/../lib/gcc/arm-none-eabi/14.2.1/../../../../arm-none-eabi/lib/thumb/v8-m.main+fp/softfp/libg.a(libc_a-memcpy.o)
 .ARM.exidx.text.__udivmoddi4
                0x10008434        0x0 /Users/ssnow/.pico-sdk/toolchain/14_2_Rel1/bin/../lib/gcc/arm-none-eabi/14.2.1/thumb/v8-m.main+fp/softfp/libgcc.a(_udivmoddi4.o)
                                  0x8 (size before relaxing)
                0x10008434                        __exidx_end = .
                0x10008434                        . = ALIGN (0x4)
                0x10008434                        __binary_info_start = .

.binary_info    0x10008434       0x20
 *(.binary_info.keep.*)
 .binary_info.keep.__bi_ptr84
                0x10008434        0x4 CMakeFiles/bldc_pulse_test.dir/Users/ssnow/.pico-sdk/sdk/2.2.0/src/rp2_common/pico_standard_binary_info/standard_binary_info.c.o
 .binary_info.keep.__bi_ptr78
                0x10008438        0x4 CMakeFiles/bldc_pulse_test.dir/Users/ssnow/.pico-sdk/sdk/2.2.0/src/rp2_common/pico_standard_binary_info/standard_binary_info.c.o
 .binary_info.keep.__bi_ptr54
                0x1000843c        0x4 CMakeFiles/bldc_pulse_test.dir/Users/ssnow/.pico-sdk/sdk/2.2.0/src/rp2_common/pico_standard_binary_info/standard_binary_info.c.o
 .binary_info.keep.__bi_ptr48
                0x10008440        0x4 CMakeFiles/bldc_pulse_test.dir/Users/ssnow/.pico-sdk/sdk/2.2.0/src/rp2_common/pico_standard_binary_info/standard_binary_info.c.o
 .binary_info.keep.__bi_ptr42
                0x10008444        0x4 CMakeFiles/bldc_pulse_test.dir/Users/ssnow/.pico-sdk/sdk/2.2.0/src/rp2_common/pico_standard_binary_info/standard_binary_info.c.o
 .binary_info.keep.__bi_ptr34
                0x10008448        0x4 CMakeFiles/bldc_pulse_test.dir/Users/ssnow/.pico-sdk/sdk/2.2.0/src/rp2_common/pico_standard_binary_info/standard_binary_info.c.o
 .binary_info.keep.__bi_ptr26
                0x1000844c        0x4 CMakeFiles/bldc_pulse_test.dir/Users/ssnow/.pico-sdk/sdk/2.2.0/src/rp2_common/pico_standard_binary_info/standard_binary_info.c.o
 *(.binary_info.*)
 .binary_info.__bi_ptr202
                0x10008450        0x4 CMakeFiles/bldc_pulse_test.dir/Users/ssnow/.pico-sdk/sdk/2.2.0/src/rp2_common/pico_stdio_usb/stdio_usb.c.o
                0x10008454                        __binary_info_end = .
                0x10008454                        . = ALIGN (0x4)

.ram_vector_table
                0x20000000      0x110
 *(.ram_vector_table)
 .ram_vector_table
                0x20000000      0x110 CMakeFiles/bldc_pulse_test.dir/Users/ssnow/.pico-sdk/sdk/2.2.0/src/rp2_common/pico_runtime_init/runtime_init.c.o
                0x20000000                ram_vector_table

.uninitialized_data
                0x20000110        0x0
                0x20000110                        . = ALIGN (0x4)
 *(.uninitialized_data*)

.data           0x20000110     0x151c load address 0x10008454
                0x20000110                        __data_start__ = .
 *(vtable)
 *(.time_critical*)
 .time_critical.mutex_try_enter
                0x20000110       0x50 CMakeFiles/bldc_pulse_test.dir/Users/ssnow/.pico-sdk/sdk/2.2.0/src/common/pico_sync/mutex.c.o
                0x20000110                mutex_try_enter
 .time_critical.mutex_enter_block_until
                0x20000160       0x6c CMakeFiles/bldc_pulse_test.dir/Users/ssnow/.pico-sdk/sdk/2.2.0/src/common/pico_sync/mutex.c.o
                0x20000160                mutex_enter_block_until
 .time_critical.mutex_try_enter_block_until
                0x200001cc       0x68 CMakeFiles/bldc_pulse_test.dir/Users/ssnow/.pico-sdk/sdk/2.2.0/src/common/pico_sync/mutex.c.o
                0x200001cc                mutex_try_enter_block_until
 .time_critical.mutex_enter_timeout_ms
                0x20000234       0x38 CMakeFiles/bldc_pulse_test.dir/Users/ssnow/.pico-sdk/sdk/2.2.0/src/common/pico_sync/mutex.c.o
                0x20000234                mutex_enter_timeout_ms
 .time_critical.mutex_exit
                0x2000026c       0x3c CMakeFiles/bldc_pulse_test.dir/Users/ssnow/.pico-sdk/sdk/2.2.0/src/common/pico_sync/mutex.c.o
                0x2000026c                mutex_exit
 .time_critical.reset_non_control_endpoints
                0x200002a8       0x64 CMakeFiles/bldc_pulse_test.dir/Users/ssnow/.pico-sdk/sdk/2.2.0/lib/tinyusb/src/portable/raspberrypi/rp2040/dcd_rp2040.c.o
 .time_critical.hw_handle_buff_status
                0x2000030c       0x90 CMakeFiles/bldc_pulse_test.dir/Users/ssnow/.pico-sdk/sdk/2.2.0/lib/tinyusb/src/portable/raspberrypi/rp2040/dcd_rp2040.c.o
 .time_critical.dcd_rp2040_irq
                0x2000039c      0x530 CMakeFiles/bldc_pulse_test.dir/Users/ssnow/.pico-sdk/sdk/2.2.0/lib/tinyusb/src/portable/raspberrypi/rp2040/dcd_rp2040.c.o
 .time_critical.prepare_ep_buffer
                0x200008cc       0xc0 CMakeFiles/bldc_pulse_test.dir/Users/ssnow/.pico-sdk/sdk/2.2.0/lib/tinyusb/src/portable/raspberrypi/rp2040/rp2040_usb.c.o
 .time_critical.sync_ep_buffer
                0x2000098c       0xb4 CMakeFiles/bldc_pulse_test.dir/Users/ssnow/.pico-sdk/sdk/2.2.0/lib/tinyusb/src/portable/raspberrypi/rp2040/rp2040_usb.c.o
 .time_critical._hw_endpoint_xfer_sync
                0x20000a40       0x2c CMakeFiles/bldc_pulse_test.dir/Users/ssnow/.pico-sdk/sdk/2.2.0/lib/tinyusb/src/portable/raspberrypi/rp2040/rp2040_usb.c.o
 .time_critical.e15_is_bulkin_ep
                0x20000a6c       0x28 CMakeFiles/bldc_pulse_test.dir/Users/ssnow/.pico-sdk/sdk/2.2.0/lib/tinyusb/src/portable/raspberrypi/rp2040/rp2040_usb.c.o
 .time_critical.e15_is_critical_frame_period
                0x20000a94       0x28 CMakeFiles/bldc_pulse_test.dir/Users/ssnow/.pico-sdk/sdk/2.2.0/lib/tinyusb/src/portable/raspberrypi/rp2040/rp2040_usb.c.o
 .time_critical.hw_endpoint_reset_transfer
                0x20000abc        0xc CMakeFiles/bldc_pulse_test.dir/Users/ssnow/.pico-sdk/sdk/2.2.0/lib/tinyusb/src/portable/raspberrypi/rp2040/rp2040_usb.c.o
                0x20000abc                hw_endpoint_reset_transfer
 .time_critical._hw_endpoint_buffer_control_update32
                0x20000ac8       0x44 CMakeFiles/bldc_pulse_test.dir/Users/ssnow/.pico-sdk/sdk/2.2.0/lib/tinyusb/src/portable/raspberrypi/rp2040/rp2040_usb.c.o
                0x20000ac8                _hw_endpoint_buffer_control_update32
 .time_critical.hw_endpoint_start_next_buffer
                0x20000b0c       0x64 CMakeFiles/bldc_pulse_test.dir/Users/ssnow/.pico-sdk/sdk/2.2.0/lib/tinyusb/src/portable/raspberrypi/rp2040/rp2040_usb.c.o
                0x20000b0c                hw_endpoint_start_next_buffer
 .time_critical.hw_endpoint_xfer_continue
                0x20000b70       0x3c CMakeFiles/bldc_pulse_test.dir/Users/ssnow/.pico-sdk/sdk/2.2.0/lib/tinyusb/src/portable/raspberrypi/rp2040/rp2040_usb.c.o
                0x20000b70                hw_endpoint_xfer_continue
 .time_critical.tinyusb
                0x20000bac      0x224 CMakeFiles/bldc_pulse_test.dir/Users/ssnow/.pico-sdk/sdk/2.2.0/lib/tinyusb/src/device/usbd.c.o
                0x20000bac                dcd_event_handler
 .time_critical.spi_write_blocking
                0x20000dd0       0x90 CMakeFiles/bldc_pulse_test.dir/Users/ssnow/.pico-sdk/sdk/2.2.0/src/rp2_common/hardware_spi/spi.c.o
                0x20000dd0                spi_write_blocking
 *(.text*)
 .text          0x20000e60      0x378 /Users/ssnow/.pico-sdk/toolchain/14_2_Rel1/bin/../lib/gcc/arm-none-eabi/14.2.1/thumb/v8-m.main+fp/softfp/libgcc.a(_arm_addsubdf3.o)
                0x20000e60                __aeabi_drsub
                0x20000e68                __subdf3
                0x20000e68                __aeabi_dsub
                0x20000e6c                __aeabi_dadd
                0x20000e6c                __adddf3
                0x200010e4                __aeabi_ui2d
                0x200010e4                __floatunsidf
                0x20001104                __floatsidf
                0x20001104                __aeabi_i2d
                0x20001128                __extendsfdf2
                0x20001128                __aeabi_f2d
                0x2000116c                __aeabi_ul2d
                0x2000116c                __floatundidf
                0x2000117c                __aeabi_l2d
                0x2000117c                __floatdidf
 .text          0x200011d8       0x30 /Users/ssnow/.pico-sdk/toolchain/14_2_Rel1/bin/../lib/gcc/arm-none-eabi/14.2.1/thumb/v8-m.main+fp/softfp/libgcc.a(_aeabi_uldivmod.o)
                0x200011d8                __aeabi_uldivmod
 .text.__udivmoddi4
                0x20001208      0x34c /Users/ssnow/.pico-sdk/toolchain/14_2_Rel1/bin/../lib/gcc/arm-none-eabi/14.2.1/thumb/v8-m.main+fp/softfp/libgcc.a(_udivmoddi4.o)
                0x20001208                __udivmoddi4
 .text          0x20001554        0x4 /Users/ssnow/.pico-sdk/toolchain/14_2_Rel1/bin/../lib/gcc/arm-none-eabi/14.2.1/thumb/v8-m.main+fp/softfp/libgcc.a(_dvmd_tls.o)
                0x20001554                __aeabi_ldiv0
                0x20001554                __aeabi_idiv0
 .text.__stub   0x20001558       0x30 linker stubs
                0x20001588                        . = ALIGN (0x4)
 *(.rodata*)
                0x20001588                        . = ALIGN (0x4)
 *(.data*)
 .data.striped_spin_lock_num
                0x20001588        0x1 CMakeFiles/bldc_pulse_test.dir/Users/ssnow/.pico-sdk/sdk/2.2.0/src/rp2_common/hardware_sync/sync.c.o
 *fill*         0x20001589        0x3 
 .data          0x2000158c       0x48 CMakeFiles/bldc_pulse_test.dir/Users/ssnow/.pico-sdk/sdk/2.2.0/src/rp2_common/hardware_irq/irq_handler_chain.S.o
                0x2000158c                irq_handler_chain_slots
                0x200015bc                irq_handler_chain_first_slot
                0x200015c6                irq_handler_chain_remove_tail
 .data.default_alarm_pool
                0x200015d4       0x18 CMakeFiles/bldc_pulse_test.dir/Users/ssnow/.pico-sdk/sdk/2.2.0/src/common/pico_time/time.c.o
 .data.stdio_usb
                0x200015ec       0x18 CMakeFiles/bldc_pulse_test.dir/Users/ssnow/.pico-sdk/sdk/2.2.0/src/rp2_common/pico_stdio_usb/stdio_usb.c.o
                0x200015ec                stdio_usb
 .data._usbd_qdef
                0x20001604       0x1c CMakeFiles/bldc_pulse_test.dir/Users/ssnow/.pico-sdk/sdk/2.2.0/lib/tinyusb/src/device/usbd.c.o
                0x20001604                _usbd_qdef
 .data._usbd_rhport
                0x20001620        0x1 CMakeFiles/bldc_pulse_test.dir/Users/ssnow/.pico-sdk/sdk/2.2.0/lib/tinyusb/src/device/usbd.c.o
 *(.sdata*)
                0x20001624                        . = ALIGN (0x4)
 *fill*         0x20001621        0x3 
 *(.after_data.*)
                0x20001624                        . = ALIGN (0x4)
                0x20001624                        PROVIDE (__mutex_array_start = .)
 *(SORT_BY_NAME(.mutex_array.*))
 *(.mutex_array)
 .mutex_array   0x20001624        0x8 CMakeFiles/bldc_pulse_test.dir/Users/ssnow/.pico-sdk/sdk/2.2.0/src/rp2_common/pico_stdio/stdio.c.o
                0x2000162c                        PROVIDE (__mutex_array_end = .)
 *(.jcr)
                0x2000162c                        . = ALIGN (0x4)

.tm_clone_table
                0x2000162c        0x0 load address 0x10009970
 .tm_clone_table
                0x2000162c        0x0 /Users/ssnow/.pico-sdk/toolchain/14_2_Rel1/bin/../lib/gcc/arm-none-eabi/14.2.1/thumb/v8-m.main+fp/softfp/crtbegin.o
 .tm_clone_table
                0x2000162c        0x0 /Users/ssnow/.pico-sdk/toolchain/14_2_Rel1/bin/../lib/gcc/arm-none-eabi/14.2.1/thumb/v8-m.main+fp/softfp/crtend.o

.igot.plt       0x2000162c        0x0 load address 0x10009970
 .igot.plt      0x2000162c        0x0 /Users/ssnow/.pico-sdk/toolchain/14_2_Rel1/bin/../lib/gcc/arm-none-eabi/14.2.1/thumb/v8-m.main+fp/softfp/crtbegin.o

.tdata          0x2000162c        0x0 load address 0x10009970
                0x2000162c                        . = ALIGN (0x4)
 *(.tdata .tdata.* .gnu.linkonce.td.*)
                0x2000162c                        __tdata_end = .
                0x2000162c                        PROVIDE (__data_end__ = .)
                0x10008454                        __etext = LOADADDR (.data)

.tbss           0x2000162c        0x0 load address 0x10009970
                0x2000162c                        . = ALIGN (0x4)
                0x2000162c                        __bss_start__ = .
                0x2000162c                        __tls_base = .
 *(.tbss .tbss.* .gnu.linkonce.tb.*)
 *(.tcommon)
                0x2000162c                        __tls_end = .

.bss            0x20001630      0xc98 load address 0x10009970
                0x20001630                        . = ALIGN (0x4)
                0x20001630                        __tbss_end = .
 *(SORT_BY_ALIGNMENT(SORT_BY_NAME(.bss*)))
 .bss.default_alarm_pool_entries
                0x20001630      0x180 CMakeFiles/bldc_pulse_test.dir/Users/ssnow/.pico-sdk/sdk/2.2.0/src/common/pico_time/time.c.o
 .bss.last_avail_time.1
                0x200017b0        0x8 CMakeFiles/bldc_pulse_test.dir/Users/ssnow/.pico-sdk/sdk/2.2.0/src/rp2_common/pico_stdio_usb/stdio_usb.c.o
 .bss._ZL17g_button_instance
                0x200017b8        0x4 CMakeFiles/bldc_pulse_test.dir/button_control.cpp.o
 .bss._ZL22g_speed_pulse_instance
                0x200017bc        0x4 CMakeFiles/bldc_pulse_test.dir/bldc_speed_pulse.cpp.o
 .bss._app_driver
                0x200017c0        0x4 CMakeFiles/bldc_pulse_test.dir/Users/ssnow/.pico-sdk/sdk/2.2.0/lib/tinyusb/src/device/usbd.c.o
 .bss._cdcd_epbuf
                0x200017c4       0x80 CMakeFiles/bldc_pulse_test.dir/Users/ssnow/.pico-sdk/sdk/2.2.0/lib/tinyusb/src/class/cdc/cdc_device.c.o
 .bss._cdcd_fifo_cfg
                0x20001844        0x1 CMakeFiles/bldc_pulse_test.dir/Users/ssnow/.pico-sdk/sdk/2.2.0/lib/tinyusb/src/class/cdc/cdc_device.c.o
 *fill*         0x20001845        0x3 
 .bss._cdcd_itf
                0x20001848       0xc8 CMakeFiles/bldc_pulse_test.dir/Users/ssnow/.pico-sdk/sdk/2.2.0/lib/tinyusb/src/class/cdc/cdc_device.c.o
 .bss._ctrl_epbuf
                0x20001910       0x40 CMakeFiles/bldc_pulse_test.dir/Users/ssnow/.pico-sdk/sdk/2.2.0/lib/tinyusb/src/device/usbd_control.c.o
 .bss._ctrl_xfer
                0x20001950       0x14 CMakeFiles/bldc_pulse_test.dir/Users/ssnow/.pico-sdk/sdk/2.2.0/lib/tinyusb/src/device/usbd_control.c.o
 .bss._sw_spin_locks
                0x20001964       0x20 CMakeFiles/bldc_pulse_test.dir/Users/ssnow/.pico-sdk/sdk/2.2.0/src/rp2_common/hardware_sync_spin_lock/sync_spin_lock.c.o
                0x20001964                _sw_spin_locks
 .bss._tusb_rhport_role
                0x20001984        0x2 CMakeFiles/bldc_pulse_test.dir/Users/ssnow/.pico-sdk/sdk/2.2.0/lib/tinyusb/src/tusb.c.o
                0x20001984                _tusb_rhport_role
 *fill*         0x20001986        0x2 
 .bss._ubsd_mutexdef
                0x20001988        0x8 CMakeFiles/bldc_pulse_test.dir/Users/ssnow/.pico-sdk/sdk/2.2.0/lib/tinyusb/src/device/usbd.c.o
 .bss._usbd_dev
                0x20001990       0x54 CMakeFiles/bldc_pulse_test.dir/Users/ssnow/.pico-sdk/sdk/2.2.0/lib/tinyusb/src/device/usbd.c.o
 .bss._usbd_mutex
                0x200019e4        0x4 CMakeFiles/bldc_pulse_test.dir/Users/ssnow/.pico-sdk/sdk/2.2.0/lib/tinyusb/src/device/usbd.c.o
 .bss._usbd_q   0x200019e8        0x4 CMakeFiles/bldc_pulse_test.dir/Users/ssnow/.pico-sdk/sdk/2.2.0/lib/tinyusb/src/device/usbd.c.o
 .bss._usbd_qdef_buf
                0x200019ec       0xc0 CMakeFiles/bldc_pulse_test.dir/Users/ssnow/.pico-sdk/sdk/2.2.0/lib/tinyusb/src/device/usbd.c.o
                0x200019ec                _usbd_qdef_buf
 .bss._vendord_epbuf
                0x20001aac       0x80 CMakeFiles/bldc_pulse_test.dir/Users/ssnow/.pico-sdk/sdk/2.2.0/lib/tinyusb/src/class/vendor/vendor_device.c.o
 .bss._vendord_itf
                0x20001b2c      0x24c CMakeFiles/bldc_pulse_test.dir/Users/ssnow/.pico-sdk/sdk/2.2.0/lib/tinyusb/src/class/vendor/vendor_device.c.o
 .bss.bldc      0x20001d78        0x4 CMakeFiles/bldc_pulse_test.dir/main.cpp.o
                0x20001d78                bldc
 .bss.buttons   0x20001d7c       0x1c CMakeFiles/bldc_pulse_test.dir/main.cpp.o
                0x20001d7c                buttons
 .bss.callbacks
                0x20001d98        0x8 CMakeFiles/bldc_pulse_test.dir/Users/ssnow/.pico-sdk/sdk/2.2.0/src/rp2_common/hardware_gpio/gpio.c.o
 .bss.chars_available_callback
                0x20001da0        0x4 CMakeFiles/bldc_pulse_test.dir/Users/ssnow/.pico-sdk/sdk/2.2.0/src/rp2_common/pico_stdio_usb/stdio_usb.c.o
 .bss.chars_available_param
                0x20001da4        0x4 CMakeFiles/bldc_pulse_test.dir/Users/ssnow/.pico-sdk/sdk/2.2.0/src/rp2_common/pico_stdio_usb/stdio_usb.c.o
 .bss.claimed   0x20001da8        0x4 CMakeFiles/bldc_pulse_test.dir/Users/ssnow/.pico-sdk/sdk/2.2.0/src/rp2_common/hardware_sync/sync.c.o
 .bss.claimed   0x20001dac        0x2 CMakeFiles/bldc_pulse_test.dir/Users/ssnow/.pico-sdk/sdk/2.2.0/src/rp2_common/hardware_timer/timer.c.o
 *fill*         0x20001dae        0x2 
 .bss.configured_freq
                0x20001db0       0x28 CMakeFiles/bldc_pulse_test.dir/Users/ssnow/.pico-sdk/sdk/2.2.0/src/rp2_common/hardware_clocks/clocks.c.o
 .bss.desc_str.0
                0x20001dd8       0x28 CMakeFiles/bldc_pulse_test.dir/Users/ssnow/.pico-sdk/sdk/2.2.0/src/rp2_common/pico_stdio_usb/stdio_usb_descriptors.c.o
 .bss.drivers   0x20001e00        0x4 CMakeFiles/bldc_pulse_test.dir/Users/ssnow/.pico-sdk/sdk/2.2.0/src/rp2_common/pico_stdio/stdio.c.o
 .bss.e15_last_sof
                0x20001e04        0x4 CMakeFiles/bldc_pulse_test.dir/Users/ssnow/.pico-sdk/sdk/2.2.0/lib/tinyusb/src/portable/raspberrypi/rp2040/rp2040_usb.c.o
                0x20001e04                e15_last_sof
 .bss.filter    0x20001e08        0x4 CMakeFiles/bldc_pulse_test.dir/Users/ssnow/.pico-sdk/sdk/2.2.0/src/rp2_common/pico_stdio/stdio.c.o
 .bss.hw_endpoints
                0x20001e0c      0x400 CMakeFiles/bldc_pulse_test.dir/Users/ssnow/.pico-sdk/sdk/2.2.0/lib/tinyusb/src/portable/raspberrypi/rp2040/dcd_rp2040.c.o
 .bss.lazy_vsnprintf
                0x2000220c        0x4 CMakeFiles/bldc_pulse_test.dir/Users/ssnow/.pico-sdk/sdk/2.2.0/src/rp2_common/pico_printf/printf.c.o
 .bss.lcd       0x20002210       0x18 CMakeFiles/bldc_pulse_test.dir/main.cpp.o
                0x20002210                lcd
 .bss.load_value
                0x20002228        0x4 CMakeFiles/bldc_pulse_test.dir/Users/ssnow/.pico-sdk/sdk/2.2.0/src/rp2_common/hardware_watchdog/watchdog.c.o
 .bss.menu_selection
                0x2000222c        0x4 CMakeFiles/bldc_pulse_test.dir/main.cpp.o
                0x2000222c                menu_selection
 .bss.next_buffer_ptr
                0x20002230        0x4 CMakeFiles/bldc_pulse_test.dir/Users/ssnow/.pico-sdk/sdk/2.2.0/lib/tinyusb/src/portable/raspberrypi/rp2040/dcd_rp2040.c.o
 .bss.object.0  0x20002234       0x18 /Users/ssnow/.pico-sdk/toolchain/14_2_Rel1/bin/../lib/gcc/arm-none-eabi/14.2.1/thumb/v8-m.main+fp/softfp/crtbegin.o
 .bss.one_shot_timer_crit_sec
                0x2000224c        0x8 CMakeFiles/bldc_pulse_test.dir/Users/ssnow/.pico-sdk/sdk/2.2.0/src/rp2_common/pico_stdio_usb/stdio_usb.c.o
 .bss.pools     0x20002254       0x20 CMakeFiles/bldc_pulse_test.dir/Users/ssnow/.pico-sdk/sdk/2.2.0/src/common/pico_time/time.c.o
 .bss.raw_irq_mask
                0x20002274        0x8 CMakeFiles/bldc_pulse_test.dir/Users/ssnow/.pico-sdk/sdk/2.2.0/src/rp2_common/hardware_gpio/gpio.c.o
 .bss.retrieved_id
                0x2000227c        0x8 CMakeFiles/bldc_pulse_test.dir/Users/ssnow/.pico-sdk/sdk/2.2.0/src/rp2_common/pico_unique_id/unique_id.c.o
 .bss.sleep_notifier
                0x20002284        0x4 CMakeFiles/bldc_pulse_test.dir/Users/ssnow/.pico-sdk/sdk/2.2.0/src/common/pico_time/time.c.o
 .bss.speed_pulse
                0x20002288       0x1c CMakeFiles/bldc_pulse_test.dir/main.cpp.o
                0x20002288                speed_pulse
 .bss.stdio_usb_mutex
                0x200022a4        0x8 CMakeFiles/bldc_pulse_test.dir/Users/ssnow/.pico-sdk/sdk/2.2.0/src/rp2_common/pico_stdio_usb/stdio_usb.c.o
 .bss.usbd_serial_str
                0x200022ac       0x11 CMakeFiles/bldc_pulse_test.dir/Users/ssnow/.pico-sdk/sdk/2.2.0/src/rp2_common/pico_stdio_usb/stdio_usb_descriptors.c.o
 .bss._app_driver_count
                0x200022bd        0x1 CMakeFiles/bldc_pulse_test.dir/Users/ssnow/.pico-sdk/sdk/2.2.0/lib/tinyusb/src/device/usbd.c.o
 .bss._sof_enable
                0x200022be        0x1 CMakeFiles/bldc_pulse_test.dir/Users/ssnow/.pico-sdk/sdk/2.2.0/lib/tinyusb/src/portable/raspberrypi/rp2040/dcd_rp2040.c.o
 .bss._usbd_queued_setup
                0x200022bf        0x1 CMakeFiles/bldc_pulse_test.dir/Users/ssnow/.pico-sdk/sdk/2.2.0/lib/tinyusb/src/device/usbd.c.o
 .bss.current_state
                0x200022c0        0x1 CMakeFiles/bldc_pulse_test.dir/main.cpp.o
                0x200022c0                current_state
 .bss.irq_handler_chain_free_slot_head
                0x200022c1        0x1 CMakeFiles/bldc_pulse_test.dir/Users/ssnow/.pico-sdk/sdk/2.2.0/src/rp2_common/hardware_irq/irq.c.o
 .bss.itf_num   0x200022c2        0x1 CMakeFiles/bldc_pulse_test.dir/Users/ssnow/.pico-sdk/sdk/2.2.0/src/rp2_common/pico_stdio_usb/reset_interface.c.o
 .bss.low_priority_irq_num
                0x200022c3        0x1 CMakeFiles/bldc_pulse_test.dir/Users/ssnow/.pico-sdk/sdk/2.2.0/src/rp2_common/pico_stdio_usb/stdio_usb.c.o
 .bss.one_shot_timer_pending
                0x200022c4        0x1 CMakeFiles/bldc_pulse_test.dir/Users/ssnow/.pico-sdk/sdk/2.2.0/src/rp2_common/pico_stdio_usb/stdio_usb.c.o
 .bss.selected_test
                0x200022c5        0x1 CMakeFiles/bldc_pulse_test.dir/main.cpp.o
                0x200022c5                selected_test
 .bss.test_running
                0x200022c6        0x1 CMakeFiles/bldc_pulse_test.dir/main.cpp.o
                0x200022c6                test_running
 .bss.user_irq_claimed
                0x200022c7        0x1 CMakeFiles/bldc_pulse_test.dir/Users/ssnow/.pico-sdk/sdk/2.2.0/src/rp2_common/hardware_irq/irq.c.o
 *(COMMON)
                [!provide]                        PROVIDE (__global_pointer$ = (. + 0x800))
 *(.sbss*)
                0x200022c8                        . = ALIGN (0x4)