Archive member included to satisfy reference by file (symbol)

/Users/ssnow/.pico-sdk/toolchain/14_2_Rel1/bin/../lib/gcc/arm-none-eabi/14.2.1/thumb/v6-m/nofp/libgcc.a(_dvmd_tls.o)
                              CMakeFiles/bldc_pulse_test.dir/Users/ssnow/.pico-sdk/sdk/2.2.0/src/rp2_common/pico_divider/divider_hardware.S.o (__aeabi_idiv0)
/Users/ssnow/.pico-sdk/toolchain/14_2_Rel1/bin/../lib/gcc/arm-none-eabi/14.2.1/../../../../arm-none-eabi/lib/thumb/v6-m/nofp/libg.a(libc_a-calloc.o)
                              CMakeFiles/bldc_pulse_test.dir/Users/ssnow/.pico-sdk/sdk/2.2.0/src/rp2_common/pico_malloc/malloc.c.o (calloc)
/Users/ssnow/.pico-sdk/toolchain/14_2_Rel1/bin/../lib/gcc/arm-none-eabi/14.2.1/../../../../arm-none-eabi/lib/thumb/v6-m/nofp/libg.a(libc_a-callocr.o)
                              /Users/ssnow/.pico-sdk/toolchain/14_2_Rel1/bin/../lib/gcc/arm-none-eabi/14.2.1/../../../../arm-none-eabi/lib/thumb/v6-m/nofp/libg.a(libc_a-calloc.o) (_calloc_r)
/Users/ssnow/.pico-sdk/toolchain/14_2_Rel1/bin/../lib/gcc/arm-none-eabi/14.2.1/../../../../arm-none-eabi/lib/thumb/v6-m/nofp/libg.a(libc_a-malloc.o)
                              CMakeFiles/bldc_pulse_test.dir/Users/ssnow/.pico-sdk/sdk/2.2.0/src/rp2_common/pico_malloc/malloc.c.o (malloc)
/Users/ssnow/.pico-sdk/toolchain/14_2_Rel1/bin/../lib/gcc/arm-none-eabi/14.2.1/../../../../arm-none-eabi/lib/thumb/v6-m/nofp/libg.a(libc_a-mallocr.o)
                              /Users/ssnow/.pico-sdk/toolchain/14_2_Rel1/bin/../lib/gcc/arm-none-eabi/14.2.1/../../../../arm-none-eabi/lib/thumb/v6-m/nofp/libg.a(libc_a-callocr.o) (_malloc_r)
/Users/ssnow/.pico-sdk/toolchain/14_2_Rel1/bin/../lib/gcc/arm-none-eabi/14.2.1/../../../../arm-none-eabi/lib/thumb/v6-m/nofp/libg.a(libc_a-mlock.o)
                              /Users/ssnow/.pico-sdk/toolchain/14_2_Rel1/bin/../lib/gcc/arm-none-eabi/14.2.1/../../../../arm-none-eabi/lib/thumb/v6-m/nofp/libg.a(libc_a-mallocr.o) (__malloc_lock)
/Users/ssnow/.pico-sdk/toolchain/14_2_Rel1/bin/../lib/gcc/arm-none-eabi/14.2.1/../../../../arm-none-eabi/lib/thumb/v6-m/nofp/libg.a(libc_a-realloc.o)
                              CMakeFiles/bldc_pulse_test.dir/Users/ssnow/.pico-sdk/sdk/2.2.0/src/rp2_common/pico_malloc/malloc.c.o (realloc)
/Users/ssnow/.pico-sdk/toolchain/14_2_Rel1/bin/../lib/gcc/arm-none-eabi/14.2.1/../../../../arm-none-eabi/lib/thumb/v6-m/nofp/libg.a(libc_a-reallocr.o)
                              /Users/ssnow/.pico-sdk/toolchain/14_2_Rel1/bin/../lib/gcc/arm-none-eabi/14.2.1/../../../../arm-none-eabi/lib/thumb/v6-m/nofp/libg.a(libc_a-realloc.o) (_realloc_r)
/Users/ssnow/.pico-sdk/toolchain/14_2_Rel1/bin/../lib/gcc/arm-none-eabi/14.2.1/../../../../arm-none-eabi/lib/thumb/v6-m/nofp/libg.a(libc_a-memcmp.o)
                              CMakeFiles/bldc_pulse_test.dir/Users/ssnow/.pico-sdk/sdk/2.2.0/src/rp2_common/pico_atomic/atomic.c.o (memcmp)
/Users/ssnow/.pico-sdk/toolchain/14_2_Rel1/bin/../lib/gcc/arm-none-eabi/14.2.1/../../../../arm-none-eabi/lib/thumb/v6-m/nofp/libg.a(libc_a-memmove.o)
                              /Users/ssnow/.pico-sdk/toolchain/14_2_Rel1/bin/../lib/gcc/arm-none-eabi/14.2.1/../../../../arm-none-eabi/lib/thumb/v6-m/nofp/libg.a(libc_a-reallocr.o) (memmove)
/Users/ssnow/.pico-sdk/toolchain/14_2_Rel1/bin/../lib/gcc/arm-none-eabi/14.2.1/../../../../arm-none-eabi/lib/thumb/v6-m/nofp/libg.a(libc_a-lcltime_r.o)
                              CMakeFiles/bldc_pulse_test.dir/Users/ssnow/.pico-sdk/sdk/2.2.0/src/common/pico_util/datetime.c.o (localtime_r)
/Users/ssnow/.pico-sdk/toolchain/14_2_Rel1/bin/../lib/gcc/arm-none-eabi/14.2.1/../../../../arm-none-eabi/lib/thumb/v6-m/nofp/libg.a(libc_a-mktime.o)
                              CMakeFiles/bldc_pulse_test.dir/Users/ssnow/.pico-sdk/sdk/2.2.0/src/common/pico_util/datetime.c.o (mktime)
/Users/ssnow/.pico-sdk/toolchain/14_2_Rel1/bin/../lib/gcc/arm-none-eabi/14.2.1/../../../../arm-none-eabi/lib/thumb/v6-m/nofp/libg.a(libc_a-month_lengths.o)
                              /Users/ssnow/.pico-sdk/toolchain/14_2_Rel1/bin/../lib/gcc/arm-none-eabi/14.2.1/../../../../arm-none-eabi/lib/thumb/v6-m/nofp/libg.a(libc_a-lcltime_r.o) (__month_lengths)
/Users/ssnow/.pico-sdk/toolchain/14_2_Rel1/bin/../lib/gcc/arm-none-eabi/14.2.1/../../../../arm-none-eabi/lib/thumb/v6-m/nofp/libg.a(libc_a-tzcalc_limits.o)
                              /Users/ssnow/.pico-sdk/toolchain/14_2_Rel1/bin/../lib/gcc/arm-none-eabi/14.2.1/../../../../arm-none-eabi/lib/thumb/v6-m/nofp/libg.a(libc_a-lcltime_r.o) (__tzcalc_limits)
/Users/ssnow/.pico-sdk/toolchain/14_2_Rel1/bin/../lib/gcc/arm-none-eabi/14.2.1/../../../../arm-none-eabi/lib/thumb/v6-m/nofp/libg.a(libc_a-tzlock.o)
                              /Users/ssnow/.pico-sdk/toolchain/14_2_Rel1/bin/../lib/gcc/arm-none-eabi/14.2.1/../../../../arm-none-eabi/lib/thumb/v6-m/nofp/libg.a(libc_a-lcltime_r.o) (__tz_lock)
/Users/ssnow/.pico-sdk/toolchain/14_2_Rel1/bin/../lib/gcc/arm-none-eabi/14.2.1/../../../../arm-none-eabi/lib/thumb/v6-m/nofp/libg.a(libc_a-tzset.o)
[...]
Memory Configuration

Name             Origin             Length             Attributes
FLASH            0x10000000         0x00200000         xr
RAM              0x20000000         0x00040000         xrw
SCRATCH_X        0x20040000         0x00001000         xrw
SCRATCH_Y        0x20041000         0x00001000         xrw
*default*        0x00000000         0xffffffff

Linker script and memory map

LOAD /Users/ssnow/.pico-sdk/toolchain/14_2_Rel1/bin/../lib/gcc/arm-none-eabi/14.2.1/thumb/v6-m/nofp/crti.o
LOAD /Users/ssnow/.pico-sdk/toolchain/14_2_Rel1/bin/../lib/gcc/arm-none-eabi/14.2.1/thumb/v6-m/nofp/crtbegin.o
LOAD /Users/ssnow/.pico-sdk/toolchain/14_2_Rel1/bin/../lib/gcc/arm-none-eabi/14.2.1/../../../../arm-none-eabi/lib/thumb/v6-m/nofp/crt0.o

.flash_begin    0x10000000        0x0
                0x10000000                        __flash_binary_start = .

.boot2          0x10000000      0x100
                0x10000000                        __boot2_start__ = .
 *(.boot2)
 .boot2         0x10000000      0x100 pico-sdk/src/rp2040/boot_stage2/CMakeFiles/bs2_default_library.dir/bs2_default_padded_checksummed.S.o
                0x10000100                        __boot2_end__ = .
                0x00000001                        ASSERT (((__boot2_end__ - __boot2_start__) == 0x100), ERROR: Pico second stage bootloader must be 256 bytes in size)

.text           0x10000100     0x8128
                0x10000100                        __logical_binary_start = .
 *(.vectors)
 .vectors       0x10000100       0xd4 CMakeFiles/bldc_pulse_test.dir/Users/ssnow/.pico-sdk/sdk/2.2.0/src/rp2_common/pico_crt0/crt0.S.o
                0x10000100                __VECTOR_TABLE
                0x10000100                __vectors
                0x100001c0                isr_irq13
                0x100001c0                isr_irq27
                0x100001c0                isr_irq31
                0x100001c0                isr_irq5
                0x100001c0                isr_irq11
                0x100001c0                isr_irq23
                0x100001c0                isr_irq18
                0x100001c0                isr_irq9
                0x100001c0                __unhandled_user_irq
                0x100001c0                isr_irq25
                0x100001c0                isr_irq4
                0x100001c0                isr_irq16
                0x100001c0                isr_irq29
                0x100001c0                isr_irq26
                0x100001c0                isr_irq3
                0x100001c0                isr_irq12
                0x100001c0                isr_irq30
                0x100001c0                isr_irq28
                0x100001c0                isr_irq19
                0x100001c0                isr_irq0
                0x100001c0                isr_irq6
                0x100001c0                isr_irq22
                0x100001c0                isr_irq17
                0x100001c0                isr_irq14
                0x100001c0                __vectors_end
                0x100001c0                __default_isrs_start
                0x100001c0                isr_irq2
                0x100001c0                isr_irq10
                0x100001c0                isr_irq8
                0x100001c0                isr_irq24
                0x100001c0                isr_irq1
                0x100001c0                isr_irq7
                0x100001c0                isr_irq21
                0x100001c0                isr_irq20
                0x100001c0                isr_irq15
                0x100001c6                unhandled_user_irq_num_in_r0
                0x100001c8                isr_invalid
                0x100001ca                isr_nmi
                0x100001cc                isr_hardfault
                0x100001ce                isr_svcall
                0x100001d0                isr_pendsv
                0x100001d2                isr_systick
                0x100001d4                __default_isrs_end
 *(.binary_info_header)
 .binary_info_header
                0x100001d4       0x14 CMakeFiles/bldc_pulse_test.dir/Users/ssnow/.pico-sdk/sdk/2.2.0/src/rp2_common/pico_crt0/crt0.S.o
                0x100001e8                        __binary_info_header_end = .
 *(.embedded_block)
                0x100001e8                        __embedded_block_end = .
 *(.reset)
 .reset         0x100001e8       0x9c CMakeFiles/bldc_pulse_test.dir/Users/ssnow/.pico-sdk/sdk/2.2.0/src/rp2_common/pico_crt0/crt0.S.o
                0x100001e8                _entry_point
 *(.init)
 .init          0x10000284        0x4 /Users/ssnow/.pico-sdk/toolchain/14_2_Rel1/bin/../lib/gcc/arm-none-eabi/14.2.1/thumb/v6-m/nofp/crti.o
                0x10000284                _init
 *(EXCLUDE_FILE(*libm.a: *libc.a:*lib_a-mem*.o *libgcc.a:) .text*)
 .text.register_tm_clones
                0x10000288       0x28 /Users/ssnow/.pico-sdk/toolchain/14_2_Rel1/bin/../lib/gcc/arm-none-eabi/14.2.1/thumb/v6-m/nofp/crtbegin.o
 .text.frame_dummy
                0x100002b0       0x24 /Users/ssnow/.pico-sdk/toolchain/14_2_Rel1/bin/../lib/gcc/arm-none-eabi/14.2.1/thumb/v6-m/nofp/crtbegin.o
 .text._Z12display_menuv
                0x100002d4       0xac CMakeFiles/bldc_pulse_test.dir/main.cpp.o
                0x100002d4                display_menu()
 .text._Z13btn1_callbackv
                0x10000380       0x88 CMakeFiles/bldc_pulse_test.dir/main.cpp.o
                0x10000380                btn1_callback()
 .text._Z13btn2_callbackv
                0x10000408       0xa0 CMakeFiles/bldc_pulse_test.dir/main.cpp.o
                0x10000408                btn2_callback()
 .text._Z21display_pulse_monitorv
                0x100004a8       0xa8 CMakeFiles/bldc_pulse_test.dir/main.cpp.o
                0x100004a8                display_pulse_monitor()
 .text._Z16display_pwm_rampv
                0x10000550       0xb4 CMakeFiles/bldc_pulse_test.dir/main.cpp.o
                0x10000550                display_pwm_ramp()
 .text._Z22display_direction_testv
                0x10000604       0xa8 CMakeFiles/bldc_pulse_test.dir/main.cpp.o
                0x10000604                display_direction_test()
 .text._Z18display_brake_testv
                0x100006ac       0xa8 CMakeFiles/bldc_pulse_test.dir/main.cpp.o
                0x100006ac                display_brake_test()
 .text._Z13test_pwm_rampv
                0x10000754      0x138 CMakeFiles/bldc_pulse_test.dir/main.cpp.o
                0x10000754                test_pwm_ramp()
 .text._Z10test_brakev
                0x1000088c       0xd0 CMakeFiles/bldc_pulse_test.dir/main.cpp.o
                0x1000088c                test_brake()
 .text.startup.main
                0x1000095c      0x29c CMakeFiles/bldc_pulse_test.dir/main.cpp.o
                0x1000095c                main
 .text.startup._GLOBAL__sub_I_speed_pulse
                0x10000bf8       0x30 CMakeFiles/bldc_pulse_test.dir/main.cpp.o
 .text._ZN14BLDCSpeedPulse11isr_wrapperEjm
                0x10000c28       0x7c CMakeFiles/bldc_pulse_test.dir/bldc_speed_pulse.cpp.o
                0x10000c28                BLDCSpeedPulse::isr_wrapper(unsigned int, unsigned long)
 .text._ZN14BLDCSpeedPulseC2Ej
                0x10000ca4       0x20 CMakeFiles/bldc_pulse_test.dir/bldc_speed_pulse.cpp.o
                0x10000ca4                BLDCSpeedPulse::BLDCSpeedPulse(unsigned int)
                0x10000ca4                BLDCSpeedPulse::BLDCSpeedPulse(unsigned int)
 .text._ZN14BLDCSpeedPulse4initEv
                0x10000cc4       0x48 CMakeFiles/bldc_pulse_test.dir/bldc_speed_pulse.cpp.o
                0x10000cc4                BLDCSpeedPulse::init()
 .text._ZNK14BLDCSpeedPulse7get_rpmEv
                0x10000d0c        0x4 CMakeFiles/bldc_pulse_test.dir/bldc_speed_pulse.cpp.o
                0x10000d0c                BLDCSpeedPulse::get_rpm() const
 .text._ZNK14BLDCSpeedPulse13get_frequencyEv
                0x10000d10        0x4 CMakeFiles/bldc_pulse_test.dir/bldc_speed_pulse.cpp.o
                0x10000d10                BLDCSpeedPulse::get_frequency() const
 .text._ZNK14BLDCSpeedPulse15get_pulse_countEv
                0x10000d14        0x4 CMakeFiles/bldc_pulse_test.dir/bldc_speed_pulse.cpp.o
                0x10000d14                BLDCSpeedPulse::get_pulse_count() const
 .text._ZNK14BLDCSpeedPulse15get_revolutionsEv
                0x10000d18       0x24 CMakeFiles/bldc_pulse_test.dir/bldc_speed_pulse.cpp.o
                0x10000d18                BLDCSpeedPulse::get_revolutions() const
 .text._ZN14BLDCSpeedPulse5resetEv
                0x10000d3c       0x24 CMakeFiles/bldc_pulse_test.dir/bldc_speed_pulse.cpp.o
                0x10000d3c                BLDCSpeedPulse::reset()
 .text._ZN13EP7172DisplayC2Ev
                0x10000d60        0xc CMakeFiles/bldc_pulse_test.dir/ep7172_lcd.cpp.o
                0x10000d60                EP7172Display::EP7172Display()
                0x10000d60                EP7172Display::EP7172Display()
 .text._ZN13EP7172Display18set_address_windowEtttt
                0x10000d6c      0x11c CMakeFiles/bldc_pulse_test.dir/ep7172_lcd.cpp.o
                0x10000d6c                EP7172Display::set_address_window(unsigned short, unsigned short, unsigned short, unsigned short)
 .text._ZN13EP7172Display4initEv
                0x10000e88      0x178 CMakeFiles/bldc_pulse_test.dir/ep7172_lcd.cpp.o
                0x10000e88                EP7172Display::init()
 .text._ZN13ButtonControl21gpio_callback_wrapperEjm
                0x10001000       0x7c CMakeFiles/bldc_pulse_test.dir/button_control.cpp.o
                0x10001000                ButtonControl::gpio_callback_wrapper(unsigned int, unsigned long)
 .text._ZN13ButtonControlC2Ev
                0x1000107c       0x1c CMakeFiles/bldc_pulse_test.dir/button_control.cpp.o
                0x1000107c                ButtonControl::ButtonControl()
                0x1000107c                ButtonControl::ButtonControl()
 .text._ZN13ButtonControl4initEv
                0x10001098       0x58 CMakeFiles/bldc_pulse_test.dir/button_control.cpp.o
                0x10001098                ButtonControl::init()
 .text._ZN13ButtonControl22register_btn1_callbackEPFvvE
                0x100010f0        0x4 CMakeFiles/bldc_pulse_test.dir/button_control.cpp.o
                0x100010f0                ButtonControl::register_btn1_callback(void (*)())
 .text._ZN13ButtonControl22register_btn2_callbackEPFvvE
                0x100010f4        0x4 CMakeFiles/bldc_pulse_test.dir/button_control.cpp.o
                0x100010f4                ButtonControl::register_btn2_callback(void (*)())
 .text.gpio_default_irq_handler
                0x100010f8      0x2c8 CMakeFiles/bldc_pulse_test.dir/Users/ssnow/.pico-sdk/sdk/2.2.0/src/rp2_common/hardware_gpio/gpio.c.o
 .text.gpio_set_function
                0x100013c0       0x34 CMakeFiles/bldc_pulse_test.dir/Users/ssnow/.pico-sdk/sdk/2.2.0/src/rp2_common/hardware_gpio/gpio.c.o
                0x100013c0                gpio_set_function
 .text.gpio_set_pulls
                0x100013f4       0x28 CMakeFiles/bldc_pulse_test.dir/Users/ssnow/.pico-sdk/sdk/2.2.0/src/rp2_common/hardware_gpio/gpio.c.o
                0x100013f4                gpio_set_pulls
 .text.gpio_set_irq_enabled
                0x1000141c       0x58 CMakeFiles/bldc_pulse_test.dir/Users/ssnow/.pico-sdk/sdk/2.2.0/src/rp2_common/hardware_gpio/gpio.c.o
                0x1000141c                gpio_set_irq_enabled
 .text.gpio_set_irq_enabled_with_callback
                0x10001474       0xd0 CMakeFiles/bldc_pulse_test.dir/Users/ssnow/.pico-sdk/sdk/2.2.0/src/rp2_common/hardware_gpio/gpio.c.o
                0x10001474                gpio_set_irq_enabled_with_callback
 .text.gpio_init
                0x10001544       0x40 CMakeFiles/bldc_pulse_test.dir/Users/ssnow/.pico-sdk/sdk/2.2.0/src/rp2_common/hardware_gpio/gpio.c.o
                0x10001544                gpio_init
 .text.rp2040_chip_version
                0x10001584        0xc CMakeFiles/bldc_pulse_test.dir/Users/ssnow/.pico-sdk/sdk/2.2.0/src/rp2040/pico_platform/platform.c.o
                0x10001584                rp2040_chip_version
 .text.panic    0x10001590       0x30 CMakeFiles/bldc_pulse_test.dir/Users/ssnow/.pico-sdk/sdk/2.2.0/src/rp2_common/pico_platform_panic/panic.c.o
                0x10001590                panic
 .text.hw_claim_or_assert
                0x100015c0       0x44 CMakeFiles/bldc_pulse_test.dir/Users/ssnow/.pico-sdk/sdk/2.2.0/src/common/hardware_claim/claim.c.o
                0x100015c0                hw_claim_or_assert
 .text.hw_claim_unused_from_range
                0x10001604       0x88 CMakeFiles/bldc_pulse_test.dir/Users/ssnow/.pico-sdk/sdk/2.2.0/src/common/hardware_claim/claim.c.o
                0x10001604                hw_claim_unused_from_range
 .text.next_striped_spin_lock_num
                0x1000168c       0x18 CMakeFiles/bldc_pulse_test.dir/Users/ssnow/.pico-sdk/sdk/2.2.0/src/rp2_common/hardware_sync/sync.c.o
                0x1000168c                next_striped_spin_lock_num
 .text.spin_lock_claim_unused
                0x100016a4       0x24 CMakeFiles/bldc_pulse_test.dir/Users/ssnow/.pico-sdk/sdk/2.2.0/src/rp2_common/hardware_sync/sync.c.o
                0x100016a4                spin_lock_claim_unused
 .text.spin_locks_reset
                0x100016c8       0x1c CMakeFiles/bldc_pulse_test.dir/Users/ssnow/.pico-sdk/sdk/2.2.0/src/rp2_common/hardware_sync_spin_lock/sync_spin_lock.c.o
                0x100016c8                spin_locks_reset
 .text.runtime_init_per_core_irq_priorities
                0x100016e4       0x24 CMakeFiles/bldc_pulse_test.dir/Users/ssnow/.pico-sdk/sdk/2.2.0/src/rp2_common/hardware_irq/irq.c.o
                0x100016e4                runtime_init_per_core_irq_priorities
 .text.irq_set_enabled
                0x10001708       0x24 CMakeFiles/bldc_pulse_test.dir/Users/ssnow/.pico-sdk/sdk/2.2.0/src/rp2_common/hardware_irq/irq.c.o
                0x10001708                irq_set_enabled
 .text.irq_is_enabled
                0x1000172c       0x18 CMakeFiles/bldc_pulse_test.dir/Users/ssnow/.pico-sdk/sdk/2.2.0/src/rp2_common/hardware_irq/irq.c.o
                0x1000172c                irq_is_enabled
 .text.irq_set_pending
                0x10001744       0x10 CMakeFiles/bldc_pulse_test.dir/Users/ssnow/.pico-sdk/sdk/2.2.0/src/rp2_common/hardware_irq/irq.c.o
                0x10001744                irq_set_pending
 .text.irq_has_shared_handler
                0x10001754       0x24 CMakeFiles/bldc_pulse_test.dir/Users/ssnow/.pico-sdk/sdk/2.2.0/src/rp2_common/hardware_irq/irq.c.o
                0x10001754                irq_has_shared_handler
 .text.irq_set_exclusive_handler
                0x10001778       0x54 CMakeFiles/bldc_pulse_test.dir/Users/ssnow/.pico-sdk/sdk/2.2.0/src/rp2_common/hardware_irq/irq.c.o
                0x10001778                irq_set_exclusive_handler
 .text.irq_add_shared_handler
                0x100017cc      0x1f4 CMakeFiles/bldc_pulse_test.dir/Users/ssnow/.pico-sdk/sdk/2.2.0/src/rp2_common/hardware_irq/irq.c.o
                0x100017cc                irq_add_shared_handler
 .text.irq_remove_handler
                0x100019c0      0x1d4 CMakeFiles/bldc_pulse_test.dir/Users/ssnow/.pico-sdk/sdk/2.2.0/src/rp2_common/hardware_irq/irq.c.o
                0x100019c0                irq_remove_handler
 .text.irq_add_tail_to_free_list
                0x10001b94       0xb4 CMakeFiles/bldc_pulse_test.dir/Users/ssnow/.pico-sdk/sdk/2.2.0/src/rp2_common/hardware_irq/irq.c.o
                0x10001b94                irq_add_tail_to_free_list
 .text.user_irq_claim_unused
                0x10001c48       0x2c CMakeFiles/bldc_pulse_test.dir/Users/ssnow/.pico-sdk/sdk/2.2.0/src/rp2_common/hardware_irq/irq.c.o
                0x10001c48                user_irq_claim_unused
 .text.lock_init
                0x10001c74       0x10 CMakeFiles/bldc_pulse_test.dir/Users/ssnow/.pico-sdk/sdk/2.2.0/src/common/pico_sync/lock_core.c.o
                0x10001c74                lock_init
 .text.runtime_init_mutex
                0x10001c84       0x50 CMakeFiles/bldc_pulse_test.dir/Users/ssnow/.pico-sdk/sdk/2.2.0/src/common/pico_sync/mutex.c.o
                0x10001c84                runtime_init_mutex
 .text.mutex_init
                0x10001cd4       0x1c CMakeFiles/bldc_pulse_test.dir/Users/ssnow/.pico-sdk/sdk/2.2.0/src/common/pico_sync/mutex.c.o
                0x10001cd4                mutex_init
 .text.critical_section_init
                0x10001cf0       0x1c CMakeFiles/bldc_pulse_test.dir/Users/ssnow/.pico-sdk/sdk/2.2.0/src/common/pico_sync/critical_section.c.o
                0x10001cf0                critical_section_init
 .text.critical_section_init_with_lock_num
                0x10001d0c       0x14 CMakeFiles/bldc_pulse_test.dir/Users/ssnow/.pico-sdk/sdk/2.2.0/src/common/pico_sync/critical_section.c.o
                0x10001d0c                critical_section_init_with_lock_num
 .text.sleep_until_callback
                0x10001d20       0x30 CMakeFiles/bldc_pulse_test.dir/Users/ssnow/.pico-sdk/sdk/2.2.0/src/common/pico_time/time.c.o
 .text.alarm_pool_irq_handler
                0x10001d50      0x300 CMakeFiles/bldc_pulse_test.dir/Users/ssnow/.pico-sdk/sdk/2.2.0/src/common/pico_time/time.c.o
 .text.runtime_init_default_alarm_pool
                0x10002050       0xdc CMakeFiles/bldc_pulse_test.dir/Users/ssnow/.pico-sdk/sdk/2.2.0/src/common/pico_time/time.c.o
                0x10002050                runtime_init_default_alarm_pool
 .text.alarm_pool_get_default
                0x1000212c        0x8 CMakeFiles/bldc_pulse_test.dir/Users/ssnow/.pico-sdk/sdk/2.2.0/src/common/pico_time/time.c.o
                0x1000212c                alarm_pool_get_default
 .text.alarm_pool_add_alarm_at
                0x10002134       0xd0 CMakeFiles/bldc_pulse_test.dir/Users/ssnow/.pico-sdk/sdk/2.2.0/src/common/pico_time/time.c.o
                0x10002134                alarm_pool_add_alarm_at
 .text.alarm_pool_add_alarm_at_force_in_context
                0x10002204       0xb0 CMakeFiles/bldc_pulse_test.dir/Users/ssnow/.pico-sdk/sdk/2.2.0/src/common/pico_time/time.c.o
                0x10002204                alarm_pool_add_alarm_at_force_in_context
 .text.alarm_pool_cancel_alarm
                0x100022b4       0x74 CMakeFiles/bldc_pulse_test.dir/Users/ssnow/.pico-sdk/sdk/2.2.0/src/common/pico_time/time.c.o
                0x100022b4                alarm_pool_cancel_alarm
 .text.alarm_pool_core_num
                0x10002328        0x4 CMakeFiles/bldc_pulse_test.dir/Users/ssnow/.pico-sdk/sdk/2.2.0/src/common/pico_time/time.c.o
                0x10002328                alarm_pool_core_num
 .text.sleep_ms
                0x1000232c       0xfc CMakeFiles/bldc_pulse_test.dir/Users/ssnow/.pico-sdk/sdk/2.2.0/src/common/pico_time/time.c.o
                0x1000232c                sleep_ms
 .text.best_effort_wfe_or_timeout
                0x10002428      0x10c CMakeFiles/bldc_pulse_test.dir/Users/ssnow/.pico-sdk/sdk/2.2.0/src/common/pico_time/time.c.o
                0x10002428                best_effort_wfe_or_timeout
 .text.timer_hardware_alarm_claim
                0x10002534       0x14 CMakeFiles/bldc_pulse_test.dir/Users/ssnow/.pico-sdk/sdk/2.2.0/src/rp2_common/hardware_timer/timer.c.o
                0x10002534                timer_hardware_alarm_claim
 .text.timer_time_us_64
                0x10002548       0x10 CMakeFiles/bldc_pulse_test.dir/Users/ssnow/.pico-sdk/sdk/2.2.0/src/rp2_common/hardware_timer/timer.c.o
                0x10002548                timer_time_us_64
 .text.time_us_64
                0x10002558       0x14 CMakeFiles/bldc_pulse_test.dir/Users/ssnow/.pico-sdk/sdk/2.2.0/src/rp2_common/hardware_timer/timer.c.o
                0x10002558                time_us_64
 .text.busy_wait_until
                0x1000256c       0x20 CMakeFiles/bldc_pulse_test.dir/Users/ssnow/.pico-sdk/sdk/2.2.0/src/rp2_common/hardware_timer/timer.c.o
                0x1000256c                busy_wait_until
 .text.clock_configure_int_divider
                0x1000258c       0xf4 CMakeFiles/bldc_pulse_test.dir/Users/ssnow/.pico-sdk/sdk/2.2.0/src/rp2_common/hardware_clocks/clocks.c.o
                0x1000258c                clock_configure_int_divider
 .text.clock_configure_undivided
                0x10002680       0xe8 CMakeFiles/bldc_pulse_test.dir/Users/ssnow/.pico-sdk/sdk/2.2.0/src/rp2_common/hardware_clocks/clocks.c.o
                0x10002680                clock_configure_undivided
 .text.clock_get_hz
                0x10002768        0xc CMakeFiles/bldc_pulse_test.dir/Users/ssnow/.pico-sdk/sdk/2.2.0/src/rp2_common/hardware_clocks/clocks.c.o
                0x10002768                clock_get_hz
 .text.pll_init
                0x10002774       0xa4 CMakeFiles/bldc_pulse_test.dir/Users/ssnow/.pico-sdk/sdk/2.2.0/src/rp2_common/hardware_pll/pll.c.o
                0x10002774                pll_init
 .text.watchdog_reboot
                0x10002818       0x9c CMakeFiles/bldc_pulse_test.dir/Users/ssnow/.pico-sdk/sdk/2.2.0/src/rp2_common/hardware_watchdog/watchdog.c.o
                0x10002818                watchdog_reboot
 .text.tick_start
                0x100028b4       0x10 CMakeFiles/bldc_pulse_test.dir/Users/ssnow/.pico-sdk/sdk/2.2.0/src/rp2_common/hardware_ticks/ticks.c.o
                0x100028b4                tick_start
 .text.rom_func_lookup
                0x100028c4       0x10 CMakeFiles/bldc_pulse_test.dir/Users/ssnow/.pico-sdk/sdk/2.2.0/src/rp2_common/pico_bootrom/bootrom.c.o
                0x100028c4                rom_func_lookup
 .text.rom_data_lookup
                0x100028d4       0x10 CMakeFiles/bldc_pulse_test.dir/Users/ssnow/.pico-sdk/sdk/2.2.0/src/rp2_common/pico_bootrom/bootrom.c.o
                0x100028d4                rom_data_lookup
 .text.rom_funcs_lookup
                0x100028e4       0x44 CMakeFiles/bldc_pulse_test.dir/Users/ssnow/.pico-sdk/sdk/2.2.0/src/rp2_common/pico_bootrom/bootrom.c.o
                0x100028e4                rom_funcs_lookup
 .text.rom_reset_usb_boot_extra
                0x10002928       0x24 CMakeFiles/bldc_pulse_test.dir/Users/ssnow/.pico-sdk/sdk/2.2.0/src/rp2_common/pico_bootrom/bootrom.c.o
                0x10002928                rom_reset_usb_boot_extra
 .text.xosc_init
                0x1000294c       0x28 CMakeFiles/bldc_pulse_test.dir/Users/ssnow/.pico-sdk/sdk/2.2.0/src/rp2_common/hardware_xosc/xosc.c.o
                0x1000294c                xosc_init
 .text.first_per_core_initializer
                0x10002974        0x4 CMakeFiles/bldc_pulse_test.dir/Users/ssnow/.pico-sdk/sdk/2.2.0/src/rp2_common/pico_runtime/runtime.c.o
 .text.hard_assertion_failure
                0x10002978        0xc CMakeFiles/bldc_pulse_test.dir/Users/ssnow/.pico-sdk/sdk/2.2.0/src/rp2_common/pico_runtime/runtime.c.o
                0x10002978                hard_assertion_failure
 .text.runtime_run_initializers
                0x10002984       0x28 CMakeFiles/bldc_pulse_test.dir/Users/ssnow/.pico-sdk/sdk/2.2.0/src/rp2_common/pico_runtime/runtime.c.o
                0x10002984                runtime_run_initializers
 .text.runtime_init_early_resets
                0x100029ac       0x2c CMakeFiles/bldc_pulse_test.dir/Users/ssnow/.pico-sdk/sdk/2.2.0/src/rp2_common/pico_runtime_init/runtime_init.c.o
                0x100029ac                runtime_init_early_resets
 .text.runtime_init_usb_power_down
                0x100029d8       0x1c CMakeFiles/bldc_pulse_test.dir/Users/ssnow/.pico-sdk/sdk/2.2.0/src/rp2_common/pico_runtime_init/runtime_init.c.o
                0x100029d8                runtime_init_usb_power_down
 .text.runtime_init_post_clock_resets
                0x100029f4       0x20 CMakeFiles/bldc_pulse_test.dir/Users/ssnow/.pico-sdk/sdk/2.2.0/src/rp2_common/pico_runtime_init/runtime_init.c.o
                0x100029f4                runtime_init_post_clock_resets
 .text.runtime_init_rp2040_gpio_ie_disable
                0x10002a14       0x14 CMakeFiles/bldc_pulse_test.dir/Users/ssnow/.pico-sdk/sdk/2.2.0/src/rp2_common/pico_runtime_init/runtime_init.c.o
                0x10002a14                runtime_init_rp2040_gpio_ie_disable
 .text.runtime_init_spin_locks_reset
                0x10002a28        0x8 CMakeFiles/bldc_pulse_test.dir/Users/ssnow/.pico-sdk/sdk/2.2.0/src/rp2_common/pico_runtime_init/runtime_init.c.o
                0x10002a28                runtime_init_spin_locks_reset
 .text.runtime_init_install_ram_vector_table
                0x10002a30       0xb4 CMakeFiles/bldc_pulse_test.dir/Users/ssnow/.pico-sdk/sdk/2.2.0/src/rp2_common/pico_runtime_init/runtime_init.c.o
                0x10002a30                runtime_init_install_ram_vector_table
 .text.runtime_init_clocks
                0x10002ae4       0xd8 CMakeFiles/bldc_pulse_test.dir/Users/ssnow/.pico-sdk/sdk/2.2.0/src/rp2_common/pico_runtime_init/runtime_init_clocks.c.o
                0x10002ae4                runtime_init_clocks
 .text          0x10002bbc       0x10 CMakeFiles/bldc_pulse_test.dir/Users/ssnow/.pico-sdk/sdk/2.2.0/src/rp2_common/pico_bit_ops/bit_ops_aeabi.S.o
 .text.__wrap___aeabi_idiv
                0x10002bcc       0x50 CMakeFiles/bldc_pulse_test.dir/Users/ssnow/.pico-sdk/sdk/2.2.0/src/rp2_common/pico_divider/divider_hardware.S.o
                0x10002bcc                __wrap___aeabi_idivmod
                0x10002bcc                divmod_s32s32
                0x10002bcc                div_s32s32
                0x10002bcc                __wrap___aeabi_idiv
                0x10002bd4                divmod_s32s32_unsafe
                0x10002c00                divmod_s32s32_savestate
 .text.__wrap___aeabi_uidiv
                0x10002c1c       0x4c CMakeFiles/bldc_pulse_test.dir/Users/ssnow/.pico-sdk/sdk/2.2.0/src/rp2_common/pico_divider/divider_hardware.S.o
                0x10002c1c                __wrap___aeabi_uidiv
                0x10002c1c                __wrap___aeabi_uidivmod
                0x10002c1c                div_u32u32
                0x10002c1c                divmod_u32u32
                0x10002c24                divmod_u32u32_unsafe
                0x10002c4c                divmod_u32u32_savestate
 .text.__wrap___aeabi_ldiv
                0x10002c68      0x424 CMakeFiles/bldc_pulse_test.dir/Users/ssnow/.pico-sdk/sdk/2.2.0/src/rp2_common/pico_divider/divider_hardware.S.o
                0x10002c68                __wrap___aeabi_ldivmod
                0x10002c68                div_s64s64
                0x10002c68                divmod_s64s64
                0x10002c98                divmod_u64u64
                0x10002c98                div_u64u64
                0x10002c98                __wrap___aeabi_uldivmod
                0x10002ca8                divmod_u64u64_savestate
                0x10002cc8                divmod_s64s64_unsafe
                0x10002d50                divmod_u64u64_unsafe
 .text.__wrap___aeabi_darithmetic
                0x1000308c       0x80 CMakeFiles/bldc_pulse_test.dir/Users/ssnow/.pico-sdk/sdk/2.2.0/src/rp2_common/pico_double/double_aeabi_rp2040.S.o
                0x1000308c                __wrap___aeabi_drsub
                0x10003092                __wrap___aeabi_dsub
                0x100030a4                __wrap___aeabi_dadd
                0x100030b6                __wrap___aeabi_ddiv
                0x100030f2                __wrap___aeabi_dmul
 .text.__wrap___aeabi_cdcmple
                0x1000310c       0x6c CMakeFiles/bldc_pulse_test.dir/Users/ssnow/.pico-sdk/sdk/2.2.0/src/rp2_common/pico_double/double_aeabi_rp2040.S.o
                0x1000310c                __wrap___aeabi_cdrcmple
                0x1000311c                __wrap___aeabi_cdcmple
                0x1000311c                __wrap___aeabi_cdcmpeq
 .text.__wrap___aeabi_dcmplt
                0x10003178        0xc CMakeFiles/bldc_pulse_test.dir/Users/ssnow/.pico-sdk/sdk/2.2.0/src/rp2_common/pico_double/double_aeabi_rp2040.S.o
                0x10003178                __wrap___aeabi_dcmplt
 .text.__wrap___aeabi_dcmple
                0x10003184       0x10 CMakeFiles/bldc_pulse_test.dir/Users/ssnow/.pico-sdk/sdk/2.2.0/src/rp2_common/pico_double/double_aeabi_rp2040.S.o
                0x10003184                __wrap___aeabi_dcmple
 .text.__wrap___aeabi_dcmpge
                0x10003194       0x10 CMakeFiles/bldc_pulse_test.dir/Users/ssnow/.pico-sdk/sdk/2.2.0/src/rp2_common/pico_double/double_aeabi_rp2040.S.o
                0x10003194                __wrap___aeabi_dcmpge
 .text.__wrap___aeabi_dcmpgt
                0x100031a4        0xa CMakeFiles/bldc_pulse_test.dir/Users/ssnow/.pico-sdk/sdk/2.2.0/src/rp2_common/pico_double/double_aeabi_rp2040.S.o
                0x100031a4                __wrap___aeabi_dcmpgt
 .text.__wrap___aeabi_dcmpun
                0x100031ae       0x18 CMakeFiles/bldc_pulse_test.dir/Users/ssnow/.pico-sdk/sdk/2.2.0/src/rp2_common/pico_double/double_aeabi_rp2040.S.o
                0x100031ae                __wrap___aeabi_dcmpun
 *fill*         0x100031c6        0x2 
 .text.__wrap___aeabi_i2d
                0x100031c8       0x38 CMakeFiles/bldc_pulse_test.dir/Users/ssnow/.pico-sdk/sdk/2.2.0/src/rp2_common/pico_double/double_aeabi_rp2040.S.o
                0x100031c8                __wrap___aeabi_ui2d
                0x100031c8                uint2double
                0x100031d0                __wrap___aeabi_i2d
                0x100031d0                int2double
 .text.__wrap___aeabi_d2iz
                0x10003200       0x48 CMakeFiles/bldc_pulse_test.dir/Users/ssnow/.pico-sdk/sdk/2.2.0/src/rp2_common/pico_double/double_aeabi_rp2040.S.o
                0x10003200                __wrap___aeabi_d2iz
                0x10003200                double2int_z
 .text.__wrap___aeabi_d2uiz
                0x10003248       0x18 CMakeFiles/bldc_pulse_test.dir/Users/ssnow/.pico-sdk/sdk/2.2.0/src/rp2_common/pico_double/double_aeabi_rp2040.S.o
                0x10003248                double2uint_z
                0x10003248                double2uint
                0x10003248                __wrap___aeabi_d2uiz
 .text.__aeabi_double_init
                0x10003260       0xa4 CMakeFiles/bldc_pulse_test.dir/Users/ssnow/.pico-sdk/sdk/2.2.0/src/rp2_common/pico_double/double_init_rom_rp2040.c.o
                0x10003260                __aeabi_double_init
 .text.double_table_shim_on_use_helper
                0x10003304       0x2c CMakeFiles/bldc_pulse_test.dir/Users/ssnow/.pico-sdk/sdk/2.2.0/src/rp2_common/pico_double/double_v1_rom_shim_rp2040.S.o
                0x10003304                double_table_shim_on_use_helper
 .text.__wrap___aeabi_dsub
                0x10003330       0x10 CMakeFiles/bldc_pulse_test.dir/Users/ssnow/.pico-sdk/sdk/2.2.0/src/rp2_common/pico_double/double_v1_rom_shim_rp2040.S.o
                0x10003330                drsub_shim
                0x10003336                dsub_shim
 .text.dadd_shim
                0x10003340      0x15c CMakeFiles/bldc_pulse_test.dir/Users/ssnow/.pico-sdk/sdk/2.2.0/src/rp2_common/pico_double/double_v1_rom_shim_rp2040.S.o
                0x10003340                dadd_shim
 .text.dmul_shim
                0x1000349c      0x15c CMakeFiles/bldc_pulse_test.dir/Users/ssnow/.pico-sdk/sdk/2.2.0/src/rp2_common/pico_double/double_v1_rom_shim_rp2040.S.o
                0x1000349c                dmul_shim
 .text.ddiv_shim
                0x100035f8      0x1b0 CMakeFiles/bldc_pulse_test.dir/Users/ssnow/.pico-sdk/sdk/2.2.0/src/rp2_common/pico_double/double_v1_rom_shim_rp2040.S.o
                0x100035f8                ddiv_shim
 .text.double2uint_shim
                0x100037a8        0xe CMakeFiles/bldc_pulse_test.dir/Users/ssnow/.pico-sdk/sdk/2.2.0/src/rp2_common/pico_double/double_v1_rom_shim_rp2040.S.o
                0x100037a8                double2uint_shim
                0x100037aa                double2ufix_shim
 *fill*         0x100037b6        0x2 
 .text.double2uint64_shim
                0x100037b8       0x70 CMakeFiles/bldc_pulse_test.dir/Users/ssnow/.pico-sdk/sdk/2.2.0/src/rp2_common/pico_double/double_v1_rom_shim_rp2040.S.o
                0x100037b8                double2uint64_shim
                0x100037ba                double2ufix64_shim
                0x100037da                d2fix_a
 .text.dunpacks
                0x10003828       0x3c CMakeFiles/bldc_pulse_test.dir/Users/ssnow/.pico-sdk/sdk/2.2.0/src/rp2_common/pico_double/double_v1_rom_shim_rp2040.S.o
                0x10003828                dunpacks
 .text.__aeabi_lmul
                0x10003864       0x32 CMakeFiles/bldc_pulse_test.dir/Users/ssnow/.pico-sdk/sdk/2.2.0/src/rp2_common/pico_int64_ops/pico_int64_ops_aeabi.S.o
                0x10003864                __wrap___aeabi_lmul
 *fill*         0x10003896        0x2 
 .text.__wrap___aeabi_farithmetic
                0x10003898       0x48 CMakeFiles/bldc_pulse_test.dir/Users/ssnow/.pico-sdk/sdk/2.2.0/src/rp2_common/pico_float/float_aeabi_rp2040.S.o
                0x10003898                __wrap___aeabi_frsub
                0x1000389e                __wrap___aeabi_fsub
                0x100038a4                __wrap___aeabi_fadd
                0x100038aa                __wrap___aeabi_fdiv
                0x100038d2                __wrap___aeabi_fmul
 .text.__wrap___aeabi_cfcmple
                0x100038e0       0x50 CMakeFiles/bldc_pulse_test.dir/Users/ssnow/.pico-sdk/sdk/2.2.0/src/rp2_common/pico_float/float_aeabi_rp2040.S.o
                0x100038e0                __wrap___aeabi_cfrcmple
                0x100038ec                __wrap___aeabi_cfcmpeq
                0x100038ec                __wrap___aeabi_cfcmple
 .text.__wrap___aeabi_fcmpgt
                0x10003930        0xa CMakeFiles/bldc_pulse_test.dir/Users/ssnow/.pico-sdk/sdk/2.2.0/src/rp2_common/pico_float/float_aeabi_rp2040.S.o
                0x10003930                __wrap___aeabi_fcmpgt
 .text.__wrap___aeabi_ui2f
                0x1000393a        0xa CMakeFiles/bldc_pulse_test.dir/Users/ssnow/.pico-sdk/sdk/2.2.0/src/rp2_common/pico_float/float_aeabi_rp2040.S.o
                0x1000393a                uint2float
                0x1000393a                __wrap___aeabi_ui2f
 .text.__wrap___aeabi_i2f
                0x10003944       0x44 CMakeFiles/bldc_pulse_test.dir/Users/ssnow/.pico-sdk/sdk/2.2.0/src/rp2_common/pico_float/float_aeabi_rp2040.S.o
                0x10003944                int2float
                0x10003944                __wrap___aeabi_i2f
 .text.__wrap___aeabi_f2uiz
                0x10003988        0xc CMakeFiles/bldc_pulse_test.dir/Users/ssnow/.pico-sdk/sdk/2.2.0/src/rp2_common/pico_float/float_aeabi_rp2040.S.o
                0x10003988                float2uint
                0x10003988                float2uint_z
                0x10003988                __wrap___aeabi_f2uiz
 .text.__wrap___aeabi_f2d
                0x10003994       0x14 CMakeFiles/bldc_pulse_test.dir/Users/ssnow/.pico-sdk/sdk/2.2.0/src/rp2_common/pico_float/float_aeabi_rp2040.S.o
                0x10003994                __wrap___aeabi_f2d
 .text.__aeabi_float_init
                0x100039a8       0x64 CMakeFiles/bldc_pulse_test.dir/Users/ssnow/.pico-sdk/sdk/2.2.0/src/rp2_common/pico_float/float_init_rom_rp2040.c.o
                0x100039a8                __aeabi_float_init
 .text.float_table_shim_on_use_helper
                0x10003a0c       0x2c CMakeFiles/bldc_pulse_test.dir/Users/ssnow/.pico-sdk/sdk/2.2.0/src/rp2_common/pico_float/float_v1_rom_shim_rp2040.S.o
                0x10003a0c                float_table_shim_on_use_helper
 .text.float2double_shim
                0x10003a38       0x30 CMakeFiles/bldc_pulse_test.dir/Users/ssnow/.pico-sdk/sdk/2.2.0/src/rp2_common/pico_float/float_v1_rom_shim_rp2040.S.o
                0x10003a38                float2double_shim
 .text          0x10003a68       0x10 CMakeFiles/bldc_pulse_test.dir/Users/ssnow/.pico-sdk/sdk/2.2.0/src/rp2_common/pico_mem_ops/mem_ops_aeabi.S.o
                0x10003a68                __aeabi_mem_init
 .text.memset   0x10003a78        0xc CMakeFiles/bldc_pulse_test.dir/Users/ssnow/.pico-sdk/sdk/2.2.0/src/rp2_common/pico_mem_ops/mem_ops_aeabi.S.o
                0x10003a78                __wrap_memset
 .text.memcpy   0x10003a84        0xc CMakeFiles/bldc_pulse_test.dir/Users/ssnow/.pico-sdk/sdk/2.2.0/src/rp2_common/pico_mem_ops/mem_ops_aeabi.S.o
                0x10003a84                __wrap___aeabi_memcpy
                0x10003a84                __wrap_memcpy
 .text._out_null
                0x10003a90        0x4 CMakeFiles/bldc_pulse_test.dir/Users/ssnow/.pico-sdk/sdk/2.2.0/src/rp2_common/pico_printf/printf.c.o
 .text._out_rev
                0x10003a94       0xac CMakeFiles/bldc_pulse_test.dir/Users/ssnow/.pico-sdk/sdk/2.2.0/src/rp2_common/pico_printf/printf.c.o
 .text._ntoa_format
                0x10003b40      0x1cc CMakeFiles/bldc_pulse_test.dir/Users/ssnow/.pico-sdk/sdk/2.2.0/src/rp2_common/pico_printf/printf.c.o
 .text._out_char
                0x10003d0c       0x10 CMakeFiles/bldc_pulse_test.dir/Users/ssnow/.pico-sdk/sdk/2.2.0/src/rp2_common/pico_printf/printf.c.o
 .text._out_fct
                0x10003d1c       0x10 CMakeFiles/bldc_pulse_test.dir/Users/ssnow/.pico-sdk/sdk/2.2.0/src/rp2_common/pico_printf/printf.c.o
 .text._ftoa    0x10003d2c      0x4a8 CMakeFiles/bldc_pulse_test.dir/Users/ssnow/.pico-sdk/sdk/2.2.0/src/rp2_common/pico_printf/printf.c.o
 .text._etoa    0x100041d4      0x57c CMakeFiles/bldc_pulse_test.dir/Users/ssnow/.pico-sdk/sdk/2.2.0/src/rp2_common/pico_printf/printf.c.o
 .text._vsnprintf
                0x10004750      0xbe0 CMakeFiles/bldc_pulse_test.dir/Users/ssnow/.pico-sdk/sdk/2.2.0/src/rp2_common/pico_printf/printf.c.o
 .text.vfctprintf
                0x10005330       0x24 CMakeFiles/bldc_pulse_test.dir/Users/ssnow/.pico-sdk/sdk/2.2.0/src/rp2_common/pico_printf/printf.c.o
                0x10005330                vfctprintf
 .text.weak_raw_vprintf
                0x10005354       0x30 CMakeFiles/bldc_pulse_test.dir/Users/ssnow/.pico-sdk/sdk/2.2.0/src/rp2_common/pico_printf/printf.c.o
                0x10005354                weak_raw_vprintf
 .text._exit    0x10005384        0x4 CMakeFiles/bldc_pulse_test.dir/Users/ssnow/.pico-sdk/sdk/2.2.0/src/rp2_common/pico_clib_interface/newlib_interface.c.o
                0x10005384                _exit
 .text.exit     0x10005388        0x8 CMakeFiles/bldc_pulse_test.dir/Users/ssnow/.pico-sdk/sdk/2.2.0/src/rp2_common/pico_clib_interface/newlib_interface.c.o
                0x10005388                exit
 .text.runtime_init
                0x10005390       0x2c CMakeFiles/bldc_pulse_test.dir/Users/ssnow/.pico-sdk/sdk/2.2.0/src/rp2_common/pico_clib_interface/newlib_interface.c.o
                0x10005390                runtime_init
 .text.stdio_out_chars_no_crlf
                0x100053bc       0x10 CMakeFiles/bldc_pulse_test.dir/Users/ssnow/.pico-sdk/sdk/2.2.0/src/rp2_common/pico_stdio/stdio.c.o
 .text.stdio_out_chars_crlf
                0x100053cc       0xb0 CMakeFiles/bldc_pulse_test.dir/Users/ssnow/.pico-sdk/sdk/2.2.0/src/rp2_common/pico_stdio/stdio.c.o
 .text.stdio_buffered_printer
                0x1000547c       0x64 CMakeFiles/bldc_pulse_test.dir/Users/ssnow/.pico-sdk/sdk/2.2.0/src/rp2_common/pico_stdio/stdio.c.o
 .text.stdio_put_string
                0x100054e0       0xfc CMakeFiles/bldc_pulse_test.dir/Users/ssnow/.pico-sdk/sdk/2.2.0/src/rp2_common/pico_stdio/stdio.c.o
                0x100054e0                stdio_put_string
 .text.stdio_set_driver_enabled
                0x100055dc       0x30 CMakeFiles/bldc_pulse_test.dir/Users/ssnow/.pico-sdk/sdk/2.2.0/src/rp2_common/pico_stdio/stdio.c.o
                0x100055dc                stdio_set_driver_enabled
 .text.stdio_init_all
                0x1000560c        0x8 CMakeFiles/bldc_pulse_test.dir/Users/ssnow/.pico-sdk/sdk/2.2.0/src/rp2_common/pico_stdio/stdio.c.o
                0x1000560c                stdio_init_all
 .text.__wrap_putchar
                0x10005614       0x94 CMakeFiles/bldc_pulse_test.dir/Users/ssnow/.pico-sdk/sdk/2.2.0/src/rp2_common/pico_stdio/stdio.c.o
                0x10005614                stdio_putchar
                0x10005614                __wrap_putchar
 .text.__wrap_puts
                0x100056a8       0x3c CMakeFiles/bldc_pulse_test.dir/Users/ssnow/.pico-sdk/sdk/2.2.0/src/rp2_common/pico_stdio/stdio.c.o
                0x100056a8                __wrap_puts
                0x100056a8                stdio_puts
 .text.__wrap_vprintf
                0x100056e4       0xcc CMakeFiles/bldc_pulse_test.dir/Users/ssnow/.pico-sdk/sdk/2.2.0/src/rp2_common/pico_stdio/stdio.c.o
                0x100056e4                __wrap_vprintf
                0x100056e4                stdio_vprintf
 .text.__wrap_printf
                0x100057b0       0x18 CMakeFiles/bldc_pulse_test.dir/Users/ssnow/.pico-sdk/sdk/2.2.0/src/rp2_common/pico_stdio/stdio.c.o
                0x100057b0                stdio_printf
                0x100057b0                __wrap_printf
 .text.resetd_init
                0x100057c8        0x4 CMakeFiles/bldc_pulse_test.dir/Users/ssnow/.pico-sdk/sdk/2.2.0/src/rp2_common/pico_stdio_usb/reset_interface.c.o
 .text.resetd_reset
                0x100057cc        0xc CMakeFiles/bldc_pulse_test.dir/Users/ssnow/.pico-sdk/sdk/2.2.0/src/rp2_common/pico_stdio_usb/reset_interface.c.o
 .text.resetd_open
                0x100057d8       0x28 CMakeFiles/bldc_pulse_test.dir/Users/ssnow/.pico-sdk/sdk/2.2.0/src/rp2_common/pico_stdio_usb/reset_interface.c.o
 .text.resetd_xfer_cb
                0x10005800        0x4 CMakeFiles/bldc_pulse_test.dir/Users/ssnow/.pico-sdk/sdk/2.2.0/src/rp2_common/pico_stdio_usb/reset_interface.c.o
 .text.resetd_control_xfer_cb
                0x10005804       0x54 CMakeFiles/bldc_pulse_test.dir/Users/ssnow/.pico-sdk/sdk/2.2.0/src/rp2_common/pico_stdio_usb/reset_interface.c.o
 .text.tud_descriptor_bos_cb
                0x10005858        0x8 CMakeFiles/bldc_pulse_test.dir/Users/ssnow/.pico-sdk/sdk/2.2.0/src/rp2_common/pico_stdio_usb/reset_interface.c.o
                0x10005858                tud_descriptor_bos_cb
 .text.tud_vendor_control_xfer_cb
                0x10005860       0x34 CMakeFiles/bldc_pulse_test.dir/Users/ssnow/.pico-sdk/sdk/2.2.0/src/rp2_common/pico_stdio_usb/reset_interface.c.o
                0x10005860                tud_vendor_control_xfer_cb
 .text.usbd_app_driver_get_cb
                0x10005894        0xc CMakeFiles/bldc_pulse_test.dir/Users/ssnow/.pico-sdk/sdk/2.2.0/src/rp2_common/pico_stdio_usb/reset_interface.c.o
                0x10005894                usbd_app_driver_get_cb
 .text.tud_cdc_line_coding_cb
                0x100058a0       0x2c CMakeFiles/bldc_pulse_test.dir/Users/ssnow/.pico-sdk/sdk/2.2.0/src/rp2_common/pico_stdio_usb/reset_interface.c.o
                0x100058a0                tud_cdc_line_coding_cb
 .text.stdio_usb_set_chars_available_callback
                0x100058cc       0x14 CMakeFiles/bldc_pulse_test.dir/Users/ssnow/.pico-sdk/sdk/2.2.0/src/rp2_common/pico_stdio_usb/stdio_usb.c.o
                0x100058cc                stdio_usb_set_chars_available_callback
 .text.usb_irq  0x100058e0       0x10 CMakeFiles/bldc_pulse_test.dir/Users/ssnow/.pico-sdk/sdk/2.2.0/src/rp2_common/pico_stdio_usb/stdio_usb.c.o
 .text.timer_task
                0x100058f0       0x64 CMakeFiles/bldc_pulse_test.dir/Users/ssnow/.pico-sdk/sdk/2.2.0/src/rp2_common/pico_stdio_usb/stdio_usb.c.o
 .text.stdio_usb_in_chars
                0x10005954       0x8c CMakeFiles/bldc_pulse_test.dir/Users/ssnow/.pico-sdk/sdk/2.2.0/src/rp2_common/pico_stdio_usb/stdio_usb.c.o
                0x10005954                stdio_usb_in_chars
 .text.stdio_usb_out_flush
                0x100059e0       0x4c CMakeFiles/bldc_pulse_test.dir/Users/ssnow/.pico-sdk/sdk/2.2.0/src/rp2_common/pico_stdio_usb/stdio_usb.c.o
 .text.stdio_usb_out_chars
                0x10005a2c      0x100 CMakeFiles/bldc_pulse_test.dir/Users/ssnow/.pico-sdk/sdk/2.2.0/src/rp2_common/pico_stdio_usb/stdio_usb.c.o
 .text.low_priority_worker_irq
                0x10005b2c       0xc8 CMakeFiles/bldc_pulse_test.dir/Users/ssnow/.pico-sdk/sdk/2.2.0/src/rp2_common/pico_stdio_usb/stdio_usb.c.o
 .text.stdio_usb_init
                0x10005bf4       0xe8 CMakeFiles/bldc_pulse_test.dir/Users/ssnow/.pico-sdk/sdk/2.2.0/src/rp2_common/pico_stdio_usb/stdio_usb.c.o
                0x10005bf4                stdio_usb_init
 .text.tud_descriptor_device_cb
                0x10005cdc        0x8 CMakeFiles/bldc_pulse_test.dir/Users/ssnow/.pico-sdk/sdk/2.2.0/src/rp2_common/pico_stdio_usb/stdio_usb_descriptors.c.o
                0x10005cdc                tud_descriptor_device_cb
 .text.tud_descriptor_configuration_cb
                0x10005ce4        0x8 CMakeFiles/bldc_pulse_test.dir/Users/ssnow/.pico-sdk/sdk/2.2.0/src/rp2_common/pico_stdio_usb/stdio_usb_descriptors.c.o
                0x10005ce4                tud_descriptor_configuration_cb
 .text.tud_descriptor_string_cb
                0x10005cec       0x78 CMakeFiles/bldc_pulse_test.dir/Users/ssnow/.pico-sdk/sdk/2.2.0/src/rp2_common/pico_stdio_usb/stdio_usb_descriptors.c.o
                0x10005cec                tud_descriptor_string_cb
 .text.startup._retrieve_unique_id_on_boot
                0x10005d64       0x10 CMakeFiles/bldc_pulse_test.dir/Users/ssnow/.pico-sdk/sdk/2.2.0/src/rp2_common/pico_unique_id/unique_id.c.o
 .text.pico_get_unique_board_id_string
                0x10005d74      0x1a8 CMakeFiles/bldc_pulse_test.dir/Users/ssnow/.pico-sdk/sdk/2.2.0/src/rp2_common/pico_unique_id/unique_id.c.o
                0x10005d74                pico_get_unique_board_id_string
 .text.flash_get_unique_id
                0x10005f1c       0x3c CMakeFiles/bldc_pulse_test.dir/Users/ssnow/.pico-sdk/sdk/2.2.0/src/rp2_common/hardware_flash/flash.c.o
                0x10005f1c                flash_get_unique_id
 .text.dcd_init
                0x10005f58       0x90 CMakeFiles/bldc_pulse_test.dir/Users/ssnow/.pico-sdk/sdk/2.2.0/lib/tinyusb/src/portable/raspberrypi/rp2040/dcd_rp2040.c.o
                0x10005f58                dcd_init
 .text.dcd_int_enable
                0x10005fe8        0xc CMakeFiles/bldc_pulse_test.dir/Users/ssnow/.pico-sdk/sdk/2.2.0/lib/tinyusb/src/portable/raspberrypi/rp2040/dcd_rp2040.c.o
                0x10005fe8                dcd_int_enable
 .text.dcd_set_address
                0x10005ff4       0x14 CMakeFiles/bldc_pulse_test.dir/Users/ssnow/.pico-sdk/sdk/2.2.0/lib/tinyusb/src/portable/raspberrypi/rp2040/dcd_rp2040.c.o
                0x10005ff4                dcd_set_address
 .text.dcd_sof_enable
                0x10006008       0x1c CMakeFiles/bldc_pulse_test.dir/Users/ssnow/.pico-sdk/sdk/2.2.0/lib/tinyusb/src/portable/raspberrypi/rp2040/dcd_rp2040.c.o
                0x10006008                dcd_sof_enable
 .text.dcd_edpt0_status_complete
                0x10006024       0x1c CMakeFiles/bldc_pulse_test.dir/Users/ssnow/.pico-sdk/sdk/2.2.0/lib/tinyusb/src/portable/raspberrypi/rp2040/dcd_rp2040.c.o
                0x10006024                dcd_edpt0_status_complete
 .text.dcd_edpt_open
                0x10006040      0x114 CMakeFiles/bldc_pulse_test.dir/Users/ssnow/.pico-sdk/sdk/2.2.0/lib/tinyusb/src/portable/raspberrypi/rp2040/dcd_rp2040.c.o
                0x10006040                dcd_edpt_open
 .text.dcd_edpt_close_all
                0x10006154        0x8 CMakeFiles/bldc_pulse_test.dir/Users/ssnow/.pico-sdk/sdk/2.2.0/lib/tinyusb/src/portable/raspberrypi/rp2040/dcd_rp2040.c.o
                0x10006154                dcd_edpt_close_all
 .text.dcd_edpt_xfer
                0x1000615c       0x24 CMakeFiles/bldc_pulse_test.dir/Users/ssnow/.pico-sdk/sdk/2.2.0/lib/tinyusb/src/portable/raspberrypi/rp2040/dcd_rp2040.c.o
                0x1000615c                dcd_edpt_xfer
 .text.dcd_edpt_stall
                0x10006180       0x3c CMakeFiles/bldc_pulse_test.dir/Users/ssnow/.pico-sdk/sdk/2.2.0/lib/tinyusb/src/portable/raspberrypi/rp2040/dcd_rp2040.c.o
                0x10006180                dcd_edpt_stall
 .text.dcd_edpt_clear_stall
                0x100061bc       0x30 CMakeFiles/bldc_pulse_test.dir/Users/ssnow/.pico-sdk/sdk/2.2.0/lib/tinyusb/src/portable/raspberrypi/rp2040/dcd_rp2040.c.o
                0x100061bc                dcd_edpt_clear_stall
 .text.rp2040_usb_init
                0x100061ec       0x40 CMakeFiles/bldc_pulse_test.dir/Users/ssnow/.pico-sdk/sdk/2.2.0/lib/tinyusb/src/portable/raspberrypi/rp2040/rp2040_usb.c.o
                0x100061ec                rp2040_usb_init
 .text.hw_endpoint_xfer_start
                0x1000622c       0x40 CMakeFiles/bldc_pulse_test.dir/Users/ssnow/.pico-sdk/sdk/2.2.0/lib/tinyusb/src/portable/raspberrypi/rp2040/rp2040_usb.c.o
                0x1000622c                hw_endpoint_xfer_start
 .text.tud_event_hook_cb
                0x1000626c        0x4 CMakeFiles/bldc_pulse_test.dir/Users/ssnow/.pico-sdk/sdk/2.2.0/lib/tinyusb/src/device/usbd.c.o
                0x1000626c                tud_event_hook_cb
 .text.tud_sof_cb
                0x10006270        0x4 CMakeFiles/bldc_pulse_test.dir/Users/ssnow/.pico-sdk/sdk/2.2.0/lib/tinyusb/src/device/usbd.c.o
                0x10006270                tud_sof_cb
 .text.tud_descriptor_device_qualifier_cb
                0x10006274        0x4 CMakeFiles/bldc_pulse_test.dir/Users/ssnow/.pico-sdk/sdk/2.2.0/lib/tinyusb/src/device/usbd.c.o
                0x10006274                tud_descriptor_device_qualifier_cb
 .text.tud_descriptor_other_speed_configuration_cb
                0x10006278        0x4 CMakeFiles/bldc_pulse_test.dir/Users/ssnow/.pico-sdk/sdk/2.2.0/lib/tinyusb/src/device/usbd.c.o
                0x10006278                tud_descriptor_other_speed_configuration_cb
 .text.tud_mount_cb
                0x1000627c        0x4 CMakeFiles/bldc_pulse_test.dir/Users/ssnow/.pico-sdk/sdk/2.2.0/lib/tinyusb/src/device/usbd.c.o
                0x1000627c                tud_mount_cb
 .text.tud_umount_cb
                0x10006280        0x4 CMakeFiles/bldc_pulse_test.dir/Users/ssnow/.pico-sdk/sdk/2.2.0/lib/tinyusb/src/device/usbd.c.o
                0x10006280                tud_umount_cb
 .text.tud_suspend_cb
                0x10006284        0x4 CMakeFiles/bldc_pulse_test.dir/Users/ssnow/.pico-sdk/sdk/2.2.0/lib/tinyusb/src/device/usbd.c.o
                0x10006284                tud_suspend_cb
 .text.tud_resume_cb
                0x10006288        0x4 CMakeFiles/bldc_pulse_test.dir/Users/ssnow/.pico-sdk/sdk/2.2.0/lib/tinyusb/src/device/usbd.c.o
                0x10006288                tud_resume_cb
 .text.tud_mounted
                0x1000628c       0x10 CMakeFiles/bldc_pulse_test.dir/Users/ssnow/.pico-sdk/sdk/2.2.0/lib/tinyusb/src/device/usbd.c.o
                0x1000628c                tud_mounted
 .text.tud_suspended
                0x1000629c       0x10 CMakeFiles/bldc_pulse_test.dir/Users/ssnow/.pico-sdk/sdk/2.2.0/lib/tinyusb/src/device/usbd.c.o
                0x1000629c                tud_suspended
 .text.tud_rhport_init
                0x100062ac       0xf4 CMakeFiles/bldc_pulse_test.dir/Users/ssnow/.pico-sdk/sdk/2.2.0/lib/tinyusb/src/device/usbd.c.o
                0x100062ac                tud_rhport_init
 .text.tud_task_ext
                0x100063a0      0x800 CMakeFiles/bldc_pulse_test.dir/Users/ssnow/.pico-sdk/sdk/2.2.0/lib/tinyusb/src/device/usbd.c.o
                0x100063a0                tud_task_ext
 .text.usbd_open_edpt_pair
                0x10006ba0       0x9c CMakeFiles/bldc_pulse_test.dir/Users/ssnow/.pico-sdk/sdk/2.2.0/lib/tinyusb/src/device/usbd.c.o
                0x10006ba0                usbd_open_edpt_pair
 .text.usbd_edpt_open
                0x10006c3c       0x34 CMakeFiles/bldc_pulse_test.dir/Users/ssnow/.pico-sdk/sdk/2.2.0/lib/tinyusb/src/device/usbd.c.o
                0x10006c3c                usbd_edpt_open
 .text.usbd_edpt_claim
                0x10006c70       0x28 CMakeFiles/bldc_pulse_test.dir/Users/ssnow/.pico-sdk/sdk/2.2.0/lib/tinyusb/src/device/usbd.c.o
                0x10006c70                usbd_edpt_claim
 .text.usbd_edpt_release
                0x10006c98       0x28 CMakeFiles/bldc_pulse_test.dir/Users/ssnow/.pico-sdk/sdk/2.2.0/lib/tinyusb/src/device/usbd.c.o
                0x10006c98                usbd_edpt_release
 .text.usbd_edpt_xfer
                0x10006cc0       0x4c CMakeFiles/bldc_pulse_test.dir/Users/ssnow/.pico-sdk/sdk/2.2.0/lib/tinyusb/src/device/usbd.c.o
                0x10006cc0                usbd_edpt_xfer
 .text.tud_control_status
                0x10006d0c       0x2c CMakeFiles/bldc_pulse_test.dir/Users/ssnow/.pico-sdk/sdk/2.2.0/lib/tinyusb/src/device/usbd_control.c.o
                0x10006d0c                tud_control_status
 .text.tud_control_xfer
                0x10006d38       0xa8 CMakeFiles/bldc_pulse_test.dir/Users/ssnow/.pico-sdk/sdk/2.2.0/lib/tinyusb/src/device/usbd_control.c.o
                0x10006d38                tud_control_xfer
 .text.usbd_control_reset
                0x10006de0       0x14 CMakeFiles/bldc_pulse_test.dir/Users/ssnow/.pico-sdk/sdk/2.2.0/lib/tinyusb/src/device/usbd_control.c.o
                0x10006de0                usbd_control_reset
 .text.usbd_control_set_complete_callback
                0x10006df4        0xc CMakeFiles/bldc_pulse_test.dir/Users/ssnow/.pico-sdk/sdk/2.2.0/lib/tinyusb/src/device/usbd_control.c.o
                0x10006df4                usbd_control_set_complete_callback
 .text.usbd_control_set_request
                0x10006e00       0x1c CMakeFiles/bldc_pulse_test.dir/Users/ssnow/.pico-sdk/sdk/2.2.0/lib/tinyusb/src/device/usbd_control.c.o
                0x10006e00                usbd_control_set_request
 .text.usbd_control_xfer_cb
                0x10006e1c       0xec CMakeFiles/bldc_pulse_test.dir/Users/ssnow/.pico-sdk/sdk/2.2.0/lib/tinyusb/src/device/usbd_control.c.o
                0x10006e1c                usbd_control_xfer_cb
 .text._prep_out_transaction.isra.0
                0x10006f08       0x6c CMakeFiles/bldc_pulse_test.dir/Users/ssnow/.pico-sdk/sdk/2.2.0/lib/tinyusb/src/class/cdc/cdc_device.c.o
 .text.tud_cdc_n_connected
                0x10006f74       0x2c CMakeFiles/bldc_pulse_test.dir/Users/ssnow/.pico-sdk/sdk/2.2.0/lib/tinyusb/src/class/cdc/cdc_device.c.o
                0x10006f74                tud_cdc_n_connected
 .text.tud_cdc_n_available
                0x10006fa0       0x14 CMakeFiles/bldc_pulse_test.dir/Users/ssnow/.pico-sdk/sdk/2.2.0/lib/tinyusb/src/class/cdc/cdc_device.c.o
                0x10006fa0                tud_cdc_n_available
 .text.tud_cdc_n_read
                0x10006fb4       0x88 CMakeFiles/bldc_pulse_test.dir/Users/ssnow/.pico-sdk/sdk/2.2.0/lib/tinyusb/src/class/cdc/cdc_device.c.o
                0x10006fb4                tud_cdc_n_read
 .text.tud_cdc_n_write_flush
                0x1000703c       0x74 CMakeFiles/bldc_pulse_test.dir/Users/ssnow/.pico-sdk/sdk/2.2.0/lib/tinyusb/src/class/cdc/cdc_device.c.o
                0x1000703c                tud_cdc_n_write_flush
 .text.tud_cdc_n_write
                0x100070b0       0x40 CMakeFiles/bldc_pulse_test.dir/Users/ssnow/.pico-sdk/sdk/2.2.0/lib/tinyusb/src/class/cdc/cdc_device.c.o
                0x100070b0                tud_cdc_n_write
 .text.tud_cdc_n_write_available
                0x100070f0       0x14 CMakeFiles/bldc_pulse_test.dir/Users/ssnow/.pico-sdk/sdk/2.2.0/lib/tinyusb/src/class/cdc/cdc_device.c.o
                0x100070f0                tud_cdc_n_write_available
 .text.cdcd_init
                0x10007104       0x70 CMakeFiles/bldc_pulse_test.dir/Users/ssnow/.pico-sdk/sdk/2.2.0/lib/tinyusb/src/class/cdc/cdc_device.c.o
                0x10007104                cdcd_init
 .text.cdcd_deinit
                0x10007174       0x30 CMakeFiles/bldc_pulse_test.dir/Users/ssnow/.pico-sdk/sdk/2.2.0/lib/tinyusb/src/class/cdc/cdc_device.c.o
                0x10007174                cdcd_deinit
 .text.cdcd_reset
                0x100071a4       0x4c CMakeFiles/bldc_pulse_test.dir/Users/ssnow/.pico-sdk/sdk/2.2.0/lib/tinyusb/src/class/cdc/cdc_device.c.o
                0x100071a4                cdcd_reset
 .text.cdcd_open
                0x100071f0       0xa4 CMakeFiles/bldc_pulse_test.dir/Users/ssnow/.pico-sdk/sdk/2.2.0/lib/tinyusb/src/class/cdc/cdc_device.c.o
                0x100071f0                cdcd_open
 .text.cdcd_control_xfer_cb
                0x10007294       0xe8 CMakeFiles/bldc_pulse_test.dir/Users/ssnow/.pico-sdk/sdk/2.2.0/lib/tinyusb/src/class/cdc/cdc_device.c.o
                0x10007294                cdcd_control_xfer_cb
 .text.cdcd_xfer_cb
                0x1000737c      0x100 CMakeFiles/bldc_pulse_test.dir/Users/ssnow/.pico-sdk/sdk/2.2.0/lib/tinyusb/src/class/cdc/cdc_device.c.o
                0x1000737c                cdcd_xfer_cb
 .text.vendord_init
                0x1000747c       0x5c CMakeFiles/bldc_pulse_test.dir/Users/ssnow/.pico-sdk/sdk/2.2.0/lib/tinyusb/src/class/vendor/vendor_device.c.o
                0x1000747c                vendord_init
 .text.vendord_deinit
                0x100074d8       0x1c CMakeFiles/bldc_pulse_test.dir/Users/ssnow/.pico-sdk/sdk/2.2.0/lib/tinyusb/src/class/vendor/vendor_device.c.o
                0x100074d8                vendord_deinit
 .text.vendord_reset
                0x100074f4       0x28 CMakeFiles/bldc_pulse_test.dir/Users/ssnow/.pico-sdk/sdk/2.2.0/lib/tinyusb/src/class/vendor/vendor_device.c.o
                0x100074f4                vendord_reset
 .text.vendord_open
                0x1000751c      0x120 CMakeFiles/bldc_pulse_test.dir/Users/ssnow/.pico-sdk/sdk/2.2.0/lib/tinyusb/src/class/vendor/vendor_device.c.o
                0x1000751c                vendord_open
 .text.vendord_xfer_cb
                0x1000763c       0x9c CMakeFiles/bldc_pulse_test.dir/Users/ssnow/.pico-sdk/sdk/2.2.0/lib/tinyusb/src/class/vendor/vendor_device.c.o
                0x1000763c                vendord_xfer_cb
 .text.tusb_rhport_init
                0x100076d8       0x4c CMakeFiles/bldc_pulse_test.dir/Users/ssnow/.pico-sdk/sdk/2.2.0/lib/tinyusb/src/tusb.c.o
                0x100076d8                tusb_rhport_init
 .text.tu_edpt_claim
                0x10007724       0x50 CMakeFiles/bldc_pulse_test.dir/Users/ssnow/.pico-sdk/sdk/2.2.0/lib/tinyusb/src/tusb.c.o
                0x10007724                tu_edpt_claim
 .text.tu_edpt_release
                0x10007774       0x38 CMakeFiles/bldc_pulse_test.dir/Users/ssnow/.pico-sdk/sdk/2.2.0/lib/tinyusb/src/tusb.c.o
                0x10007774                tu_edpt_release
 .text.tu_edpt_validate
                0x100077ac       0x7c CMakeFiles/bldc_pulse_test.dir/Users/ssnow/.pico-sdk/sdk/2.2.0/lib/tinyusb/src/tusb.c.o
                0x100077ac                tu_edpt_validate
 .text.tu_edpt_bind_driver
                0x10007828       0x34 CMakeFiles/bldc_pulse_test.dir/Users/ssnow/.pico-sdk/sdk/2.2.0/lib/tinyusb/src/tusb.c.o
                0x10007828                tu_edpt_bind_driver
 .text.tu_edpt_stream_init
                0x1000785c       0x6c CMakeFiles/bldc_pulse_test.dir/Users/ssnow/.pico-sdk/sdk/2.2.0/lib/tinyusb/src/tusb.c.o
                0x1000785c                tu_edpt_stream_init
 .text.tu_edpt_stream_deinit
                0x100078c8        0x4 CMakeFiles/bldc_pulse_test.dir/Users/ssnow/.pico-sdk/sdk/2.2.0/lib/tinyusb/src/tusb.c.o
                0x100078c8                tu_edpt_stream_deinit
 .text.tu_edpt_stream_write_zlp_if_needed
                0x100078cc       0x68 CMakeFiles/bldc_pulse_test.dir/Users/ssnow/.pico-sdk/sdk/2.2.0/lib/tinyusb/src/tusb.c.o
                0x100078cc                tu_edpt_stream_write_zlp_if_needed
 .text.tu_edpt_stream_write_xfer
                0x10007934       0x68 CMakeFiles/bldc_pulse_test.dir/Users/ssnow/.pico-sdk/sdk/2.2.0/lib/tinyusb/src/tusb.c.o
                0x10007934                tu_edpt_stream_write_xfer
 .text.tu_edpt_stream_read_xfer
                0x1000799c       0xd8 CMakeFiles/bldc_pulse_test.dir/Users/ssnow/.pico-sdk/sdk/2.2.0/lib/tinyusb/src/tusb.c.o
                0x1000799c                tu_edpt_stream_read_xfer
 .text.tu_fifo_config
                0x10007a74       0x6c CMakeFiles/bldc_pulse_test.dir/Users/ssnow/.pico-sdk/sdk/2.2.0/lib/tinyusb/src/common/tusb_fifo.c.o
                0x10007a74                tu_fifo_config
 .text.tu_fifo_count
                0x10007ae0       0x2c CMakeFiles/bldc_pulse_test.dir/Users/ssnow/.pico-sdk/sdk/2.2.0/lib/tinyusb/src/common/tusb_fifo.c.o
                0x10007ae0                tu_fifo_count
 .text.tu_fifo_empty
                0x10007b0c       0x10 CMakeFiles/bldc_pulse_test.dir/Users/ssnow/.pico-sdk/sdk/2.2.0/lib/tinyusb/src/common/tusb_fifo.c.o
                0x10007b0c                tu_fifo_empty
 .text.tu_fifo_remaining
                0x10007b1c       0x2c CMakeFiles/bldc_pulse_test.dir/Users/ssnow/.pico-sdk/sdk/2.2.0/lib/tinyusb/src/common/tusb_fifo.c.o
                0x10007b1c                tu_fifo_remaining
 .text.tu_fifo_read
                0x10007b48       0x9c CMakeFiles/bldc_pulse_test.dir/Users/ssnow/.pico-sdk/sdk/2.2.0/lib/tinyusb/src/common/tusb_fifo.c.o
                0x10007b48                tu_fifo_read
 .text.tu_fifo_read_n
                0x10007be4       0xe8 CMakeFiles/bldc_pulse_test.dir/Users/ssnow/.pico-sdk/sdk/2.2.0/lib/tinyusb/src/common/tusb_fifo.c.o
                0x10007be4                tu_fifo_read_n
 .text.tu_fifo_write
                0x10007ccc       0xa4 CMakeFiles/bldc_pulse_test.dir/Users/ssnow/.pico-sdk/sdk/2.2.0/lib/tinyusb/src/common/tusb_fifo.c.o
                0x10007ccc                tu_fifo_write
 .text.tu_fifo_write_n
                0x10007d70      0x178 CMakeFiles/bldc_pulse_test.dir/Users/ssnow/.pico-sdk/sdk/2.2.0/lib/tinyusb/src/common/tusb_fifo.c.o
                0x10007d70                tu_fifo_write_n
 .text.tu_fifo_clear
                0x10007ee8       0x40 CMakeFiles/bldc_pulse_test.dir/Users/ssnow/.pico-sdk/sdk/2.2.0/lib/tinyusb/src/common/tusb_fifo.c.o
                0x10007ee8                tu_fifo_clear
 .text.tu_fifo_set_overwritable
                0x10007f28       0x48 CMakeFiles/bldc_pulse_test.dir/Users/ssnow/.pico-sdk/sdk/2.2.0/lib/tinyusb/src/common/tusb_fifo.c.o
                0x10007f28                tu_fifo_set_overwritable
 .text.spi_init
                0x10007f70      0x13c CMakeFiles/bldc_pulse_test.dir/Users/ssnow/.pico-sdk/sdk/2.2.0/src/rp2_common/hardware_spi/spi.c.o
                0x10007f70                spi_init
 .text.strlen   0x100080ac       0x5c /Users/ssnow/.pico-sdk/toolchain/14_2_Rel1/bin/../lib/gcc/arm-none-eabi/14.2.1/../../../../arm-none-eabi/lib/thumb/v6-m/nofp/libg.a(libc_a-strlen-stub.o)
                0x100080ac                strlen
 *(.fini)
 .fini          0x10008108        0x4 /Users/ssnow/.pico-sdk/toolchain/14_2_Rel1/bin/../lib/gcc/arm-none-eabi/14.2.1/thumb/v6-m/nofp/crti.o
                0x10008108                _fini
 *fill*         0x1000810c        0x4 
 .fini.__stub   0x10008110       0xd0 linker stubs
 *crtbegin.o(.ctors)
 *crtbegin?.o(.ctors)
 *(EXCLUDE_FILE(*crtend.o *crtend?.o) .ctors)
 *(SORT_BY_NAME(.ctors.*))
 *(.ctors)
 *crtbegin.o(.dtors)
 *crtbegin?.o(.dtors)
 *(EXCLUDE_FILE(*crtend.o *crtend?.o) .dtors)
 *(SORT_BY_NAME(.dtors.*))
 *(.dtors)
                0x100081e0                        . = ALIGN (0x4)
                0x100081e0                        PROVIDE (__preinit_array_start = .)
 *(SORT_BY_NAME(.preinit_array.*))
 .preinit_array.00100
                0x100081e0        0x4 CMakeFiles/bldc_pulse_test.dir/Users/ssnow/.pico-sdk/sdk/2.2.0/src/rp2_common/pico_runtime_init/runtime_init.c.o
                0x100081e0                __pre_init_runtime_init_early_resets
 .preinit_array.00101
                0x100081e4        0x4 CMakeFiles/bldc_pulse_test.dir/Users/ssnow/.pico-sdk/sdk/2.2.0/src/rp2_common/pico_runtime_init/runtime_init.c.o
                0x100081e4                __pre_init_runtime_init_usb_power_down
 .preinit_array.00275
                0x100081e8        0x4 CMakeFiles/bldc_pulse_test.dir/Users/ssnow/.pico-sdk/sdk/2.2.0/src/rp2_common/pico_bit_ops/bit_ops_aeabi.S.o
 .preinit_array.00300
                0x100081ec        0x4 CMakeFiles/bldc_pulse_test.dir/Users/ssnow/.pico-sdk/sdk/2.2.0/src/rp2_common/pico_mem_ops/mem_ops_aeabi.S.o
 .preinit_array.00350
                0x100081f0        0x4 CMakeFiles/bldc_pulse_test.dir/Users/ssnow/.pico-sdk/sdk/2.2.0/src/rp2_common/pico_double/double_aeabi_rp2040.S.o
 .preinit_array.00350
                0x100081f4        0x4 CMakeFiles/bldc_pulse_test.dir/Users/ssnow/.pico-sdk/sdk/2.2.0/src/rp2_common/pico_float/float_aeabi_rp2040.S.o
 .preinit_array.00500
                0x100081f8        0x4 CMakeFiles/bldc_pulse_test.dir/Users/ssnow/.pico-sdk/sdk/2.2.0/src/rp2_common/pico_runtime_init/runtime_init.c.o
                0x100081f8                __pre_init_runtime_init_clocks
 .preinit_array.00600
                0x100081fc        0x4 CMakeFiles/bldc_pulse_test.dir/Users/ssnow/.pico-sdk/sdk/2.2.0/src/rp2_common/pico_runtime_init/runtime_init.c.o
                0x100081fc                __pre_init_runtime_init_post_clock_resets
 .preinit_array.00700
                0x10008200        0x4 CMakeFiles/bldc_pulse_test.dir/Users/ssnow/.pico-sdk/sdk/2.2.0/src/rp2_common/pico_runtime_init/runtime_init.c.o
                0x10008200                __pre_init_runtime_init_rp2040_gpio_ie_disable
 .preinit_array.01000
                0x10008204        0x4 CMakeFiles/bldc_pulse_test.dir/Users/ssnow/.pico-sdk/sdk/2.2.0/src/rp2_common/pico_runtime_init/runtime_init.c.o
                0x10008204                __pre_init_runtime_init_spin_locks_reset
 .preinit_array.01100
                0x10008208        0x4 CMakeFiles/bldc_pulse_test.dir/Users/ssnow/.pico-sdk/sdk/2.2.0/src/common/pico_sync/mutex.c.o
                0x10008208                __pre_init_runtime_init_mutex
 .preinit_array.10080
                0x1000820c        0x4 CMakeFiles/bldc_pulse_test.dir/Users/ssnow/.pico-sdk/sdk/2.2.0/src/rp2_common/pico_runtime_init/runtime_init.c.o
                0x1000820c                __pre_init_runtime_init_install_ram_vector_table
 .preinit_array.11000
                0x10008210        0x4 CMakeFiles/bldc_pulse_test.dir/Users/ssnow/.pico-sdk/sdk/2.2.0/src/common/pico_time/time.c.o
                0x10008210                __pre_init_runtime_init_default_alarm_pool
 .preinit_array.YYYYY
                0x10008214        0x4 CMakeFiles/bldc_pulse_test.dir/Users/ssnow/.pico-sdk/sdk/2.2.0/src/rp2_common/pico_runtime/runtime.c.o
                0x10008214                __pre_init_first_per_core_initializer
 .preinit_array.ZZZZZ.01200
                0x10008218        0x4 CMakeFiles/bldc_pulse_test.dir/Users/ssnow/.pico-sdk/sdk/2.2.0/src/rp2_common/hardware_irq/irq.c.o
                0x10008218                __pre_init_runtime_init_per_core_irq_priorities
 *(.preinit_array)
                0x1000821c                        PROVIDE (__preinit_array_end = .)
                0x1000821c                        . = ALIGN (0x4)
                0x1000821c                        PROVIDE (__init_array_start = .)
 *(SORT_BY_NAME(.init_array.*))
 .init_array.01000
                0x1000821c        0x4 CMakeFiles/bldc_pulse_test.dir/Users/ssnow/.pico-sdk/sdk/2.2.0/src/rp2_common/pico_unique_id/unique_id.c.o
 *(.init_array)
 .init_array    0x10008220        0x4 /Users/ssnow/.pico-sdk/toolchain/14_2_Rel1/bin/../lib/gcc/arm-none-eabi/14.2.1/thumb/v6-m/nofp/crtbegin.o
 .init_array    0x10008224        0x4 CMakeFiles/bldc_pulse_test.dir/main.cpp.o
                0x10008228                        PROVIDE (__init_array_end = .)
                0x10008228                        . = ALIGN (0x4)
                [!provide]                        PROVIDE (__fini_array_start = .)
 *(SORT_BY_NAME(.fini_array.*))
 *(.fini_array)
                [!provide]                        PROVIDE (__fini_array_end = .)
 *(.eh_frame*)
 .eh_frame      0x10008228        0x0 /Users/ssnow/.pico-sdk/toolchain/14_2_Rel1/bin/../lib/gcc/arm-none-eabi/14.2.1/thumb/v6-m/nofp/crtbegin.o
                0x10008228                        . = ALIGN (0x4)

.glue_7         0x10008228        0x0
 .glue_7        0x10008228        0x0 linker stubs

.glue_7t        0x10008228        0x0
 .glue_7t       0x10008228        0x0 linker stubs

.vfp11_veneer   0x10008228        0x0
 .vfp11_veneer  0x10008228        0x0 linker stubs

.v4_bx          0x10008228        0x0
 .v4_bx         0x10008228        0x0 linker stubs

.iplt           0x10008228        0x0
 .iplt          0x10008228        0x0 /Users/ssnow/.pico-sdk/toolchain/14_2_Rel1/bin/../lib/gcc/arm-none-eabi/14.2.1/thumb/v6-m/nofp/crtbegin.o

.rodata         0x10008228      0xf24
 *(EXCLUDE_FILE(*libm.a: *libc.a:*lib_a-mem*.o *libgcc.a:) .rodata*)
 .rodata._Z12display_menuv.str1.4
                0x10008228      0xa54 CMakeFiles/bldc_pulse_test.dir/main.cpp.o
                                0x24b (size before relaxing)
 .rodata._Z13btn1_callbackv.str1.4
                0x10008c7c        0xf CMakeFiles/bldc_pulse_test.dir/main.cpp.o
 .rodata._Z13btn2_callbackv.str1.4
                0x10008c7c       0x41 CMakeFiles/bldc_pulse_test.dir/main.cpp.o
 .rodata._Z21display_pulse_monitorv.str1.4
                0x10008c7c      0x11e CMakeFiles/bldc_pulse_test.dir/main.cpp.o
 .rodata._Z16display_pwm_rampv.str1.4
                0x10008c7c       0xa4 CMakeFiles/bldc_pulse_test.dir/main.cpp.o
 .rodata._Z22display_direction_testv.str1.4
                0x10008c7c       0x8e CMakeFiles/bldc_pulse_test.dir/main.cpp.o
 .rodata._Z18display_brake_testv.str1.4
                0x10008c7c       0xc6 CMakeFiles/bldc_pulse_test.dir/main.cpp.o
 .rodata.main.str1.4
                0x10008c7c      0x1b5 CMakeFiles/bldc_pulse_test.dir/main.cpp.o
 .rodata.main   0x10008c7c       0x14 CMakeFiles/bldc_pulse_test.dir/main.cpp.o
 .rodata.str1.4
                0x10008c90       0x70 CMakeFiles/bldc_pulse_test.dir/main.cpp.o
 .rodata        0x10008c90       0x14 CMakeFiles/bldc_pulse_test.dir/main.cpp.o
 .rodata._ZN14BLDCSpeedPulse4initEv.str1.4
                0x10008ca4       0x50 CMakeFiles/bldc_pulse_test.dir/bldc_speed_pulse.cpp.o
 .rodata._ZN14BLDCSpeedPulse5resetEv.str1.4
                0x10008ca4       0x1c CMakeFiles/bldc_pulse_test.dir/bldc_speed_pulse.cpp.o
 .rodata._ZN13EP7172Display4initEv.str1.4
                0x10008ca4       0x1c CMakeFiles/bldc_pulse_test.dir/ep7172_lcd.cpp.o
 .rodata._ZN13ButtonControl21gpio_callback_wrapperEjm.str1.4
                0x10008ca4       0x3d CMakeFiles/bldc_pulse_test.dir/button_control.cpp.o
 .rodata._ZN13ButtonControl4initEv.str1.4
                0x10008ca4       0x30 CMakeFiles/bldc_pulse_test.dir/button_control.cpp.o
 .rodata.panic.str1.4
                0x10008ca4       0x12 CMakeFiles/bldc_pulse_test.dir/Users/ssnow/.pico-sdk/sdk/2.2.0/src/rp2_common/pico_platform_panic/panic.c.o
 .rodata.spin_lock_claim_unused.str1.4
                0x10008ca4       0x1b CMakeFiles/bldc_pulse_test.dir/Users/ssnow/.pico-sdk/sdk/2.2.0/src/rp2_common/hardware_sync/sync.c.o
 .rodata.user_irq_claim_unused.str1.4
                0x10008ca4       0x1b CMakeFiles/bldc_pulse_test.dir/Users/ssnow/.pico-sdk/sdk/2.2.0/src/rp2_common/hardware_irq/irq.c.o
 .rodata.timer_hardware_alarm_claim.str1.4
                0x10008ca4       0x22 CMakeFiles/bldc_pulse_test.dir/Users/ssnow/.pico-sdk/sdk/2.2.0/src/rp2_common/hardware_timer/timer.c.o
 .rodata.hard_assertion_failure.str1.4
                0x10008ca4        0xc CMakeFiles/bldc_pulse_test.dir/Users/ssnow/.pico-sdk/sdk/2.2.0/src/rp2_common/pico_runtime/runtime.c.o
 .rodata.str1.4
                0x10008ca4       0x44 CMakeFiles/bldc_pulse_test.dir/Users/ssnow/.pico-sdk/sdk/2.2.0/src/rp2_common/pico_standard_binary_info/standard_binary_info.c.o
 .rodata.__bi_84
                0x10008ca4        0xc CMakeFiles/bldc_pulse_test.dir/Users/ssnow/.pico-sdk/sdk/2.2.0/src/rp2_common/pico_standard_binary_info/standard_binary_info.c.o
 .rodata.__bi_78
                0x10008cb0        0xc CMakeFiles/bldc_pulse_test.dir/Users/ssnow/.pico-sdk/sdk/2.2.0/src/rp2_common/pico_standard_binary_info/standard_binary_info.c.o
 .rodata.__bi_54
                0x10008cbc        0xc CMakeFiles/bldc_pulse_test.dir/Users/ssnow/.pico-sdk/sdk/2.2.0/src/rp2_common/pico_standard_binary_info/standard_binary_info.c.o
 .rodata.__bi_48
                0x10008cc8        0xc CMakeFiles/bldc_pulse_test.dir/Users/ssnow/.pico-sdk/sdk/2.2.0/src/rp2_common/pico_standard_binary_info/standard_binary_info.c.o
 .rodata.__bi_42
                0x10008cd4        0xc CMakeFiles/bldc_pulse_test.dir/Users/ssnow/.pico-sdk/sdk/2.2.0/src/rp2_common/pico_standard_binary_info/standard_binary_info.c.o
 .rodata.__bi_34
                0x10008ce0        0xc CMakeFiles/bldc_pulse_test.dir/Users/ssnow/.pico-sdk/sdk/2.2.0/src/rp2_common/pico_standard_binary_info/standard_binary_info.c.o
 .rodata.__bi_26
                0x10008cec        0xc CMakeFiles/bldc_pulse_test.dir/Users/ssnow/.pico-sdk/sdk/2.2.0/src/rp2_common/pico_standard_binary_info/standard_binary_info.c.o
 .rodata._ftoa.str1.4
                0x10008cf8       0x15 CMakeFiles/bldc_pulse_test.dir/Users/ssnow/.pico-sdk/sdk/2.2.0/src/rp2_common/pico_printf/printf.c.o
 .rodata._vsnprintf
                0x10008cf8      0x19c CMakeFiles/bldc_pulse_test.dir/Users/ssnow/.pico-sdk/sdk/2.2.0/src/rp2_common/pico_printf/printf.c.o
 *fill*         0x10008e94        0x4 
 .rodata.pow10.0
                0x10008e98       0x50 CMakeFiles/bldc_pulse_test.dir/Users/ssnow/.pico-sdk/sdk/2.2.0/src/rp2_common/pico_printf/printf.c.o
 .rodata.crlf_str.0
                0x10008ee8        0x2 CMakeFiles/bldc_pulse_test.dir/Users/ssnow/.pico-sdk/sdk/2.2.0/src/rp2_common/pico_stdio/stdio.c.o
 *fill*         0x10008eea        0x2 
 .rodata._resetd_driver
                0x10008eec       0x20 CMakeFiles/bldc_pulse_test.dir/Users/ssnow/.pico-sdk/sdk/2.2.0/src/rp2_common/pico_stdio_usb/reset_interface.c.o
 .rodata.desc_ms_os_20
                0x10008f0c       0xa6 CMakeFiles/bldc_pulse_test.dir/Users/ssnow/.pico-sdk/sdk/2.2.0/src/rp2_common/pico_stdio_usb/reset_interface.c.o
 *fill*         0x10008fb2        0x2 
 .rodata.desc_bos
                0x10008fb4       0x21 CMakeFiles/bldc_pulse_test.dir/Users/ssnow/.pico-sdk/sdk/2.2.0/src/rp2_common/pico_stdio_usb/reset_interface.c.o
                0x10008fb4                desc_bos
 .rodata.str1.4
                0x10008fd5       0x13 CMakeFiles/bldc_pulse_test.dir/Users/ssnow/.pico-sdk/sdk/2.2.0/src/rp2_common/pico_stdio_usb/stdio_usb.c.o
 *fill*         0x10008fd5        0x3 
 .rodata.__bi_202.0
                0x10008fd8        0xc CMakeFiles/bldc_pulse_test.dir/Users/ssnow/.pico-sdk/sdk/2.2.0/src/rp2_common/pico_stdio_usb/stdio_usb.c.o
 .rodata.str1.4
                0x10008fe4       0x2a CMakeFiles/bldc_pulse_test.dir/Users/ssnow/.pico-sdk/sdk/2.2.0/src/rp2_common/pico_stdio_usb/stdio_usb_descriptors.c.o
 .rodata.usbd_desc_str
                0x10008fe4       0x18 CMakeFiles/bldc_pulse_test.dir/Users/ssnow/.pico-sdk/sdk/2.2.0/src/rp2_common/pico_stdio_usb/stdio_usb_descriptors.c.o
 .rodata.usbd_desc_cfg
                0x10008ffc       0x54 CMakeFiles/bldc_pulse_test.dir/Users/ssnow/.pico-sdk/sdk/2.2.0/src/rp2_common/pico_stdio_usb/stdio_usb_descriptors.c.o
 .rodata.usbd_desc_device
                0x10009050       0x12 CMakeFiles/bldc_pulse_test.dir/Users/ssnow/.pico-sdk/sdk/2.2.0/src/rp2_common/pico_stdio_usb/stdio_usb_descriptors.c.o
 .rodata.str1.4
                0x10009062       0x14 CMakeFiles/bldc_pulse_test.dir/Users/ssnow/.pico-sdk/sdk/2.2.0/lib/tinyusb/src/portable/raspberrypi/rp2040/dcd_rp2040.c.o
 .rodata.str1.4
                0x10009062       0x48 CMakeFiles/bldc_pulse_test.dir/Users/ssnow/.pico-sdk/sdk/2.2.0/lib/tinyusb/src/portable/raspberrypi/rp2040/rp2040_usb.c.o
 *fill*         0x10009062        0x2 
 .rodata.tud_task_ext
                0x10009064       0x8c CMakeFiles/bldc_pulse_test.dir/Users/ssnow/.pico-sdk/sdk/2.2.0/lib/tinyusb/src/device/usbd.c.o
 .rodata        0x100090f0       0x1c CMakeFiles/bldc_pulse_test.dir/Users/ssnow/.pico-sdk/sdk/2.2.0/lib/tinyusb/src/device/usbd.c.o
 .rodata._usbd_driver
                0x1000910c       0x40 CMakeFiles/bldc_pulse_test.dir/Users/ssnow/.pico-sdk/sdk/2.2.0/lib/tinyusb/src/device/usbd.c.o
                0x1000914c                        . = ALIGN (0x4)
 *(SORT_BY_ALIGNMENT(SORT_BY_NAME(.flashdata*)))
                0x1000914c                        . = ALIGN (0x4)

.ARM.extab
 *(.ARM.extab* .gnu.linkonce.armextab.*)
                0x1000914c                        __exidx_start = .

.ARM.exidx
 *(.ARM.exidx* .gnu.linkonce.armexidx.*)
                0x1000914c                        __exidx_end = .
                0x1000914c                        . = ALIGN (0x4)
                0x1000914c                        __binary_info_start = .

.binary_info    0x1000914c       0x20
 *(.binary_info.keep.*)
 .binary_info.keep.__bi_ptr84
                0x1000914c        0x4 CMakeFiles/bldc_pulse_test.dir/Users/ssnow/.pico-sdk/sdk/2.2.0/src/rp2_common/pico_standard_binary_info/standard_binary_info.c.o
 .binary_info.keep.__bi_ptr78
                0x10009150        0x4 CMakeFiles/bldc_pulse_test.dir/Users/ssnow/.pico-sdk/sdk/2.2.0/src/rp2_common/pico_standard_binary_info/standard_binary_info.c.o
 .binary_info.keep.__bi_ptr54
                0x10009154        0x4 CMakeFiles/bldc_pulse_test.dir/Users/ssnow/.pico-sdk/sdk/2.2.0/src/rp2_common/pico_standard_binary_info/standard_binary_info.c.o
 .binary_info.keep.__bi_ptr48
                0x10009158        0x4 CMakeFiles/bldc_pulse_test.dir/Users/ssnow/.pico-sdk/sdk/2.2.0/src/rp2_common/pico_standard_binary_info/standard_binary_info.c.o
 .binary_info.keep.__bi_ptr42
                0x1000915c        0x4 CMakeFiles/bldc_pulse_test.dir/Users/ssnow/.pico-sdk/sdk/2.2.0/src/rp2_common/pico_standard_binary_info/standard_binary_info.c.o
 .binary_info.keep.__bi_ptr34
                0x10009160        0x4 CMakeFiles/bldc_pulse_test.dir/Users/ssnow/.pico-sdk/sdk/2.2.0/src/rp2_common/pico_standard_binary_info/standard_binary_info.c.o
 .binary_info.keep.__bi_ptr26
                0x10009164        0x4 CMakeFiles/bldc_pulse_test.dir/Users/ssnow/.pico-sdk/sdk/2.2.0/src/rp2_common/pico_standard_binary_info/standard_binary_info.c.o
 *(.binary_info.*)
 .binary_info.__bi_ptr202
                0x10009168        0x4 CMakeFiles/bldc_pulse_test.dir/Users/ssnow/.pico-sdk/sdk/2.2.0/src/rp2_common/pico_stdio_usb/stdio_usb.c.o
                0x1000916c                        __binary_info_end = .
                0x1000916c                        . = ALIGN (0x4)

.ram_vector_table
                0x20000000       0xc0
 *(.ram_vector_table)
 .ram_vector_table
                0x20000000       0xc0 CMakeFiles/bldc_pulse_test.dir/Users/ssnow/.pico-sdk/sdk/2.2.0/src/rp2_common/pico_runtime_init/runtime_init.c.o
                0x20000000                ram_vector_table

.uninitialized_data
                0x200000c0        0x0
                0x200000c0                        . = ALIGN (0x4)
 *(.uninitialized_data*)

.data           0x200000c0     0x1040 load address 0x1000916c
                0x200000c0                        __data_start__ = .
 *(vtable)
 *(.time_critical*)
 .time_critical.mutex_try_enter
                0x200000c0       0x40 CMakeFiles/bldc_pulse_test.dir/Users/ssnow/.pico-sdk/sdk/2.2.0/src/common/pico_sync/mutex.c.o
                0x200000c0                mutex_try_enter
 .time_critical.mutex_try_enter_block_until
                0x20000100       0x98 CMakeFiles/bldc_pulse_test.dir/Users/ssnow/.pico-sdk/sdk/2.2.0/src/common/pico_sync/mutex.c.o
                0x20000100                mutex_try_enter_block_until
 .time_critical.mutex_enter_timeout_ms
                0x20000198       0x8c CMakeFiles/bldc_pulse_test.dir/Users/ssnow/.pico-sdk/sdk/2.2.0/src/common/pico_sync/mutex.c.o
                0x20000198                mutex_enter_timeout_ms
 .time_critical.mutex_exit
                0x20000224       0x28 CMakeFiles/bldc_pulse_test.dir/Users/ssnow/.pico-sdk/sdk/2.2.0/src/common/pico_sync/mutex.c.o
                0x20000224                mutex_exit
 .time_critical.flash_init_boot2_copyout
                0x2000024c       0x30 CMakeFiles/bldc_pulse_test.dir/Users/ssnow/.pico-sdk/sdk/2.2.0/src/rp2_common/hardware_flash/flash.c.o
 .time_critical.flash_enable_xip_via_boot2
                0x2000027c        0xc CMakeFiles/bldc_pulse_test.dir/Users/ssnow/.pico-sdk/sdk/2.2.0/src/rp2_common/hardware_flash/flash.c.o
 .time_critical.flash_save_hardware_state
                0x20000288       0x20 CMakeFiles/bldc_pulse_test.dir/Users/ssnow/.pico-sdk/sdk/2.2.0/src/rp2_common/hardware_flash/flash.c.o
 .time_critical.flash_restore_hardware_state
                0x200002a8       0x20 CMakeFiles/bldc_pulse_test.dir/Users/ssnow/.pico-sdk/sdk/2.2.0/src/rp2_common/hardware_flash/flash.c.o
 .time_critical.flash_cs_force
                0x200002c8       0x38 CMakeFiles/bldc_pulse_test.dir/Users/ssnow/.pico-sdk/sdk/2.2.0/src/rp2_common/hardware_flash/flash.c.o
 .time_critical.flash_do_cmd
                0x20000300      0x13c CMakeFiles/bldc_pulse_test.dir/Users/ssnow/.pico-sdk/sdk/2.2.0/src/rp2_common/hardware_flash/flash.c.o
                0x20000300                flash_do_cmd
 .time_critical.reset_non_control_endpoints
                0x2000043c       0x68 CMakeFiles/bldc_pulse_test.dir/Users/ssnow/.pico-sdk/sdk/2.2.0/lib/tinyusb/src/portable/raspberrypi/rp2040/dcd_rp2040.c.o
 .time_critical.hw_handle_buff_status
                0x200004a4       0xa0 CMakeFiles/bldc_pulse_test.dir/Users/ssnow/.pico-sdk/sdk/2.2.0/lib/tinyusb/src/portable/raspberrypi/rp2040/dcd_rp2040.c.o
 .time_critical.dcd_rp2040_irq
                0x20000544      0x548 CMakeFiles/bldc_pulse_test.dir/Users/ssnow/.pico-sdk/sdk/2.2.0/lib/tinyusb/src/portable/raspberrypi/rp2040/dcd_rp2040.c.o
 .time_critical.prepare_ep_buffer
                0x20000a8c       0xc8 CMakeFiles/bldc_pulse_test.dir/Users/ssnow/.pico-sdk/sdk/2.2.0/lib/tinyusb/src/portable/raspberrypi/rp2040/rp2040_usb.c.o
 .time_critical.sync_ep_buffer
                0x20000b54       0x9c CMakeFiles/bldc_pulse_test.dir/Users/ssnow/.pico-sdk/sdk/2.2.0/lib/tinyusb/src/portable/raspberrypi/rp2040/rp2040_usb.c.o
 .time_critical._hw_endpoint_xfer_sync
                0x20000bf0       0x28 CMakeFiles/bldc_pulse_test.dir/Users/ssnow/.pico-sdk/sdk/2.2.0/lib/tinyusb/src/portable/raspberrypi/rp2040/rp2040_usb.c.o
 .time_critical.e15_is_bulkin_ep
                0x20000c18       0x28 CMakeFiles/bldc_pulse_test.dir/Users/ssnow/.pico-sdk/sdk/2.2.0/lib/tinyusb/src/portable/raspberrypi/rp2040/rp2040_usb.c.o
 .time_critical.e15_is_critical_frame_period
                0x20000c40       0x34 CMakeFiles/bldc_pulse_test.dir/Users/ssnow/.pico-sdk/sdk/2.2.0/lib/tinyusb/src/portable/raspberrypi/rp2040/rp2040_usb.c.o
 .time_critical.hw_endpoint_reset_transfer
                0x20000c74        0xc CMakeFiles/bldc_pulse_test.dir/Users/ssnow/.pico-sdk/sdk/2.2.0/lib/tinyusb/src/portable/raspberrypi/rp2040/rp2040_usb.c.o
                0x20000c74                hw_endpoint_reset_transfer
 .time_critical._hw_endpoint_buffer_control_update32
                0x20000c80       0x50 CMakeFiles/bldc_pulse_test.dir/Users/ssnow/.pico-sdk/sdk/2.2.0/lib/tinyusb/src/portable/raspberrypi/rp2040/rp2040_usb.c.o
                0x20000c80                _hw_endpoint_buffer_control_update32
 .time_critical.hw_endpoint_start_next_buffer
                0x20000cd0       0x68 CMakeFiles/bldc_pulse_test.dir/Users/ssnow/.pico-sdk/sdk/2.2.0/lib/tinyusb/src/portable/raspberrypi/rp2040/rp2040_usb.c.o
                0x20000cd0                hw_endpoint_start_next_buffer
 .time_critical.hw_endpoint_xfer_continue
                0x20000d38       0x40 CMakeFiles/bldc_pulse_test.dir/Users/ssnow/.pico-sdk/sdk/2.2.0/lib/tinyusb/src/portable/raspberrypi/rp2040/rp2040_usb.c.o
                0x20000d38                hw_endpoint_xfer_continue
 .time_critical.tinyusb
                0x20000d78      0x1e4 CMakeFiles/bldc_pulse_test.dir/Users/ssnow/.pico-sdk/sdk/2.2.0/lib/tinyusb/src/device/usbd.c.o
                0x20000d78                dcd_event_handler
 .time_critical.spi_write_blocking
                0x20000f5c       0x4c CMakeFiles/bldc_pulse_test.dir/Users/ssnow/.pico-sdk/sdk/2.2.0/src/rp2_common/hardware_spi/spi.c.o
                0x20000f5c                spi_write_blocking
 *(.text*)
 .text          0x20000fa8        0x4 /Users/ssnow/.pico-sdk/toolchain/14_2_Rel1/bin/../lib/gcc/arm-none-eabi/14.2.1/thumb/v6-m/nofp/libgcc.a(_dvmd_tls.o)
                0x20000fa8                __aeabi_ldiv0
                0x20000fa8                __aeabi_idiv0
 *fill*         0x20000fac        0x4 
 .text.__stub   0x20000fb0       0x80 linker stubs
                0x20001030                        . = ALIGN (0x4)
 *(.rodata*)
                0x20001030                        . = ALIGN (0x4)
 *(.data*)
 .data.striped_spin_lock_num
                0x20001030        0x1 CMakeFiles/bldc_pulse_test.dir/Users/ssnow/.pico-sdk/sdk/2.2.0/src/rp2_common/hardware_sync/sync.c.o
 *fill*         0x20001031        0x3 
 .data          0x20001034       0x48 CMakeFiles/bldc_pulse_test.dir/Users/ssnow/.pico-sdk/sdk/2.2.0/src/rp2_common/hardware_irq/irq_handler_chain.S.o
                0x20001034                irq_handler_chain_slots
                0x20001064                irq_handler_chain_first_slot
                0x2000106e                irq_handler_chain_remove_tail
 .data.default_alarm_pool
                0x2000107c       0x18 CMakeFiles/bldc_pulse_test.dir/Users/ssnow/.pico-sdk/sdk/2.2.0/src/common/pico_time/time.c.o
 *fill*         0x20001094        0xc 
 .data.aeabi_bits_funcs
                0x200010a0       0x10 CMakeFiles/bldc_pulse_test.dir/Users/ssnow/.pico-sdk/sdk/2.2.0/src/rp2_common/pico_bit_ops/bit_ops_aeabi.S.o
                0x200010a0                aeabi_bits_funcs
                0x200010b0                aeabi_bits_funcs_end
 .data.aeabi_mem_funcs
                0x200010b0       0x10 CMakeFiles/bldc_pulse_test.dir/Users/ssnow/.pico-sdk/sdk/2.2.0/src/rp2_common/pico_mem_ops/mem_ops_aeabi.S.o
                0x200010b0                aeabi_mem_funcs
                0x200010c0                aeabi_mem_funcs_end
 .data.stdio_usb
                0x200010c0       0x18 CMakeFiles/bldc_pulse_test.dir/Users/ssnow/.pico-sdk/sdk/2.2.0/src/rp2_common/pico_stdio_usb/stdio_usb.c.o
                0x200010c0                stdio_usb
 .data._usbd_qdef
                0x200010d8       0x1c CMakeFiles/bldc_pulse_test.dir/Users/ssnow/.pico-sdk/sdk/2.2.0/lib/tinyusb/src/device/usbd.c.o
                0x200010d8                _usbd_qdef
 .data._usbd_rhport
                0x200010f4        0x1 CMakeFiles/bldc_pulse_test.dir/Users/ssnow/.pico-sdk/sdk/2.2.0/lib/tinyusb/src/device/usbd.c.o
                0x200010f8                        . = ALIGN (0x4)
 *fill*         0x200010f5        0x3 
 *(.after_data.*)
                0x200010f8                        . = ALIGN (0x4)
                0x200010f8                        PROVIDE (__mutex_array_start = .)
 *(SORT_BY_NAME(.mutex_array.*))
 *(.mutex_array)
 .mutex_array   0x200010f8        0x8 CMakeFiles/bldc_pulse_test.dir/Users/ssnow/.pico-sdk/sdk/2.2.0/src/rp2_common/pico_stdio/stdio.c.o
                0x20001100                        PROVIDE (__mutex_array_end = .)
                0x20001100                        . = ALIGN (0x4)
 *(.jcr)
                0x20001100                        . = ALIGN (0x4)

.tm_clone_table
                0x20001100        0x0 load address 0x1000a1ac
 .tm_clone_table
                0x20001100        0x0 /Users/ssnow/.pico-sdk/toolchain/14_2_Rel1/bin/../lib/gcc/arm-none-eabi/14.2.1/thumb/v6-m/nofp/crtbegin.o
 .tm_clone_table
                0x20001100        0x0 /Users/ssnow/.pico-sdk/toolchain/14_2_Rel1/bin/../lib/gcc/arm-none-eabi/14.2.1/thumb/v6-m/nofp/crtend.o

.igot.plt       0x20001100        0x0 load address 0x1000a1ac
 .igot.plt      0x20001100        0x0 /Users/ssnow/.pico-sdk/toolchain/14_2_Rel1/bin/../lib/gcc/arm-none-eabi/14.2.1/thumb/v6-m/nofp/crtbegin.o

.tdata          0x20001100        0x0 load address 0x1000a1ac
                0x20001100                        . = ALIGN (0x4)
 *(.tdata .tdata.* .gnu.linkonce.td.*)
                0x20001100                        __tdata_end = .
                0x20001100                        PROVIDE (__data_end__ = .)
                0x1000916c                        __etext = LOADADDR (.data)

.tbss           0x20001100        0x0 load address 0x1000a1ac
                0x20001100                        . = ALIGN (0x4)
                0x20001100                        __bss_start__ = .
                0x20001100                        __tls_base = .
 *(.tbss .tbss.* .gnu.linkonce.tb.*)
 *(.tcommon)
                0x20001100                        __tls_end = .

.bss            0x20001100      0xf5c load address 0x1000a1ac
                0x20001100                        . = ALIGN (0x4)
                0x20001100                        __tbss_end = .
 *(SORT_BY_ALIGNMENT(SORT_BY_NAME(.bss*)))
 .bss.default_alarm_pool_entries
                0x20001100      0x180 CMakeFiles/bldc_pulse_test.dir/Users/ssnow/.pico-sdk/sdk/2.2.0/src/common/pico_time/time.c.o
 .bss.last_avail_time.1
                0x20001280        0x8 CMakeFiles/bldc_pulse_test.dir/Users/ssnow/.pico-sdk/sdk/2.2.0/src/rp2_common/pico_stdio_usb/stdio_usb.c.o
 .bss.sd_table  0x20001288      0x100 CMakeFiles/bldc_pulse_test.dir/Users/ssnow/.pico-sdk/sdk/2.2.0/src/rp2_common/pico_double/double_init_rom_rp2040.c.o
                0x20001288                sd_table
 .bss.sf_table  0x20001388      0x100 CMakeFiles/bldc_pulse_test.dir/Users/ssnow/.pico-sdk/sdk/2.2.0/src/rp2_common/pico_float/float_init_rom_rp2040.c.o
                0x20001388                sf_table
 .bss._ZL17g_button_instance
                0x20001488        0x4 CMakeFiles/bldc_pulse_test.dir/button_control.cpp.o
 .bss._ZL22g_speed_pulse_instance
                0x2000148c        0x4 CMakeFiles/bldc_pulse_test.dir/bldc_speed_pulse.cpp.o
 .bss._app_driver
                0x20001490        0x4 CMakeFiles/bldc_pulse_test.dir/Users/ssnow/.pico-sdk/sdk/2.2.0/lib/tinyusb/src/device/usbd.c.o
 .bss._cdcd_epbuf
                0x20001494       0x80 CMakeFiles/bldc_pulse_test.dir/Users/ssnow/.pico-sdk/sdk/2.2.0/lib/tinyusb/src/class/cdc/cdc_device.c.o
 .bss._cdcd_fifo_cfg
                0x20001514        0x1 CMakeFiles/bldc_pulse_test.dir/Users/ssnow/.pico-sdk/sdk/2.2.0/lib/tinyusb/src/class/cdc/cdc_device.c.o
 *fill*         0x20001515        0x3 
 .bss._cdcd_itf
                0x20001518       0xc8 CMakeFiles/bldc_pulse_test.dir/Users/ssnow/.pico-sdk/sdk/2.2.0/lib/tinyusb/src/class/cdc/cdc_device.c.o
 .bss._ctrl_epbuf
                0x200015e0       0x40 CMakeFiles/bldc_pulse_test.dir/Users/ssnow/.pico-sdk/sdk/2.2.0/lib/tinyusb/src/device/usbd_control.c.o
 .bss._ctrl_xfer
                0x20001620       0x14 CMakeFiles/bldc_pulse_test.dir/Users/ssnow/.pico-sdk/sdk/2.2.0/lib/tinyusb/src/device/usbd_control.c.o
 .bss._tusb_rhport_role
                0x20001634        0x2 CMakeFiles/bldc_pulse_test.dir/Users/ssnow/.pico-sdk/sdk/2.2.0/lib/tinyusb/src/tusb.c.o
                0x20001634                _tusb_rhport_role
 *fill*         0x20001636        0x2 
 .bss._ubsd_mutexdef
                0x20001638        0x8 CMakeFiles/bldc_pulse_test.dir/Users/ssnow/.pico-sdk/sdk/2.2.0/lib/tinyusb/src/device/usbd.c.o
 .bss._usbd_dev
                0x20001640       0x54 CMakeFiles/bldc_pulse_test.dir/Users/ssnow/.pico-sdk/sdk/2.2.0/lib/tinyusb/src/device/usbd.c.o
 .bss._usbd_mutex
                0x20001694        0x4 CMakeFiles/bldc_pulse_test.dir/Users/ssnow/.pico-sdk/sdk/2.2.0/lib/tinyusb/src/device/usbd.c.o
 .bss._usbd_q   0x20001698        0x4 CMakeFiles/bldc_pulse_test.dir/Users/ssnow/.pico-sdk/sdk/2.2.0/lib/tinyusb/src/device/usbd.c.o
 .bss._usbd_qdef_buf
                0x2000169c       0xc0 CMakeFiles/bldc_pulse_test.dir/Users/ssnow/.pico-sdk/sdk/2.2.0/lib/tinyusb/src/device/usbd.c.o
                0x2000169c                _usbd_qdef_buf
 .bss._vendord_epbuf
                0x2000175c       0x80 CMakeFiles/bldc_pulse_test.dir/Users/ssnow/.pico-sdk/sdk/2.2.0/lib/tinyusb/src/class/vendor/vendor_device.c.o
 .bss._vendord_itf
                0x200017dc      0x24c CMakeFiles/bldc_pulse_test.dir/Users/ssnow/.pico-sdk/sdk/2.2.0/lib/tinyusb/src/class/vendor/vendor_device.c.o
 .bss.bldc      0x20001a28        0x4 CMakeFiles/bldc_pulse_test.dir/main.cpp.o
                0x20001a28                bldc
 .bss.boot2_copyout
                0x20001a2c      0x100 CMakeFiles/bldc_pulse_test.dir/Users/ssnow/.pico-sdk/sdk/2.2.0/src/rp2_common/hardware_flash/flash.c.o
 .bss.buttons   0x20001b2c       0x1c CMakeFiles/bldc_pulse_test.dir/main.cpp.o
                0x20001b2c                buttons
 .bss.callbacks
                0x20001b48        0x8 CMakeFiles/bldc_pulse_test.dir/Users/ssnow/.pico-sdk/sdk/2.2.0/src/rp2_common/hardware_gpio/gpio.c.o
 .bss.chars_available_callback
                0x20001b50        0x4 CMakeFiles/bldc_pulse_test.dir/Users/ssnow/.pico-sdk/sdk/2.2.0/src/rp2_common/pico_stdio_usb/stdio_usb.c.o
 .bss.chars_available_param
                0x20001b54        0x4 CMakeFiles/bldc_pulse_test.dir/Users/ssnow/.pico-sdk/sdk/2.2.0/src/rp2_common/pico_stdio_usb/stdio_usb.c.o
 .bss.claimed   0x20001b58        0x4 CMakeFiles/bldc_pulse_test.dir/Users/ssnow/.pico-sdk/sdk/2.2.0/src/rp2_common/hardware_sync/sync.c.o
 .bss.claimed   0x20001b5c        0x1 CMakeFiles/bldc_pulse_test.dir/Users/ssnow/.pico-sdk/sdk/2.2.0/src/rp2_common/hardware_timer/timer.c.o
 *fill*         0x20001b5d        0x3 
 .bss.configured_freq
                0x20001b60       0x28 CMakeFiles/bldc_pulse_test.dir/Users/ssnow/.pico-sdk/sdk/2.2.0/src/rp2_common/hardware_clocks/clocks.c.o
 .bss.desc_str.0
                0x20001b88       0x28 CMakeFiles/bldc_pulse_test.dir/Users/ssnow/.pico-sdk/sdk/2.2.0/src/rp2_common/pico_stdio_usb/stdio_usb_descriptors.c.o
 .bss.drivers   0x20001bb0        0x4 CMakeFiles/bldc_pulse_test.dir/Users/ssnow/.pico-sdk/sdk/2.2.0/src/rp2_common/pico_stdio/stdio.c.o
 .bss.e15_last_sof
                0x20001bb4        0x4 CMakeFiles/bldc_pulse_test.dir/Users/ssnow/.pico-sdk/sdk/2.2.0/lib/tinyusb/src/portable/raspberrypi/rp2040/rp2040_usb.c.o
                0x20001bb4                e15_last_sof
 .bss.filter    0x20001bb8        0x4 CMakeFiles/bldc_pulse_test.dir/Users/ssnow/.pico-sdk/sdk/2.2.0/src/rp2_common/pico_stdio/stdio.c.o
 .bss.hw_endpoints
                0x20001bbc      0x400 CMakeFiles/bldc_pulse_test.dir/Users/ssnow/.pico-sdk/sdk/2.2.0/lib/tinyusb/src/portable/raspberrypi/rp2040/dcd_rp2040.c.o
 .bss.lazy_vsnprintf