Archive member included to satisfy reference by file (symbol)

/Users/ssnow/.pico-sdk/toolchain/14_2_Rel1/bin/../lib/gcc/arm-none-eabi/14.2.1/thumb/v6-m/nofp/libgcc.a(_dvmd_tls.o)
                              CMakeFiles/encoder_monitor.dir/Users/ssnow/.pico-sdk/sdk/2.2.0/src/rp2_common/pico_divider/divider_hardware.S.o (__aeabi_idiv0)
/Users/ssnow/.pico-sdk/toolchain/14_2_Rel1/bin/../lib/gcc/arm-none-eabi/14.2.1/../../../../arm-none-eabi/lib/thumb/v6-m/nofp/libg.a(libc_a-calloc.o)
                              CMakeFiles/encoder_monitor.dir/Users/ssnow/.pico-sdk/sdk/2.2.0/src/rp2_common/pico_malloc/malloc.c.o (calloc)
/Users/ssnow/.pico-sdk/toolchain/14_2_Rel1/bin/../lib/gcc/arm-none-eabi/14.2.1/../../../../arm-none-eabi/lib/thumb/v6-m/nofp/libg.a(libc_a-callocr.o)
                              /Users/ssnow/.pico-sdk/toolchain/14_2_Rel1/bin/../lib/gcc/arm-none-eabi/14.2.1/../../../../arm-none-eabi/lib/thumb/v6-m/nofp/libg.a(libc_a-calloc.o) (_calloc_r)
/Users/ssnow/.pico-sdk/toolchain/14_2_Rel1/bin/../lib/gcc/arm-none-eabi/14.2.1/../../../../arm-none-eabi/lib/thumb/v6-m/nofp/libg.a(libc_a-malloc.o)
                              CMakeFiles/encoder_monitor.dir/Users/ssnow/.pico-sdk/sdk/2.2.0/src/rp2_common/pico_malloc/malloc.c.o (malloc)
/Users/ssnow/.pico-sdk/toolchain/14_2_Rel1/bin/../lib/gcc/arm-none-eabi/14.2.1/../../../../arm-none-eabi/lib/thumb/v6-m/nofp/libg.a(libc_a-mallocr.o)
                              /Users/ssnow/.pico-sdk/toolchain/14_2_Rel1/bin/../lib/gcc/arm-none-eabi/14.2.1/../../../../arm-none-eabi/lib/thumb/v6-m/nofp/libg.a(libc_a-callocr.o) (_malloc_r)
/Users/ssnow/.pico-sdk/toolchain/14_2_Rel1/bin/../lib/gcc/arm-none-eabi/14.2.1/../../../../arm-none-eabi/lib/thumb/v6-m/nofp/libg.a(libc_a-mlock.o)
                              /Users/ssnow/.pico-sdk/toolchain/14_2_Rel1/bin/../lib/gcc/arm-none-eabi/14.2.1/../../../../arm-none-eabi/lib/thumb/v6-m/nofp/libg.a(libc_a-mallocr.o) (__malloc_lock)
/Users/ssnow/.pico-sdk/toolchain/14_2_Rel1/bin/../lib/gcc/arm-none-eabi/14.2.1/../../../../arm-none-eabi/lib/thumb/v6-m/nofp/libg.a(libc_a-realloc.o)
                              CMakeFiles/encoder_monitor.dir/Users/ssnow/.pico-sdk/sdk/2.2.0/src/rp2_common/pico_malloc/malloc.c.o (realloc)
/Users/ssnow/.pico-sdk/toolchain/14_2_Rel1/bin/../lib/gcc/arm-none-eabi/14.2.1/../../../../arm-none-eabi/lib/thumb/v6-m/nofp/libg.a(libc_a-reallocr.o)
                              /Users/ssnow/.pico-sdk/toolchain/14_2_Rel1/bin/../lib/gcc/arm-none-eabi/14.2.1/../../../../arm-none-eabi/lib/thumb/v6-m/nofp/libg.a(libc_a-realloc.o) (_realloc_r)
/Users/ssnow/.pico-sdk/toolchain/14_2_Rel1/bin/../lib/gcc/arm-none-eabi/14.2.1/../../../../arm-none-eabi/lib/thumb/v6-m/nofp/libg.a(libc_a-memcmp.o)
                              CMakeFiles/encoder_monitor.dir/Users/ssnow/.pico-sdk/sdk/2.2.0/src/rp2_common/pico_atomic/atomic.c.o (memcmp)
/Users/ssnow/.pico-sdk/toolchain/14_2_Rel1/bin/../lib/gcc/arm-none-eabi/14.2.1/../../../../arm-none-eabi/lib/thumb/v6-m/nofp/libg.a(libc_a-memmove.o)
                              /Users/ssnow/.pico-sdk/toolchain/14_2_Rel1/bin/../lib/gcc/arm-none-eabi/14.2.1/../../../../arm-none-eabi/lib/thumb/v6-m/nofp/libg.a(libc_a-reallocr.o) (memmove)
/Users/ssnow/.pico-sdk/toolchain/14_2_Rel1/bin/../lib/gcc/arm-none-eabi/14.2.1/../../../../arm-none-eabi/lib/thumb/v6-m/nofp/libg.a(libc_a-lcltime_r.o)
                              CMakeFiles/encoder_monitor.dir/Users/ssnow/.pico-sdk/sdk/2.2.0/src/common/pico_util/datetime.c.o (localtime_r)
/Users/ssnow/.pico-sdk/toolchain/14_2_Rel1/bin/../lib/gcc/arm-none-eabi/14.2.1/../../../../arm-none-eabi/lib/thumb/v6-m/nofp/libg.a(libc_a-mktime.o)
                              CMakeFiles/encoder_monitor.dir/Users/ssnow/.pico-sdk/sdk/2.2.0/src/common/pico_util/datetime.c.o (mktime)
/Users/ssnow/.pico-sdk/toolchain/14_2_Rel1/bin/../lib/gcc/arm-none-eabi/14.2.1/../../../../arm-none-eabi/lib/thumb/v6-m/nofp/libg.a(libc_a-month_lengths.o)
                              /Users/ssnow/.pico-sdk/toolchain/14_2_Rel1/bin/../lib/gcc/arm-none-eabi/14.2.1/../../../../arm-none-eabi/lib/thumb/v6-m/nofp/libg.a(libc_a-lcltime_r.o) (__month_lengths)
/Users/ssnow/.pico-sdk/toolchain/14_2_Rel1/bin/../lib/gcc/arm-none-eabi/14.2.1/../../../../arm-none-eabi/lib/thumb/v6-m/nofp/libg.a(libc_a-tzcalc_limits.o)
                              /Users/ssnow/.pico-sdk/toolchain/14_2_Rel1/bin/../lib/gcc/arm-none-eabi/14.2.1/../../../../arm-none-eabi/lib/thumb/v6-m/nofp/libg.a(libc_a-lcltime_r.o) (__tzcalc_limits)
/Users/ssnow/.pico-sdk/toolchain/14_2_Rel1/bin/../lib/gcc/arm-none-eabi/14.2.1/../../../../arm-none-eabi/lib/thumb/v6-m/nofp/libg.a(libc_a-tzlock.o)
                              /Users/ssnow/.pico-sdk/toolchain/14_2_Rel1/bin/../lib/gcc/arm-none-eabi/14.2.1/../../../../arm-none-eabi/lib/thumb/v6-m/nofp/libg.a(libc_a-lcltime_r.o) (__tz_lock)
/Users/ssnow/.pico-sdk/toolchain/14_2_Rel1/bin/../lib/gcc/arm-none-eabi/14.2.1/../../../../arm-none-eabi/lib/thumb/v6-m/nofp/libg.a(libc_a-tzset.o)
[...]
Memory Configuration

Name             Origin             Length             Attributes
FLASH            0x10000000         0x00200000         xr
RAM              0x20000000         0x00040000         xrw
SCRATCH_X        0x20040000         0x00001000         xrw
SCRATCH_Y        0x20041000         0x00001000         xrw
*default*        0x00000000         0xffffffff

Linker script and memory map

LOAD /Users/ssnow/.pico-sdk/toolchain/14_2_Rel1/bin/../lib/gcc/arm-none-eabi/14.2.1/thumb/v6-m/nofp/crti.o
LOAD /Users/ssnow/.pico-sdk/toolchain/14_2_Rel1/bin/../lib/gcc/arm-none-eabi/14.2.1/thumb/v6-m/nofp/crtbegin.o
LOAD /Users/ssnow/.pico-sdk/toolchain/14_2_Rel1/bin/../lib/gcc/arm-none-eabi/14.2.1/../../../../arm-none-eabi/lib/thumb/v6-m/nofp/crt0.o

.flash_begin    0x10000000        0x0
                0x10000000                        __flash_binary_start = .

.boot2          0x10000000      0x100
                0x10000000                        __boot2_start__ = .
 *(.boot2)
 .boot2         0x10000000      0x100 pico-sdk/src/rp2040/boot_stage2/CMakeFiles/bs2_default_library.dir/bs2_default_padded_checksummed.S.o
                0x10000100                        __boot2_end__ = .
                0x00000001                        ASSERT (((__boot2_end__ - __boot2_start__) == 0x100), ERROR: Pico second stage bootloader must be 256 bytes in size)

.text           0x10000100     0x89b4
                0x10000100                        __logical_binary_start = .
 *(.vectors)
 .vectors       0x10000100       0xd4 CMakeFiles/encoder_monitor.dir/Users/ssnow/.pico-sdk/sdk/2.2.0/src/rp2_common/pico_crt0/crt0.S.o
                0x10000100                __VECTOR_TABLE
                0x10000100                __vectors
                0x100001c0                isr_irq13
                0x100001c0                isr_irq27
                0x100001c0                isr_irq31
                0x100001c0                isr_irq5
                0x100001c0                isr_irq11
                0x100001c0                isr_irq23
                0x100001c0                isr_irq18
                0x100001c0                isr_irq9
                0x100001c0                __unhandled_user_irq
                0x100001c0                isr_irq25
                0x100001c0                isr_irq4
                0x100001c0                isr_irq16
                0x100001c0                isr_irq29
                0x100001c0                isr_irq26
                0x100001c0                isr_irq3
                0x100001c0                isr_irq12
                0x100001c0                isr_irq30
                0x100001c0                isr_irq28
                0x100001c0                isr_irq19
                0x100001c0                isr_irq0
                0x100001c0                isr_irq6
                0x100001c0                isr_irq22
                0x100001c0                isr_irq17
                0x100001c0                isr_irq14
                0x100001c0                __vectors_end
                0x100001c0                __default_isrs_start
                0x100001c0                isr_irq2
                0x100001c0                isr_irq10
                0x100001c0                isr_irq8
                0x100001c0                isr_irq24
                0x100001c0                isr_irq1
                0x100001c0                isr_irq7
                0x100001c0                isr_irq21
                0x100001c0                isr_irq20
                0x100001c0                isr_irq15
                0x100001c6                unhandled_user_irq_num_in_r0
                0x100001c8                isr_invalid
                0x100001ca                isr_nmi
                0x100001cc                isr_hardfault
                0x100001ce                isr_svcall
                0x100001d0                isr_pendsv
                0x100001d2                isr_systick
                0x100001d4                __default_isrs_end
 *(.binary_info_header)
 .binary_info_header
                0x100001d4       0x14 CMakeFiles/encoder_monitor.dir/Users/ssnow/.pico-sdk/sdk/2.2.0/src/rp2_common/pico_crt0/crt0.S.o
                0x100001e8                        __binary_info_header_end = .
 *(.embedded_block)
                0x100001e8                        __embedded_block_end = .
 *(.reset)
 .reset         0x100001e8       0x9c CMakeFiles/encoder_monitor.dir/Users/ssnow/.pico-sdk/sdk/2.2.0/src/rp2_common/pico_crt0/crt0.S.o
                0x100001e8                _entry_point
 *(.init)
 .init          0x10000284        0x4 /Users/ssnow/.pico-sdk/toolchain/14_2_Rel1/bin/../lib/gcc/arm-none-eabi/14.2.1/thumb/v6-m/nofp/crti.o
                0x10000284                _init
 *(EXCLUDE_FILE(*libm.a: *libc.a:*lib_a-mem*.o *libgcc.a:) .text*)
 .text.register_tm_clones
                0x10000288       0x28 /Users/ssnow/.pico-sdk/toolchain/14_2_Rel1/bin/../lib/gcc/arm-none-eabi/14.2.1/thumb/v6-m/nofp/crtbegin.o
 .text.frame_dummy
                0x100002b0       0x24 /Users/ssnow/.pico-sdk/toolchain/14_2_Rel1/bin/../lib/gcc/arm-none-eabi/14.2.1/thumb/v6-m/nofp/crtbegin.o
 .text.startup.main
                0x100002d4      0x378 CMakeFiles/encoder_monitor.dir/main.c.o
                0x100002d4                main
 .text.i2c_helper_init
                0x1000064c       0x40 CMakeFiles/encoder_monitor.dir/src/i2c/i2c_helper.c.o
                0x1000064c                i2c_helper_init
 .text.i2c_helper_write_byte
                0x1000068c       0x2c CMakeFiles/encoder_monitor.dir/src/i2c/i2c_helper.c.o
                0x1000068c                i2c_helper_write_byte
 .text.i2c_helper_scan
                0x100006b8      0x18c CMakeFiles/encoder_monitor.dir/src/i2c/i2c_helper.c.o
                0x100006b8                i2c_helper_scan
 .text.i2c_helper_device_present
                0x10000844       0x1c CMakeFiles/encoder_monitor.dir/src/i2c/i2c_helper.c.o
                0x10000844                i2c_helper_device_present
 .text.lcd_init
                0x10000860      0x3ac CMakeFiles/encoder_monitor.dir/src/drivers/lcd_pcf8574.c.o
                0x10000860                lcd_init
 .text.lcd_clear
                0x10000c0c       0x7c CMakeFiles/encoder_monitor.dir/src/drivers/lcd_pcf8574.c.o
                0x10000c0c                lcd_clear
 .text.lcd_set_cursor
                0x10000c88       0xa4 CMakeFiles/encoder_monitor.dir/src/drivers/lcd_pcf8574.c.o
                0x10000c88                lcd_set_cursor
 .text.lcd_print
                0x10000d2c       0xc4 CMakeFiles/encoder_monitor.dir/src/drivers/lcd_pcf8574.c.o
                0x10000d2c                lcd_print
 .text.lcd_print_int
                0x10000df0       0xd8 CMakeFiles/encoder_monitor.dir/src/drivers/lcd_pcf8574.c.o
                0x10000df0                lcd_print_int
 .text.lcd_print_float
                0x10000ec8       0xf0 CMakeFiles/encoder_monitor.dir/src/drivers/lcd_pcf8574.c.o
                0x10000ec8                lcd_print_float
 .text.encoder_z_handler
                0x10000fb8       0x80 CMakeFiles/encoder_monitor.dir/src/encoder/encoder.c.o
 .text.encoder_init
                0x10001038      0x244 CMakeFiles/encoder_monitor.dir/src/encoder/encoder.c.o
                0x10001038                encoder_init
 .text.encoder_process
                0x1000127c      0x108 CMakeFiles/encoder_monitor.dir/src/encoder/encoder.c.o
                0x1000127c                encoder_process
 .text.encoder_get_count
                0x10001384        0x4 CMakeFiles/encoder_monitor.dir/src/encoder/encoder.c.o
                0x10001384                encoder_get_count
 .text.encoder_get_revolutions
                0x10001388        0x4 CMakeFiles/encoder_monitor.dir/src/encoder/encoder.c.o
                0x10001388                encoder_get_revolutions
 .text.encoder_get_pulses_this_rev
                0x1000138c        0x4 CMakeFiles/encoder_monitor.dir/src/encoder/encoder.c.o
                0x1000138c                encoder_get_pulses_this_rev
 .text.encoder_get_direction
                0x10001390        0x8 CMakeFiles/encoder_monitor.dir/src/encoder/encoder.c.o
                0x10001390                encoder_get_direction
 .text.encoder_get_rpm
                0x10001398        0x4 CMakeFiles/encoder_monitor.dir/src/encoder/encoder.c.o
                0x10001398                encoder_get_rpm
 .text.encoder_calculate_rpm
                0x1000139c       0x88 CMakeFiles/encoder_monitor.dir/src/encoder/encoder.c.o
                0x1000139c                encoder_calculate_rpm
 .text.gpio_default_irq_handler
                0x10001424      0x2c8 CMakeFiles/encoder_monitor.dir/Users/ssnow/.pico-sdk/sdk/2.2.0/src/rp2_common/hardware_gpio/gpio.c.o
 .text.gpio_set_function
                0x100016ec       0x34 CMakeFiles/encoder_monitor.dir/Users/ssnow/.pico-sdk/sdk/2.2.0/src/rp2_common/hardware_gpio/gpio.c.o
                0x100016ec                gpio_set_function
 .text.gpio_set_pulls
                0x10001720       0x28 CMakeFiles/encoder_monitor.dir/Users/ssnow/.pico-sdk/sdk/2.2.0/src/rp2_common/hardware_gpio/gpio.c.o
                0x10001720                gpio_set_pulls
 .text.gpio_set_irq_enabled_with_callback
                0x10001748       0xd0 CMakeFiles/encoder_monitor.dir/Users/ssnow/.pico-sdk/sdk/2.2.0/src/rp2_common/hardware_gpio/gpio.c.o
                0x10001748                gpio_set_irq_enabled_with_callback
 .text.gpio_init
                0x10001818       0x40 CMakeFiles/encoder_monitor.dir/Users/ssnow/.pico-sdk/sdk/2.2.0/src/rp2_common/hardware_gpio/gpio.c.o
                0x10001818                gpio_init
 .text.rp2040_chip_version
                0x10001858        0xc CMakeFiles/encoder_monitor.dir/Users/ssnow/.pico-sdk/sdk/2.2.0/src/rp2040/pico_platform/platform.c.o
                0x10001858                rp2040_chip_version
 .text.panic    0x10001864       0x30 CMakeFiles/encoder_monitor.dir/Users/ssnow/.pico-sdk/sdk/2.2.0/src/rp2_common/pico_platform_panic/panic.c.o
                0x10001864                panic
 .text.hw_claim_lock
                0x10001894       0x18 CMakeFiles/encoder_monitor.dir/Users/ssnow/.pico-sdk/sdk/2.2.0/src/common/hardware_claim/claim.c.o
                0x10001894                hw_claim_lock
 .text.hw_claim_unlock
                0x100018ac       0x14 CMakeFiles/encoder_monitor.dir/Users/ssnow/.pico-sdk/sdk/2.2.0/src/common/hardware_claim/claim.c.o
                0x100018ac                hw_claim_unlock
 .text.hw_claim_or_assert
                0x100018c0       0x44 CMakeFiles/encoder_monitor.dir/Users/ssnow/.pico-sdk/sdk/2.2.0/src/common/hardware_claim/claim.c.o
                0x100018c0                hw_claim_or_assert
 .text.hw_claim_unused_from_range
                0x10001904       0x88 CMakeFiles/encoder_monitor.dir/Users/ssnow/.pico-sdk/sdk/2.2.0/src/common/hardware_claim/claim.c.o
                0x10001904                hw_claim_unused_from_range
 .text.next_striped_spin_lock_num
                0x1000198c       0x18 CMakeFiles/encoder_monitor.dir/Users/ssnow/.pico-sdk/sdk/2.2.0/src/rp2_common/hardware_sync/sync.c.o
                0x1000198c                next_striped_spin_lock_num
 .text.spin_lock_claim_unused
                0x100019a4       0x24 CMakeFiles/encoder_monitor.dir/Users/ssnow/.pico-sdk/sdk/2.2.0/src/rp2_common/hardware_sync/sync.c.o
                0x100019a4                spin_lock_claim_unused
 .text.spin_locks_reset
                0x100019c8       0x1c CMakeFiles/encoder_monitor.dir/Users/ssnow/.pico-sdk/sdk/2.2.0/src/rp2_common/hardware_sync_spin_lock/sync_spin_lock.c.o
                0x100019c8                spin_locks_reset
 .text.runtime_init_per_core_irq_priorities
                0x100019e4       0x24 CMakeFiles/encoder_monitor.dir/Users/ssnow/.pico-sdk/sdk/2.2.0/src/rp2_common/hardware_irq/irq.c.o
                0x100019e4                runtime_init_per_core_irq_priorities
 .text.irq_set_enabled
                0x10001a08       0x24 CMakeFiles/encoder_monitor.dir/Users/ssnow/.pico-sdk/sdk/2.2.0/src/rp2_common/hardware_irq/irq.c.o
                0x10001a08                irq_set_enabled
 .text.irq_is_enabled
                0x10001a2c       0x18 CMakeFiles/encoder_monitor.dir/Users/ssnow/.pico-sdk/sdk/2.2.0/src/rp2_common/hardware_irq/irq.c.o
                0x10001a2c                irq_is_enabled
 .text.irq_set_pending
                0x10001a44       0x10 CMakeFiles/encoder_monitor.dir/Users/ssnow/.pico-sdk/sdk/2.2.0/src/rp2_common/hardware_irq/irq.c.o
                0x10001a44                irq_set_pending
 .text.irq_has_shared_handler
                0x10001a54       0x24 CMakeFiles/encoder_monitor.dir/Users/ssnow/.pico-sdk/sdk/2.2.0/src/rp2_common/hardware_irq/irq.c.o
                0x10001a54                irq_has_shared_handler
 .text.irq_set_exclusive_handler
                0x10001a78       0x54 CMakeFiles/encoder_monitor.dir/Users/ssnow/.pico-sdk/sdk/2.2.0/src/rp2_common/hardware_irq/irq.c.o
                0x10001a78                irq_set_exclusive_handler
 .text.irq_add_shared_handler
                0x10001acc      0x1f4 CMakeFiles/encoder_monitor.dir/Users/ssnow/.pico-sdk/sdk/2.2.0/src/rp2_common/hardware_irq/irq.c.o
                0x10001acc                irq_add_shared_handler
 .text.irq_remove_handler
                0x10001cc0      0x1d4 CMakeFiles/encoder_monitor.dir/Users/ssnow/.pico-sdk/sdk/2.2.0/src/rp2_common/hardware_irq/irq.c.o
                0x10001cc0                irq_remove_handler
 .text.irq_add_tail_to_free_list
                0x10001e94       0xb4 CMakeFiles/encoder_monitor.dir/Users/ssnow/.pico-sdk/sdk/2.2.0/src/rp2_common/hardware_irq/irq.c.o
                0x10001e94                irq_add_tail_to_free_list
 .text.user_irq_claim_unused
                0x10001f48       0x2c CMakeFiles/encoder_monitor.dir/Users/ssnow/.pico-sdk/sdk/2.2.0/src/rp2_common/hardware_irq/irq.c.o
                0x10001f48                user_irq_claim_unused
 .text.lock_init
                0x10001f74       0x10 CMakeFiles/encoder_monitor.dir/Users/ssnow/.pico-sdk/sdk/2.2.0/src/common/pico_sync/lock_core.c.o
                0x10001f74                lock_init
 .text.runtime_init_mutex
                0x10001f84       0x50 CMakeFiles/encoder_monitor.dir/Users/ssnow/.pico-sdk/sdk/2.2.0/src/common/pico_sync/mutex.c.o
                0x10001f84                runtime_init_mutex
 .text.mutex_init
                0x10001fd4       0x1c CMakeFiles/encoder_monitor.dir/Users/ssnow/.pico-sdk/sdk/2.2.0/src/common/pico_sync/mutex.c.o
                0x10001fd4                mutex_init
 .text.critical_section_init
                0x10001ff0       0x1c CMakeFiles/encoder_monitor.dir/Users/ssnow/.pico-sdk/sdk/2.2.0/src/common/pico_sync/critical_section.c.o
                0x10001ff0                critical_section_init
 .text.critical_section_init_with_lock_num
                0x1000200c       0x14 CMakeFiles/encoder_monitor.dir/Users/ssnow/.pico-sdk/sdk/2.2.0/src/common/pico_sync/critical_section.c.o
                0x1000200c                critical_section_init_with_lock_num
 .text.sleep_until_callback
                0x10002020       0x30 CMakeFiles/encoder_monitor.dir/Users/ssnow/.pico-sdk/sdk/2.2.0/src/common/pico_time/time.c.o
 .text.alarm_pool_irq_handler
                0x10002050      0x300 CMakeFiles/encoder_monitor.dir/Users/ssnow/.pico-sdk/sdk/2.2.0/src/common/pico_time/time.c.o
 .text.runtime_init_default_alarm_pool
                0x10002350       0xdc CMakeFiles/encoder_monitor.dir/Users/ssnow/.pico-sdk/sdk/2.2.0/src/common/pico_time/time.c.o
                0x10002350                runtime_init_default_alarm_pool
 .text.alarm_pool_get_default
                0x1000242c        0x8 CMakeFiles/encoder_monitor.dir/Users/ssnow/.pico-sdk/sdk/2.2.0/src/common/pico_time/time.c.o
                0x1000242c                alarm_pool_get_default
 .text.alarm_pool_add_alarm_at
                0x10002434       0xd0 CMakeFiles/encoder_monitor.dir/Users/ssnow/.pico-sdk/sdk/2.2.0/src/common/pico_time/time.c.o
                0x10002434                alarm_pool_add_alarm_at
 .text.alarm_pool_add_alarm_at_force_in_context
                0x10002504       0xb0 CMakeFiles/encoder_monitor.dir/Users/ssnow/.pico-sdk/sdk/2.2.0/src/common/pico_time/time.c.o
                0x10002504                alarm_pool_add_alarm_at_force_in_context
 .text.alarm_pool_cancel_alarm
                0x100025b4       0x74 CMakeFiles/encoder_monitor.dir/Users/ssnow/.pico-sdk/sdk/2.2.0/src/common/pico_time/time.c.o
                0x100025b4                alarm_pool_cancel_alarm
 .text.alarm_pool_core_num
                0x10002628        0x4 CMakeFiles/encoder_monitor.dir/Users/ssnow/.pico-sdk/sdk/2.2.0/src/common/pico_time/time.c.o
                0x10002628                alarm_pool_core_num
 .text.sleep_us
                0x1000262c       0xec CMakeFiles/encoder_monitor.dir/Users/ssnow/.pico-sdk/sdk/2.2.0/src/common/pico_time/time.c.o
                0x1000262c                sleep_us
 .text.sleep_ms
                0x10002718       0xfc CMakeFiles/encoder_monitor.dir/Users/ssnow/.pico-sdk/sdk/2.2.0/src/common/pico_time/time.c.o
                0x10002718                sleep_ms
 .text.best_effort_wfe_or_timeout
                0x10002814      0x10c CMakeFiles/encoder_monitor.dir/Users/ssnow/.pico-sdk/sdk/2.2.0/src/common/pico_time/time.c.o
                0x10002814                best_effort_wfe_or_timeout
 .text.timer_hardware_alarm_claim
                0x10002920       0x14 CMakeFiles/encoder_monitor.dir/Users/ssnow/.pico-sdk/sdk/2.2.0/src/rp2_common/hardware_timer/timer.c.o
                0x10002920                timer_hardware_alarm_claim
 .text.timer_time_us_64
                0x10002934       0x10 CMakeFiles/encoder_monitor.dir/Users/ssnow/.pico-sdk/sdk/2.2.0/src/rp2_common/hardware_timer/timer.c.o
                0x10002934                timer_time_us_64
 .text.time_us_64
                0x10002944       0x14 CMakeFiles/encoder_monitor.dir/Users/ssnow/.pico-sdk/sdk/2.2.0/src/rp2_common/hardware_timer/timer.c.o
                0x10002944                time_us_64
 .text.busy_wait_until
                0x10002958       0x20 CMakeFiles/encoder_monitor.dir/Users/ssnow/.pico-sdk/sdk/2.2.0/src/rp2_common/hardware_timer/timer.c.o
                0x10002958                busy_wait_until
 .text.clock_configure_int_divider
                0x10002978       0xf4 CMakeFiles/encoder_monitor.dir/Users/ssnow/.pico-sdk/sdk/2.2.0/src/rp2_common/hardware_clocks/clocks.c.o
                0x10002978                clock_configure_int_divider
 .text.clock_configure_undivided
                0x10002a6c       0xe8 CMakeFiles/encoder_monitor.dir/Users/ssnow/.pico-sdk/sdk/2.2.0/src/rp2_common/hardware_clocks/clocks.c.o
                0x10002a6c                clock_configure_undivided
 .text.clock_get_hz
                0x10002b54        0xc CMakeFiles/encoder_monitor.dir/Users/ssnow/.pico-sdk/sdk/2.2.0/src/rp2_common/hardware_clocks/clocks.c.o
                0x10002b54                clock_get_hz
 .text.pll_init
                0x10002b60       0xa4 CMakeFiles/encoder_monitor.dir/Users/ssnow/.pico-sdk/sdk/2.2.0/src/rp2_common/hardware_pll/pll.c.o
                0x10002b60                pll_init
 .text.watchdog_reboot
                0x10002c04       0x9c CMakeFiles/encoder_monitor.dir/Users/ssnow/.pico-sdk/sdk/2.2.0/src/rp2_common/hardware_watchdog/watchdog.c.o
                0x10002c04                watchdog_reboot
 .text.tick_start
                0x10002ca0       0x10 CMakeFiles/encoder_monitor.dir/Users/ssnow/.pico-sdk/sdk/2.2.0/src/rp2_common/hardware_ticks/ticks.c.o
                0x10002ca0                tick_start
 .text.rom_func_lookup
                0x10002cb0       0x10 CMakeFiles/encoder_monitor.dir/Users/ssnow/.pico-sdk/sdk/2.2.0/src/rp2_common/pico_bootrom/bootrom.c.o
                0x10002cb0                rom_func_lookup
 .text.rom_data_lookup
                0x10002cc0       0x10 CMakeFiles/encoder_monitor.dir/Users/ssnow/.pico-sdk/sdk/2.2.0/src/rp2_common/pico_bootrom/bootrom.c.o
                0x10002cc0                rom_data_lookup
 .text.rom_funcs_lookup
                0x10002cd0       0x44 CMakeFiles/encoder_monitor.dir/Users/ssnow/.pico-sdk/sdk/2.2.0/src/rp2_common/pico_bootrom/bootrom.c.o
                0x10002cd0                rom_funcs_lookup
 .text.rom_reset_usb_boot_extra
                0x10002d14       0x24 CMakeFiles/encoder_monitor.dir/Users/ssnow/.pico-sdk/sdk/2.2.0/src/rp2_common/pico_bootrom/bootrom.c.o
                0x10002d14                rom_reset_usb_boot_extra
 .text.xosc_init
                0x10002d38       0x28 CMakeFiles/encoder_monitor.dir/Users/ssnow/.pico-sdk/sdk/2.2.0/src/rp2_common/hardware_xosc/xosc.c.o
                0x10002d38                xosc_init
 .text.first_per_core_initializer
                0x10002d60        0x4 CMakeFiles/encoder_monitor.dir/Users/ssnow/.pico-sdk/sdk/2.2.0/src/rp2_common/pico_runtime/runtime.c.o
 .text.hard_assertion_failure
                0x10002d64        0xc CMakeFiles/encoder_monitor.dir/Users/ssnow/.pico-sdk/sdk/2.2.0/src/rp2_common/pico_runtime/runtime.c.o
                0x10002d64                hard_assertion_failure
 .text.runtime_run_initializers
                0x10002d70       0x28 CMakeFiles/encoder_monitor.dir/Users/ssnow/.pico-sdk/sdk/2.2.0/src/rp2_common/pico_runtime/runtime.c.o
                0x10002d70                runtime_run_initializers
 .text.runtime_init_early_resets
                0x10002d98       0x2c CMakeFiles/encoder_monitor.dir/Users/ssnow/.pico-sdk/sdk/2.2.0/src/rp2_common/pico_runtime_init/runtime_init.c.o
                0x10002d98                runtime_init_early_resets
 .text.runtime_init_usb_power_down
                0x10002dc4       0x1c CMakeFiles/encoder_monitor.dir/Users/ssnow/.pico-sdk/sdk/2.2.0/src/rp2_common/pico_runtime_init/runtime_init.c.o
                0x10002dc4                runtime_init_usb_power_down
 .text.runtime_init_post_clock_resets
                0x10002de0       0x20 CMakeFiles/encoder_monitor.dir/Users/ssnow/.pico-sdk/sdk/2.2.0/src/rp2_common/pico_runtime_init/runtime_init.c.o
                0x10002de0                runtime_init_post_clock_resets
 .text.runtime_init_rp2040_gpio_ie_disable
                0x10002e00       0x14 CMakeFiles/encoder_monitor.dir/Users/ssnow/.pico-sdk/sdk/2.2.0/src/rp2_common/pico_runtime_init/runtime_init.c.o
                0x10002e00                runtime_init_rp2040_gpio_ie_disable
 .text.runtime_init_spin_locks_reset
                0x10002e14        0x8 CMakeFiles/encoder_monitor.dir/Users/ssnow/.pico-sdk/sdk/2.2.0/src/rp2_common/pico_runtime_init/runtime_init.c.o
                0x10002e14                runtime_init_spin_locks_reset
 .text.runtime_init_install_ram_vector_table
                0x10002e1c       0xb4 CMakeFiles/encoder_monitor.dir/Users/ssnow/.pico-sdk/sdk/2.2.0/src/rp2_common/pico_runtime_init/runtime_init.c.o
                0x10002e1c                runtime_init_install_ram_vector_table
 .text.runtime_init_clocks
                0x10002ed0       0xd8 CMakeFiles/encoder_monitor.dir/Users/ssnow/.pico-sdk/sdk/2.2.0/src/rp2_common/pico_runtime_init/runtime_init_clocks.c.o
                0x10002ed0                runtime_init_clocks
 .text          0x10002fa8       0x10 CMakeFiles/encoder_monitor.dir/Users/ssnow/.pico-sdk/sdk/2.2.0/src/rp2_common/pico_bit_ops/bit_ops_aeabi.S.o
 .text.__wrap___aeabi_idiv
                0x10002fb8       0x50 CMakeFiles/encoder_monitor.dir/Users/ssnow/.pico-sdk/sdk/2.2.0/src/rp2_common/pico_divider/divider_hardware.S.o
                0x10002fb8                __wrap___aeabi_idivmod
                0x10002fb8                divmod_s32s32
                0x10002fb8                div_s32s32
                0x10002fb8                __wrap___aeabi_idiv
                0x10002fc0                divmod_s32s32_unsafe
                0x10002fec                divmod_s32s32_savestate
 .text.__wrap___aeabi_uidiv
                0x10003008       0x4c CMakeFiles/encoder_monitor.dir/Users/ssnow/.pico-sdk/sdk/2.2.0/src/rp2_common/pico_divider/divider_hardware.S.o
                0x10003008                __wrap___aeabi_uidiv
                0x10003008                __wrap___aeabi_uidivmod
                0x10003008                div_u32u32
                0x10003008                divmod_u32u32
                0x10003010                divmod_u32u32_unsafe
                0x10003038                divmod_u32u32_savestate
 .text.__wrap___aeabi_ldiv
                0x10003054      0x424 CMakeFiles/encoder_monitor.dir/Users/ssnow/.pico-sdk/sdk/2.2.0/src/rp2_common/pico_divider/divider_hardware.S.o
                0x10003054                __wrap___aeabi_ldivmod
                0x10003054                div_s64s64
                0x10003054                divmod_s64s64
                0x10003084                divmod_u64u64
                0x10003084                div_u64u64
                0x10003084                __wrap___aeabi_uldivmod
                0x10003094                divmod_u64u64_savestate
                0x100030b4                divmod_s64s64_unsafe
                0x1000313c                divmod_u64u64_unsafe
 .text.__wrap___aeabi_darithmetic
                0x10003478       0x80 CMakeFiles/encoder_monitor.dir/Users/ssnow/.pico-sdk/sdk/2.2.0/src/rp2_common/pico_double/double_aeabi_rp2040.S.o
                0x10003478                __wrap___aeabi_drsub
                0x1000347e                __wrap___aeabi_dsub
                0x10003490                __wrap___aeabi_dadd
                0x100034a2                __wrap___aeabi_ddiv
                0x100034de                __wrap___aeabi_dmul
 .text.__wrap___aeabi_cdcmple
                0x100034f8       0x6c CMakeFiles/encoder_monitor.dir/Users/ssnow/.pico-sdk/sdk/2.2.0/src/rp2_common/pico_double/double_aeabi_rp2040.S.o
                0x100034f8                __wrap___aeabi_cdrcmple
                0x10003508                __wrap___aeabi_cdcmple
                0x10003508                __wrap___aeabi_cdcmpeq
 .text.__wrap___aeabi_dcmplt
                0x10003564        0xc CMakeFiles/encoder_monitor.dir/Users/ssnow/.pico-sdk/sdk/2.2.0/src/rp2_common/pico_double/double_aeabi_rp2040.S.o
                0x10003564                __wrap___aeabi_dcmplt
 .text.__wrap___aeabi_dcmple
                0x10003570       0x10 CMakeFiles/encoder_monitor.dir/Users/ssnow/.pico-sdk/sdk/2.2.0/src/rp2_common/pico_double/double_aeabi_rp2040.S.o
                0x10003570                __wrap___aeabi_dcmple
 .text.__wrap___aeabi_dcmpge
                0x10003580       0x10 CMakeFiles/encoder_monitor.dir/Users/ssnow/.pico-sdk/sdk/2.2.0/src/rp2_common/pico_double/double_aeabi_rp2040.S.o
                0x10003580                __wrap___aeabi_dcmpge
 .text.__wrap___aeabi_dcmpgt
                0x10003590        0xa CMakeFiles/encoder_monitor.dir/Users/ssnow/.pico-sdk/sdk/2.2.0/src/rp2_common/pico_double/double_aeabi_rp2040.S.o
                0x10003590                __wrap___aeabi_dcmpgt
 .text.__wrap___aeabi_dcmpun
                0x1000359a       0x18 CMakeFiles/encoder_monitor.dir/Users/ssnow/.pico-sdk/sdk/2.2.0/src/rp2_common/pico_double/double_aeabi_rp2040.S.o
                0x1000359a                __wrap___aeabi_dcmpun
 *fill*         0x100035b2        0x2 
 .text.__wrap___aeabi_i2d
                0x100035b4       0x38 CMakeFiles/encoder_monitor.dir/Users/ssnow/.pico-sdk/sdk/2.2.0/src/rp2_common/pico_double/double_aeabi_rp2040.S.o
                0x100035b4                __wrap___aeabi_ui2d
                0x100035b4                uint2double
                0x100035bc                __wrap___aeabi_i2d
                0x100035bc                int2double
 .text.__wrap___aeabi_d2iz
                0x100035ec       0x48 CMakeFiles/encoder_monitor.dir/Users/ssnow/.pico-sdk/sdk/2.2.0/src/rp2_common/pico_double/double_aeabi_rp2040.S.o
                0x100035ec                __wrap___aeabi_d2iz
                0x100035ec                double2int_z
 .text.__wrap___aeabi_d2uiz
                0x10003634       0x18 CMakeFiles/encoder_monitor.dir/Users/ssnow/.pico-sdk/sdk/2.2.0/src/rp2_common/pico_double/double_aeabi_rp2040.S.o
                0x10003634                double2uint_z
                0x10003634                double2uint
                0x10003634                __wrap___aeabi_d2uiz
 .text.__aeabi_double_init
                0x1000364c       0xa4 CMakeFiles/encoder_monitor.dir/Users/ssnow/.pico-sdk/sdk/2.2.0/src/rp2_common/pico_double/double_init_rom_rp2040.c.o
                0x1000364c                __aeabi_double_init
 .text.double_table_shim_on_use_helper
                0x100036f0       0x2c CMakeFiles/encoder_monitor.dir/Users/ssnow/.pico-sdk/sdk/2.2.0/src/rp2_common/pico_double/double_v1_rom_shim_rp2040.S.o
                0x100036f0                double_table_shim_on_use_helper
 .text.__wrap___aeabi_dsub
                0x1000371c       0x10 CMakeFiles/encoder_monitor.dir/Users/ssnow/.pico-sdk/sdk/2.2.0/src/rp2_common/pico_double/double_v1_rom_shim_rp2040.S.o
                0x1000371c                drsub_shim
                0x10003722                dsub_shim
 .text.dadd_shim
                0x1000372c      0x15c CMakeFiles/encoder_monitor.dir/Users/ssnow/.pico-sdk/sdk/2.2.0/src/rp2_common/pico_double/double_v1_rom_shim_rp2040.S.o
                0x1000372c                dadd_shim
 .text.dmul_shim
                0x10003888      0x15c CMakeFiles/encoder_monitor.dir/Users/ssnow/.pico-sdk/sdk/2.2.0/src/rp2_common/pico_double/double_v1_rom_shim_rp2040.S.o
                0x10003888                dmul_shim
 .text.ddiv_shim
                0x100039e4      0x1b0 CMakeFiles/encoder_monitor.dir/Users/ssnow/.pico-sdk/sdk/2.2.0/src/rp2_common/pico_double/double_v1_rom_shim_rp2040.S.o
                0x100039e4                ddiv_shim
 .text.double2uint_shim
                0x10003b94        0xe CMakeFiles/encoder_monitor.dir/Users/ssnow/.pico-sdk/sdk/2.2.0/src/rp2_common/pico_double/double_v1_rom_shim_rp2040.S.o
                0x10003b94                double2uint_shim
                0x10003b96                double2ufix_shim
 *fill*         0x10003ba2        0x2 
 .text.double2uint64_shim
                0x10003ba4       0x70 CMakeFiles/encoder_monitor.dir/Users/ssnow/.pico-sdk/sdk/2.2.0/src/rp2_common/pico_double/double_v1_rom_shim_rp2040.S.o
                0x10003ba4                double2uint64_shim
                0x10003ba6                double2ufix64_shim
                0x10003bc6                d2fix_a
 .text.dunpacks
                0x10003c14       0x3c CMakeFiles/encoder_monitor.dir/Users/ssnow/.pico-sdk/sdk/2.2.0/src/rp2_common/pico_double/double_v1_rom_shim_rp2040.S.o
                0x10003c14                dunpacks
 .text.__aeabi_lmul
                0x10003c50       0x32 CMakeFiles/encoder_monitor.dir/Users/ssnow/.pico-sdk/sdk/2.2.0/src/rp2_common/pico_int64_ops/pico_int64_ops_aeabi.S.o
                0x10003c50                __wrap___aeabi_lmul
 *fill*         0x10003c82        0x2 
 .text.__wrap___aeabi_farithmetic
                0x10003c84       0x48 CMakeFiles/encoder_monitor.dir/Users/ssnow/.pico-sdk/sdk/2.2.0/src/rp2_common/pico_float/float_aeabi_rp2040.S.o
                0x10003c84                __wrap___aeabi_frsub
                0x10003c8a                __wrap___aeabi_fsub
                0x10003c90                __wrap___aeabi_fadd
                0x10003c96                __wrap___aeabi_fdiv
                0x10003cbe                __wrap___aeabi_fmul
 .text.__wrap___aeabi_ui2f
                0x10003ccc        0xa CMakeFiles/encoder_monitor.dir/Users/ssnow/.pico-sdk/sdk/2.2.0/src/rp2_common/pico_float/float_aeabi_rp2040.S.o
                0x10003ccc                uint2float
                0x10003ccc                __wrap___aeabi_ui2f
 *fill*         0x10003cd6        0x2 
 .text.__wrap___aeabi_i2f
                0x10003cd8       0x44 CMakeFiles/encoder_monitor.dir/Users/ssnow/.pico-sdk/sdk/2.2.0/src/rp2_common/pico_float/float_aeabi_rp2040.S.o
                0x10003cd8                int2float
                0x10003cd8                __wrap___aeabi_i2f
 .text.__wrap___aeabi_ul2f
                0x10003d1c       0x20 CMakeFiles/encoder_monitor.dir/Users/ssnow/.pico-sdk/sdk/2.2.0/src/rp2_common/pico_float/float_aeabi_rp2040.S.o
                0x10003d20                __wrap___aeabi_ul2f
                0x10003d20                uint642float
 .text.__wrap___aeabi_f2d
                0x10003d3c       0x14 CMakeFiles/encoder_monitor.dir/Users/ssnow/.pico-sdk/sdk/2.2.0/src/rp2_common/pico_float/float_aeabi_rp2040.S.o
                0x10003d3c                __wrap___aeabi_f2d
 .text.__aeabi_float_init
                0x10003d50       0x64 CMakeFiles/encoder_monitor.dir/Users/ssnow/.pico-sdk/sdk/2.2.0/src/rp2_common/pico_float/float_init_rom_rp2040.c.o
                0x10003d50                __aeabi_float_init
 .text.float_table_shim_on_use_helper
                0x10003db4       0x2c CMakeFiles/encoder_monitor.dir/Users/ssnow/.pico-sdk/sdk/2.2.0/src/rp2_common/pico_float/float_v1_rom_shim_rp2040.S.o
                0x10003db4                float_table_shim_on_use_helper
 .text.642float_shims
                0x10003de0       0x44 CMakeFiles/encoder_monitor.dir/Users/ssnow/.pico-sdk/sdk/2.2.0/src/rp2_common/pico_float/float_v1_rom_shim_rp2040.S.o
                0x10003de0                uint642float_shim
                0x10003de2                ufix642float_shim
                0x10003df2                int642float_shim
                0x10003df4                fix642float_shim
 .text.float2double_shim
                0x10003e24       0x30 CMakeFiles/encoder_monitor.dir/Users/ssnow/.pico-sdk/sdk/2.2.0/src/rp2_common/pico_float/float_v1_rom_shim_rp2040.S.o
                0x10003e24                float2double_shim
 .text          0x10003e54       0x10 CMakeFiles/encoder_monitor.dir/Users/ssnow/.pico-sdk/sdk/2.2.0/src/rp2_common/pico_mem_ops/mem_ops_aeabi.S.o
                0x10003e54                __aeabi_mem_init
 .text.memset   0x10003e64        0xc CMakeFiles/encoder_monitor.dir/Users/ssnow/.pico-sdk/sdk/2.2.0/src/rp2_common/pico_mem_ops/mem_ops_aeabi.S.o
                0x10003e64                __wrap_memset
 .text.memcpy   0x10003e70        0xc CMakeFiles/encoder_monitor.dir/Users/ssnow/.pico-sdk/sdk/2.2.0/src/rp2_common/pico_mem_ops/mem_ops_aeabi.S.o
                0x10003e70                __wrap___aeabi_memcpy
                0x10003e70                __wrap_memcpy
 .text._out_buffer
                0x10003e7c        0x8 CMakeFiles/encoder_monitor.dir/Users/ssnow/.pico-sdk/sdk/2.2.0/src/rp2_common/pico_printf/printf.c.o
 .text._out_null
                0x10003e84        0x4 CMakeFiles/encoder_monitor.dir/Users/ssnow/.pico-sdk/sdk/2.2.0/src/rp2_common/pico_printf/printf.c.o
 .text._out_rev
                0x10003e88       0xac CMakeFiles/encoder_monitor.dir/Users/ssnow/.pico-sdk/sdk/2.2.0/src/rp2_common/pico_printf/printf.c.o
 .text._ntoa_format
                0x10003f34      0x1cc CMakeFiles/encoder_monitor.dir/Users/ssnow/.pico-sdk/sdk/2.2.0/src/rp2_common/pico_printf/printf.c.o
 .text._out_char
                0x10004100       0x10 CMakeFiles/encoder_monitor.dir/Users/ssnow/.pico-sdk/sdk/2.2.0/src/rp2_common/pico_printf/printf.c.o
 .text._out_fct
                0x10004110       0x10 CMakeFiles/encoder_monitor.dir/Users/ssnow/.pico-sdk/sdk/2.2.0/src/rp2_common/pico_printf/printf.c.o
 .text._ftoa    0x10004120      0x4a8 CMakeFiles/encoder_monitor.dir/Users/ssnow/.pico-sdk/sdk/2.2.0/src/rp2_common/pico_printf/printf.c.o
 .text._etoa    0x100045c8      0x57c CMakeFiles/encoder_monitor.dir/Users/ssnow/.pico-sdk/sdk/2.2.0/src/rp2_common/pico_printf/printf.c.o
 .text._vsnprintf
                0x10004b44      0xbe0 CMakeFiles/encoder_monitor.dir/Users/ssnow/.pico-sdk/sdk/2.2.0/src/rp2_common/pico_printf/printf.c.o
 .text.__wrap_snprintf
                0x10005724       0x28 CMakeFiles/encoder_monitor.dir/Users/ssnow/.pico-sdk/sdk/2.2.0/src/rp2_common/pico_printf/printf.c.o
                0x10005724                __wrap_snprintf
 .text.vfctprintf
                0x1000574c       0x24 CMakeFiles/encoder_monitor.dir/Users/ssnow/.pico-sdk/sdk/2.2.0/src/rp2_common/pico_printf/printf.c.o
                0x1000574c                vfctprintf
 .text.weak_raw_vprintf
                0x10005770       0x30 CMakeFiles/encoder_monitor.dir/Users/ssnow/.pico-sdk/sdk/2.2.0/src/rp2_common/pico_printf/printf.c.o
                0x10005770                weak_raw_vprintf
 .text._exit    0x100057a0        0x4 CMakeFiles/encoder_monitor.dir/Users/ssnow/.pico-sdk/sdk/2.2.0/src/rp2_common/pico_clib_interface/newlib_interface.c.o
                0x100057a0                _exit
 .text.exit     0x100057a4        0x8 CMakeFiles/encoder_monitor.dir/Users/ssnow/.pico-sdk/sdk/2.2.0/src/rp2_common/pico_clib_interface/newlib_interface.c.o
                0x100057a4                exit
 .text.runtime_init
                0x100057ac       0x2c CMakeFiles/encoder_monitor.dir/Users/ssnow/.pico-sdk/sdk/2.2.0/src/rp2_common/pico_clib_interface/newlib_interface.c.o
                0x100057ac                runtime_init
 .text.stdio_out_chars_no_crlf
                0x100057d8       0x10 CMakeFiles/encoder_monitor.dir/Users/ssnow/.pico-sdk/sdk/2.2.0/src/rp2_common/pico_stdio/stdio.c.o
 .text.stdio_out_chars_crlf
                0x100057e8       0xb0 CMakeFiles/encoder_monitor.dir/Users/ssnow/.pico-sdk/sdk/2.2.0/src/rp2_common/pico_stdio/stdio.c.o
 .text.stdio_buffered_printer
                0x10005898       0x64 CMakeFiles/encoder_monitor.dir/Users/ssnow/.pico-sdk/sdk/2.2.0/src/rp2_common/pico_stdio/stdio.c.o
 .text.stdio_put_string
                0x100058fc       0xfc CMakeFiles/encoder_monitor.dir/Users/ssnow/.pico-sdk/sdk/2.2.0/src/rp2_common/pico_stdio/stdio.c.o
                0x100058fc                stdio_put_string
 .text.stdio_set_driver_enabled
                0x100059f8       0x30 CMakeFiles/encoder_monitor.dir/Users/ssnow/.pico-sdk/sdk/2.2.0/src/rp2_common/pico_stdio/stdio.c.o
                0x100059f8                stdio_set_driver_enabled
 .text.stdio_init_all
                0x10005a28        0x8 CMakeFiles/encoder_monitor.dir/Users/ssnow/.pico-sdk/sdk/2.2.0/src/rp2_common/pico_stdio/stdio.c.o
                0x10005a28                stdio_init_all
 .text.__wrap_putchar
                0x10005a30       0x94 CMakeFiles/encoder_monitor.dir/Users/ssnow/.pico-sdk/sdk/2.2.0/src/rp2_common/pico_stdio/stdio.c.o
                0x10005a30                stdio_putchar
                0x10005a30                __wrap_putchar
 .text.__wrap_puts
                0x10005ac4       0x3c CMakeFiles/encoder_monitor.dir/Users/ssnow/.pico-sdk/sdk/2.2.0/src/rp2_common/pico_stdio/stdio.c.o
                0x10005ac4                __wrap_puts
                0x10005ac4                stdio_puts
 .text.__wrap_vprintf
                0x10005b00       0xcc CMakeFiles/encoder_monitor.dir/Users/ssnow/.pico-sdk/sdk/2.2.0/src/rp2_common/pico_stdio/stdio.c.o
                0x10005b00                __wrap_vprintf
                0x10005b00                stdio_vprintf
 .text.__wrap_printf
                0x10005bcc       0x18 CMakeFiles/encoder_monitor.dir/Users/ssnow/.pico-sdk/sdk/2.2.0/src/rp2_common/pico_stdio/stdio.c.o
                0x10005bcc                stdio_printf
                0x10005bcc                __wrap_printf
 .text.resetd_init
                0x10005be4        0x4 CMakeFiles/encoder_monitor.dir/Users/ssnow/.pico-sdk/sdk/2.2.0/src/rp2_common/pico_stdio_usb/reset_interface.c.o
 .text.resetd_reset
                0x10005be8        0xc CMakeFiles/encoder_monitor.dir/Users/ssnow/.pico-sdk/sdk/2.2.0/src/rp2_common/pico_stdio_usb/reset_interface.c.o
 .text.resetd_open
                0x10005bf4       0x28 CMakeFiles/encoder_monitor.dir/Users/ssnow/.pico-sdk/sdk/2.2.0/src/rp2_common/pico_stdio_usb/reset_interface.c.o
 .text.resetd_xfer_cb
                0x10005c1c        0x4 CMakeFiles/encoder_monitor.dir/Users/ssnow/.pico-sdk/sdk/2.2.0/src/rp2_common/pico_stdio_usb/reset_interface.c.o
 .text.resetd_control_xfer_cb
                0x10005c20       0x54 CMakeFiles/encoder_monitor.dir/Users/ssnow/.pico-sdk/sdk/2.2.0/src/rp2_common/pico_stdio_usb/reset_interface.c.o
 .text.tud_descriptor_bos_cb
                0x10005c74        0x8 CMakeFiles/encoder_monitor.dir/Users/ssnow/.pico-sdk/sdk/2.2.0/src/rp2_common/pico_stdio_usb/reset_interface.c.o
                0x10005c74                tud_descriptor_bos_cb
 .text.tud_vendor_control_xfer_cb
                0x10005c7c       0x34 CMakeFiles/encoder_monitor.dir/Users/ssnow/.pico-sdk/sdk/2.2.0/src/rp2_common/pico_stdio_usb/reset_interface.c.o
                0x10005c7c                tud_vendor_control_xfer_cb
 .text.usbd_app_driver_get_cb
                0x10005cb0        0xc CMakeFiles/encoder_monitor.dir/Users/ssnow/.pico-sdk/sdk/2.2.0/src/rp2_common/pico_stdio_usb/reset_interface.c.o
                0x10005cb0                usbd_app_driver_get_cb
 .text.tud_cdc_line_coding_cb
                0x10005cbc       0x2c CMakeFiles/encoder_monitor.dir/Users/ssnow/.pico-sdk/sdk/2.2.0/src/rp2_common/pico_stdio_usb/reset_interface.c.o
                0x10005cbc                tud_cdc_line_coding_cb
 .text.stdio_usb_set_chars_available_callback
                0x10005ce8       0x14 CMakeFiles/encoder_monitor.dir/Users/ssnow/.pico-sdk/sdk/2.2.0/src/rp2_common/pico_stdio_usb/stdio_usb.c.o
                0x10005ce8                stdio_usb_set_chars_available_callback
 .text.usb_irq  0x10005cfc       0x10 CMakeFiles/encoder_monitor.dir/Users/ssnow/.pico-sdk/sdk/2.2.0/src/rp2_common/pico_stdio_usb/stdio_usb.c.o
 .text.timer_task
                0x10005d0c       0x64 CMakeFiles/encoder_monitor.dir/Users/ssnow/.pico-sdk/sdk/2.2.0/src/rp2_common/pico_stdio_usb/stdio_usb.c.o
 .text.stdio_usb_in_chars
                0x10005d70       0x8c CMakeFiles/encoder_monitor.dir/Users/ssnow/.pico-sdk/sdk/2.2.0/src/rp2_common/pico_stdio_usb/stdio_usb.c.o
                0x10005d70                stdio_usb_in_chars
 .text.stdio_usb_out_flush
                0x10005dfc       0x4c CMakeFiles/encoder_monitor.dir/Users/ssnow/.pico-sdk/sdk/2.2.0/src/rp2_common/pico_stdio_usb/stdio_usb.c.o
 .text.stdio_usb_out_chars
                0x10005e48      0x100 CMakeFiles/encoder_monitor.dir/Users/ssnow/.pico-sdk/sdk/2.2.0/src/rp2_common/pico_stdio_usb/stdio_usb.c.o
 .text.low_priority_worker_irq
                0x10005f48       0xc8 CMakeFiles/encoder_monitor.dir/Users/ssnow/.pico-sdk/sdk/2.2.0/src/rp2_common/pico_stdio_usb/stdio_usb.c.o
 .text.stdio_usb_init
                0x10006010       0xe8 CMakeFiles/encoder_monitor.dir/Users/ssnow/.pico-sdk/sdk/2.2.0/src/rp2_common/pico_stdio_usb/stdio_usb.c.o
                0x10006010                stdio_usb_init
 .text.tud_descriptor_device_cb
                0x100060f8        0x8 CMakeFiles/encoder_monitor.dir/Users/ssnow/.pico-sdk/sdk/2.2.0/src/rp2_common/pico_stdio_usb/stdio_usb_descriptors.c.o
                0x100060f8                tud_descriptor_device_cb
 .text.tud_descriptor_configuration_cb
                0x10006100        0x8 CMakeFiles/encoder_monitor.dir/Users/ssnow/.pico-sdk/sdk/2.2.0/src/rp2_common/pico_stdio_usb/stdio_usb_descriptors.c.o
                0x10006100                tud_descriptor_configuration_cb
 .text.tud_descriptor_string_cb
                0x10006108       0x78 CMakeFiles/encoder_monitor.dir/Users/ssnow/.pico-sdk/sdk/2.2.0/src/rp2_common/pico_stdio_usb/stdio_usb_descriptors.c.o
                0x10006108                tud_descriptor_string_cb
 .text.startup._retrieve_unique_id_on_boot
                0x10006180       0x10 CMakeFiles/encoder_monitor.dir/Users/ssnow/.pico-sdk/sdk/2.2.0/src/rp2_common/pico_unique_id/unique_id.c.o
 .text.pico_get_unique_board_id_string
                0x10006190      0x1a8 CMakeFiles/encoder_monitor.dir/Users/ssnow/.pico-sdk/sdk/2.2.0/src/rp2_common/pico_unique_id/unique_id.c.o
                0x10006190                pico_get_unique_board_id_string
 .text.flash_get_unique_id
                0x10006338       0x3c CMakeFiles/encoder_monitor.dir/Users/ssnow/.pico-sdk/sdk/2.2.0/src/rp2_common/hardware_flash/flash.c.o
                0x10006338                flash_get_unique_id
 .text.dcd_init
                0x10006374       0x90 CMakeFiles/encoder_monitor.dir/Users/ssnow/.pico-sdk/sdk/2.2.0/lib/tinyusb/src/portable/raspberrypi/rp2040/dcd_rp2040.c.o
                0x10006374                dcd_init
 .text.dcd_int_enable
                0x10006404        0xc CMakeFiles/encoder_monitor.dir/Users/ssnow/.pico-sdk/sdk/2.2.0/lib/tinyusb/src/portable/raspberrypi/rp2040/dcd_rp2040.c.o
                0x10006404                dcd_int_enable
 .text.dcd_set_address
                0x10006410       0x14 CMakeFiles/encoder_monitor.dir/Users/ssnow/.pico-sdk/sdk/2.2.0/lib/tinyusb/src/portable/raspberrypi/rp2040/dcd_rp2040.c.o
                0x10006410                dcd_set_address
 .text.dcd_sof_enable
                0x10006424       0x1c CMakeFiles/encoder_monitor.dir/Users/ssnow/.pico-sdk/sdk/2.2.0/lib/tinyusb/src/portable/raspberrypi/rp2040/dcd_rp2040.c.o
                0x10006424                dcd_sof_enable
 .text.dcd_edpt0_status_complete
                0x10006440       0x1c CMakeFiles/encoder_monitor.dir/Users/ssnow/.pico-sdk/sdk/2.2.0/lib/tinyusb/src/portable/raspberrypi/rp2040/dcd_rp2040.c.o
                0x10006440                dcd_edpt0_status_complete
 .text.dcd_edpt_open
                0x1000645c      0x114 CMakeFiles/encoder_monitor.dir/Users/ssnow/.pico-sdk/sdk/2.2.0/lib/tinyusb/src/portable/raspberrypi/rp2040/dcd_rp2040.c.o
                0x1000645c                dcd_edpt_open
 .text.dcd_edpt_close_all
                0x10006570        0x8 CMakeFiles/encoder_monitor.dir/Users/ssnow/.pico-sdk/sdk/2.2.0/lib/tinyusb/src/portable/raspberrypi/rp2040/dcd_rp2040.c.o
                0x10006570                dcd_edpt_close_all
 .text.dcd_edpt_xfer
                0x10006578       0x24 CMakeFiles/encoder_monitor.dir/Users/ssnow/.pico-sdk/sdk/2.2.0/lib/tinyusb/src/portable/raspberrypi/rp2040/dcd_rp2040.c.o
                0x10006578                dcd_edpt_xfer
 .text.dcd_edpt_stall
                0x1000659c       0x3c CMakeFiles/encoder_monitor.dir/Users/ssnow/.pico-sdk/sdk/2.2.0/lib/tinyusb/src/portable/raspberrypi/rp2040/dcd_rp2040.c.o
                0x1000659c                dcd_edpt_stall
 .text.dcd_edpt_clear_stall
                0x100065d8       0x30 CMakeFiles/encoder_monitor.dir/Users/ssnow/.pico-sdk/sdk/2.2.0/lib/tinyusb/src/portable/raspberrypi/rp2040/dcd_rp2040.c.o
                0x100065d8                dcd_edpt_clear_stall
 .text.rp2040_usb_init
                0x10006608       0x40 CMakeFiles/encoder_monitor.dir/Users/ssnow/.pico-sdk/sdk/2.2.0/lib/tinyusb/src/portable/raspberrypi/rp2040/rp2040_usb.c.o
                0x10006608                rp2040_usb_init
 .text.hw_endpoint_xfer_start
                0x10006648       0x40 CMakeFiles/encoder_monitor.dir/Users/ssnow/.pico-sdk/sdk/2.2.0/lib/tinyusb/src/portable/raspberrypi/rp2040/rp2040_usb.c.o
                0x10006648                hw_endpoint_xfer_start
 .text.tud_event_hook_cb
                0x10006688        0x4 CMakeFiles/encoder_monitor.dir/Users/ssnow/.pico-sdk/sdk/2.2.0/lib/tinyusb/src/device/usbd.c.o
                0x10006688                tud_event_hook_cb
 .text.tud_sof_cb
                0x1000668c        0x4 CMakeFiles/encoder_monitor.dir/Users/ssnow/.pico-sdk/sdk/2.2.0/lib/tinyusb/src/device/usbd.c.o
                0x1000668c                tud_sof_cb
 .text.tud_descriptor_device_qualifier_cb
                0x10006690        0x4 CMakeFiles/encoder_monitor.dir/Users/ssnow/.pico-sdk/sdk/2.2.0/lib/tinyusb/src/device/usbd.c.o
                0x10006690                tud_descriptor_device_qualifier_cb
 .text.tud_descriptor_other_speed_configuration_cb
                0x10006694        0x4 CMakeFiles/encoder_monitor.dir/Users/ssnow/.pico-sdk/sdk/2.2.0/lib/tinyusb/src/device/usbd.c.o
                0x10006694                tud_descriptor_other_speed_configuration_cb
 .text.tud_mount_cb
                0x10006698        0x4 CMakeFiles/encoder_monitor.dir/Users/ssnow/.pico-sdk/sdk/2.2.0/lib/tinyusb/src/device/usbd.c.o
                0x10006698                tud_mount_cb
 .text.tud_umount_cb
                0x1000669c        0x4 CMakeFiles/encoder_monitor.dir/Users/ssnow/.pico-sdk/sdk/2.2.0/lib/tinyusb/src/device/usbd.c.o
                0x1000669c                tud_umount_cb
 .text.tud_suspend_cb
                0x100066a0        0x4 CMakeFiles/encoder_monitor.dir/Users/ssnow/.pico-sdk/sdk/2.2.0/lib/tinyusb/src/device/usbd.c.o
                0x100066a0                tud_suspend_cb
 .text.tud_resume_cb
                0x100066a4        0x4 CMakeFiles/encoder_monitor.dir/Users/ssnow/.pico-sdk/sdk/2.2.0/lib/tinyusb/src/device/usbd.c.o
                0x100066a4                tud_resume_cb
 .text.tud_mounted
                0x100066a8       0x10 CMakeFiles/encoder_monitor.dir/Users/ssnow/.pico-sdk/sdk/2.2.0/lib/tinyusb/src/device/usbd.c.o
                0x100066a8                tud_mounted
 .text.tud_suspended
                0x100066b8       0x10 CMakeFiles/encoder_monitor.dir/Users/ssnow/.pico-sdk/sdk/2.2.0/lib/tinyusb/src/device/usbd.c.o
                0x100066b8                tud_suspended
 .text.tud_rhport_init
                0x100066c8       0xf4 CMakeFiles/encoder_monitor.dir/Users/ssnow/.pico-sdk/sdk/2.2.0/lib/tinyusb/src/device/usbd.c.o
                0x100066c8                tud_rhport_init
 .text.tud_task_ext
                0x100067bc      0x800 CMakeFiles/encoder_monitor.dir/Users/ssnow/.pico-sdk/sdk/2.2.0/lib/tinyusb/src/device/usbd.c.o
                0x100067bc                tud_task_ext
 .text.usbd_open_edpt_pair
                0x10006fbc       0x9c CMakeFiles/encoder_monitor.dir/Users/ssnow/.pico-sdk/sdk/2.2.0/lib/tinyusb/src/device/usbd.c.o
                0x10006fbc                usbd_open_edpt_pair
 .text.usbd_edpt_open
                0x10007058       0x34 CMakeFiles/encoder_monitor.dir/Users/ssnow/.pico-sdk/sdk/2.2.0/lib/tinyusb/src/device/usbd.c.o
                0x10007058                usbd_edpt_open
 .text.usbd_edpt_claim
                0x1000708c       0x28 CMakeFiles/encoder_monitor.dir/Users/ssnow/.pico-sdk/sdk/2.2.0/lib/tinyusb/src/device/usbd.c.o
                0x1000708c                usbd_edpt_claim
 .text.usbd_edpt_release
                0x100070b4       0x28 CMakeFiles/encoder_monitor.dir/Users/ssnow/.pico-sdk/sdk/2.2.0/lib/tinyusb/src/device/usbd.c.o
                0x100070b4                usbd_edpt_release
 .text.usbd_edpt_xfer
                0x100070dc       0x4c CMakeFiles/encoder_monitor.dir/Users/ssnow/.pico-sdk/sdk/2.2.0/lib/tinyusb/src/device/usbd.c.o
                0x100070dc                usbd_edpt_xfer
 .text.tud_control_status
                0x10007128       0x2c CMakeFiles/encoder_monitor.dir/Users/ssnow/.pico-sdk/sdk/2.2.0/lib/tinyusb/src/device/usbd_control.c.o
                0x10007128                tud_control_status
 .text.tud_control_xfer
                0x10007154       0xa8 CMakeFiles/encoder_monitor.dir/Users/ssnow/.pico-sdk/sdk/2.2.0/lib/tinyusb/src/device/usbd_control.c.o
                0x10007154                tud_control_xfer
 .text.usbd_control_reset
                0x100071fc       0x14 CMakeFiles/encoder_monitor.dir/Users/ssnow/.pico-sdk/sdk/2.2.0/lib/tinyusb/src/device/usbd_control.c.o
                0x100071fc                usbd_control_reset
 .text.usbd_control_set_complete_callback
                0x10007210        0xc CMakeFiles/encoder_monitor.dir/Users/ssnow/.pico-sdk/sdk/2.2.0/lib/tinyusb/src/device/usbd_control.c.o
                0x10007210                usbd_control_set_complete_callback
 .text.usbd_control_set_request
                0x1000721c       0x1c CMakeFiles/encoder_monitor.dir/Users/ssnow/.pico-sdk/sdk/2.2.0/lib/tinyusb/src/device/usbd_control.c.o
                0x1000721c                usbd_control_set_request
 .text.usbd_control_xfer_cb
                0x10007238       0xec CMakeFiles/encoder_monitor.dir/Users/ssnow/.pico-sdk/sdk/2.2.0/lib/tinyusb/src/device/usbd_control.c.o
                0x10007238                usbd_control_xfer_cb
 .text._prep_out_transaction.isra.0
                0x10007324       0x6c CMakeFiles/encoder_monitor.dir/Users/ssnow/.pico-sdk/sdk/2.2.0/lib/tinyusb/src/class/cdc/cdc_device.c.o
 .text.tud_cdc_n_connected
                0x10007390       0x2c CMakeFiles/encoder_monitor.dir/Users/ssnow/.pico-sdk/sdk/2.2.0/lib/tinyusb/src/class/cdc/cdc_device.c.o
                0x10007390                tud_cdc_n_connected
 .text.tud_cdc_n_available
                0x100073bc       0x14 CMakeFiles/encoder_monitor.dir/Users/ssnow/.pico-sdk/sdk/2.2.0/lib/tinyusb/src/class/cdc/cdc_device.c.o
                0x100073bc                tud_cdc_n_available
 .text.tud_cdc_n_read
                0x100073d0       0x88 CMakeFiles/encoder_monitor.dir/Users/ssnow/.pico-sdk/sdk/2.2.0/lib/tinyusb/src/class/cdc/cdc_device.c.o
                0x100073d0                tud_cdc_n_read
 .text.tud_cdc_n_write_flush
                0x10007458       0x74 CMakeFiles/encoder_monitor.dir/Users/ssnow/.pico-sdk/sdk/2.2.0/lib/tinyusb/src/class/cdc/cdc_device.c.o
                0x10007458                tud_cdc_n_write_flush
 .text.tud_cdc_n_write
                0x100074cc       0x40 CMakeFiles/encoder_monitor.dir/Users/ssnow/.pico-sdk/sdk/2.2.0/lib/tinyusb/src/class/cdc/cdc_device.c.o
                0x100074cc                tud_cdc_n_write
 .text.tud_cdc_n_write_available
                0x1000750c       0x14 CMakeFiles/encoder_monitor.dir/Users/ssnow/.pico-sdk/sdk/2.2.0/lib/tinyusb/src/class/cdc/cdc_device.c.o
                0x1000750c                tud_cdc_n_write_available
 .text.cdcd_init
                0x10007520       0x70 CMakeFiles/encoder_monitor.dir/Users/ssnow/.pico-sdk/sdk/2.2.0/lib/tinyusb/src/class/cdc/cdc_device.c.o
                0x10007520                cdcd_init
 .text.cdcd_deinit
                0x10007590       0x30 CMakeFiles/encoder_monitor.dir/Users/ssnow/.pico-sdk/sdk/2.2.0/lib/tinyusb/src/class/cdc/cdc_device.c.o
                0x10007590                cdcd_deinit
 .text.cdcd_reset
                0x100075c0       0x4c CMakeFiles/encoder_monitor.dir/Users/ssnow/.pico-sdk/sdk/2.2.0/lib/tinyusb/src/class/cdc/cdc_device.c.o
                0x100075c0                cdcd_reset
 .text.cdcd_open
                0x1000760c       0xa4 CMakeFiles/encoder_monitor.dir/Users/ssnow/.pico-sdk/sdk/2.2.0/lib/tinyusb/src/class/cdc/cdc_device.c.o
                0x1000760c                cdcd_open
 .text.cdcd_control_xfer_cb
                0x100076b0       0xe8 CMakeFiles/encoder_monitor.dir/Users/ssnow/.pico-sdk/sdk/2.2.0/lib/tinyusb/src/class/cdc/cdc_device.c.o
                0x100076b0                cdcd_control_xfer_cb
 .text.cdcd_xfer_cb
                0x10007798      0x100 CMakeFiles/encoder_monitor.dir/Users/ssnow/.pico-sdk/sdk/2.2.0/lib/tinyusb/src/class/cdc/cdc_device.c.o
                0x10007798                cdcd_xfer_cb
 .text.vendord_init
                0x10007898       0x5c CMakeFiles/encoder_monitor.dir/Users/ssnow/.pico-sdk/sdk/2.2.0/lib/tinyusb/src/class/vendor/vendor_device.c.o
                0x10007898                vendord_init
 .text.vendord_deinit
                0x100078f4       0x1c CMakeFiles/encoder_monitor.dir/Users/ssnow/.pico-sdk/sdk/2.2.0/lib/tinyusb/src/class/vendor/vendor_device.c.o
                0x100078f4                vendord_deinit
 .text.vendord_reset
                0x10007910       0x28 CMakeFiles/encoder_monitor.dir/Users/ssnow/.pico-sdk/sdk/2.2.0/lib/tinyusb/src/class/vendor/vendor_device.c.o
                0x10007910                vendord_reset
 .text.vendord_open
                0x10007938      0x120 CMakeFiles/encoder_monitor.dir/Users/ssnow/.pico-sdk/sdk/2.2.0/lib/tinyusb/src/class/vendor/vendor_device.c.o
                0x10007938                vendord_open
 .text.vendord_xfer_cb
                0x10007a58       0x9c CMakeFiles/encoder_monitor.dir/Users/ssnow/.pico-sdk/sdk/2.2.0/lib/tinyusb/src/class/vendor/vendor_device.c.o
                0x10007a58                vendord_xfer_cb
 .text.tusb_rhport_init
                0x10007af4       0x4c CMakeFiles/encoder_monitor.dir/Users/ssnow/.pico-sdk/sdk/2.2.0/lib/tinyusb/src/tusb.c.o
                0x10007af4                tusb_rhport_init
 .text.tu_edpt_claim
                0x10007b40       0x50 CMakeFiles/encoder_monitor.dir/Users/ssnow/.pico-sdk/sdk/2.2.0/lib/tinyusb/src/tusb.c.o
                0x10007b40                tu_edpt_claim
 .text.tu_edpt_release
                0x10007b90       0x38 CMakeFiles/encoder_monitor.dir/Users/ssnow/.pico-sdk/sdk/2.2.0/lib/tinyusb/src/tusb.c.o
                0x10007b90                tu_edpt_release
 .text.tu_edpt_validate
                0x10007bc8       0x7c CMakeFiles/encoder_monitor.dir/Users/ssnow/.pico-sdk/sdk/2.2.0/lib/tinyusb/src/tusb.c.o
                0x10007bc8                tu_edpt_validate
 .text.tu_edpt_bind_driver
                0x10007c44       0x34 CMakeFiles/encoder_monitor.dir/Users/ssnow/.pico-sdk/sdk/2.2.0/lib/tinyusb/src/tusb.c.o
                0x10007c44                tu_edpt_bind_driver
 .text.tu_edpt_stream_init
                0x10007c78       0x6c CMakeFiles/encoder_monitor.dir/Users/ssnow/.pico-sdk/sdk/2.2.0/lib/tinyusb/src/tusb.c.o
                0x10007c78                tu_edpt_stream_init
 .text.tu_edpt_stream_deinit
                0x10007ce4        0x4 CMakeFiles/encoder_monitor.dir/Users/ssnow/.pico-sdk/sdk/2.2.0/lib/tinyusb/src/tusb.c.o
                0x10007ce4                tu_edpt_stream_deinit
 .text.tu_edpt_stream_write_zlp_if_needed
                0x10007ce8       0x68 CMakeFiles/encoder_monitor.dir/Users/ssnow/.pico-sdk/sdk/2.2.0/lib/tinyusb/src/tusb.c.o
                0x10007ce8                tu_edpt_stream_write_zlp_if_needed
 .text.tu_edpt_stream_write_xfer
                0x10007d50       0x68 CMakeFiles/encoder_monitor.dir/Users/ssnow/.pico-sdk/sdk/2.2.0/lib/tinyusb/src/tusb.c.o
                0x10007d50                tu_edpt_stream_write_xfer
 .text.tu_edpt_stream_read_xfer
                0x10007db8       0xd8 CMakeFiles/encoder_monitor.dir/Users/ssnow/.pico-sdk/sdk/2.2.0/lib/tinyusb/src/tusb.c.o
                0x10007db8                tu_edpt_stream_read_xfer
 .text.tu_fifo_config
                0x10007e90       0x6c CMakeFiles/encoder_monitor.dir/Users/ssnow/.pico-sdk/sdk/2.2.0/lib/tinyusb/src/common/tusb_fifo.c.o
                0x10007e90                tu_fifo_config
 .text.tu_fifo_count
                0x10007efc       0x2c CMakeFiles/encoder_monitor.dir/Users/ssnow/.pico-sdk/sdk/2.2.0/lib/tinyusb/src/common/tusb_fifo.c.o
                0x10007efc                tu_fifo_count
 .text.tu_fifo_empty
                0x10007f28       0x10 CMakeFiles/encoder_monitor.dir/Users/ssnow/.pico-sdk/sdk/2.2.0/lib/tinyusb/src/common/tusb_fifo.c.o
                0x10007f28                tu_fifo_empty
 .text.tu_fifo_remaining
                0x10007f38       0x2c CMakeFiles/encoder_monitor.dir/Users/ssnow/.pico-sdk/sdk/2.2.0/lib/tinyusb/src/common/tusb_fifo.c.o
                0x10007f38                tu_fifo_remaining
 .text.tu_fifo_read
                0x10007f64       0x9c CMakeFiles/encoder_monitor.dir/Users/ssnow/.pico-sdk/sdk/2.2.0/lib/tinyusb/src/common/tusb_fifo.c.o
                0x10007f64                tu_fifo_read
 .text.tu_fifo_read_n
                0x10008000       0xe8 CMakeFiles/encoder_monitor.dir/Users/ssnow/.pico-sdk/sdk/2.2.0/lib/tinyusb/src/common/tusb_fifo.c.o
                0x10008000                tu_fifo_read_n
 .text.tu_fifo_write
                0x100080e8       0xa4 CMakeFiles/encoder_monitor.dir/Users/ssnow/.pico-sdk/sdk/2.2.0/lib/tinyusb/src/common/tusb_fifo.c.o
                0x100080e8                tu_fifo_write
 .text.tu_fifo_write_n
                0x1000818c      0x178 CMakeFiles/encoder_monitor.dir/Users/ssnow/.pico-sdk/sdk/2.2.0/lib/tinyusb/src/common/tusb_fifo.c.o
                0x1000818c                tu_fifo_write_n
 .text.tu_fifo_clear
                0x10008304       0x40 CMakeFiles/encoder_monitor.dir/Users/ssnow/.pico-sdk/sdk/2.2.0/lib/tinyusb/src/common/tusb_fifo.c.o
                0x10008304                tu_fifo_clear
 .text.tu_fifo_set_overwritable
                0x10008344       0x48 CMakeFiles/encoder_monitor.dir/Users/ssnow/.pico-sdk/sdk/2.2.0/lib/tinyusb/src/common/tusb_fifo.c.o
                0x10008344                tu_fifo_set_overwritable
 .text.pio_claim_unused_sm
                0x1000838c       0x38 CMakeFiles/encoder_monitor.dir/Users/ssnow/.pico-sdk/sdk/2.2.0/src/rp2_common/hardware_pio/pio.c.o
                0x1000838c                pio_claim_unused_sm
 .text.pio_can_add_program
                0x100083c4       0x7c CMakeFiles/encoder_monitor.dir/Users/ssnow/.pico-sdk/sdk/2.2.0/src/rp2_common/hardware_pio/pio.c.o
                0x100083c4                pio_can_add_program
 .text.pio_add_program
                0x10008440       0xf8 CMakeFiles/encoder_monitor.dir/Users/ssnow/.pico-sdk/sdk/2.2.0/src/rp2_common/hardware_pio/pio.c.o
                0x10008440                pio_add_program
 .text.pio_sm_set_consecutive_pindirs
                0x10008538       0xb4 CMakeFiles/encoder_monitor.dir/Users/ssnow/.pico-sdk/sdk/2.2.0/src/rp2_common/hardware_pio/pio.c.o
                0x10008538                pio_sm_set_consecutive_pindirs
 .text.pio_sm_init
                0x100085ec       0x9c CMakeFiles/encoder_monitor.dir/Users/ssnow/.pico-sdk/sdk/2.2.0/src/rp2_common/hardware_pio/pio.c.o
                0x100085ec                pio_sm_init
 .text.i2c_read_blocking_internal.constprop.0
                0x10008688       0x98 CMakeFiles/encoder_monitor.dir/Users/ssnow/.pico-sdk/sdk/2.2.0/src/rp2_common/hardware_i2c/i2c.c.o
 .text.i2c_write_blocking_internal.constprop.0
                0x10008720       0xf8 CMakeFiles/encoder_monitor.dir/Users/ssnow/.pico-sdk/sdk/2.2.0/src/rp2_common/hardware_i2c/i2c.c.o
 .text.i2c_set_baudrate
                0x10008818       0xc0 CMakeFiles/encoder_monitor.dir/Users/ssnow/.pico-sdk/sdk/2.2.0/src/rp2_common/hardware_i2c/i2c.c.o
                0x10008818                i2c_set_baudrate
 .text.i2c_init
                0x100088d8       0x50 CMakeFiles/encoder_monitor.dir/Users/ssnow/.pico-sdk/sdk/2.2.0/src/rp2_common/hardware_i2c/i2c.c.o
                0x100088d8                i2c_init
 .text.i2c_write_blocking
                0x10008928       0x14 CMakeFiles/encoder_monitor.dir/Users/ssnow/.pico-sdk/sdk/2.2.0/src/rp2_common/hardware_i2c/i2c.c.o
                0x10008928                i2c_write_blocking
 .text.i2c_read_blocking
                0x1000893c       0x14 CMakeFiles/encoder_monitor.dir/Users/ssnow/.pico-sdk/sdk/2.2.0/src/rp2_common/hardware_i2c/i2c.c.o
                0x1000893c                i2c_read_blocking
 .text.strlen   0x10008950       0x5c /Users/ssnow/.pico-sdk/toolchain/14_2_Rel1/bin/../lib/gcc/arm-none-eabi/14.2.1/../../../../arm-none-eabi/lib/thumb/v6-m/nofp/libg.a(libc_a-strlen-stub.o)
                0x10008950                strlen
 *(.fini)
 .fini          0x100089ac        0x4 /Users/ssnow/.pico-sdk/toolchain/14_2_Rel1/bin/../lib/gcc/arm-none-eabi/14.2.1/thumb/v6-m/nofp/crti.o
                0x100089ac                _fini
 .fini.__stub   0x100089b0       0xc0 linker stubs
 *crtbegin.o(.ctors)
 *crtbegin?.o(.ctors)
 *(EXCLUDE_FILE(*crtend.o *crtend?.o) .ctors)
 *(SORT_BY_NAME(.ctors.*))
 *(.ctors)
 *crtbegin.o(.dtors)
 *crtbegin?.o(.dtors)
 *(EXCLUDE_FILE(*crtend.o *crtend?.o) .dtors)
 *(SORT_BY_NAME(.dtors.*))
 *(.dtors)
                0x10008a70                        . = ALIGN (0x4)
                0x10008a70                        PROVIDE (__preinit_array_start = .)
 *(SORT_BY_NAME(.preinit_array.*))
 .preinit_array.00100
                0x10008a70        0x4 CMakeFiles/encoder_monitor.dir/Users/ssnow/.pico-sdk/sdk/2.2.0/src/rp2_common/pico_runtime_init/runtime_init.c.o
                0x10008a70                __pre_init_runtime_init_early_resets
 .preinit_array.00101
                0x10008a74        0x4 CMakeFiles/encoder_monitor.dir/Users/ssnow/.pico-sdk/sdk/2.2.0/src/rp2_common/pico_runtime_init/runtime_init.c.o
                0x10008a74                __pre_init_runtime_init_usb_power_down
 .preinit_array.00275
                0x10008a78        0x4 CMakeFiles/encoder_monitor.dir/Users/ssnow/.pico-sdk/sdk/2.2.0/src/rp2_common/pico_bit_ops/bit_ops_aeabi.S.o
 .preinit_array.00300
                0x10008a7c        0x4 CMakeFiles/encoder_monitor.dir/Users/ssnow/.pico-sdk/sdk/2.2.0/src/rp2_common/pico_mem_ops/mem_ops_aeabi.S.o
 .preinit_array.00350
                0x10008a80        0x4 CMakeFiles/encoder_monitor.dir/Users/ssnow/.pico-sdk/sdk/2.2.0/src/rp2_common/pico_double/double_aeabi_rp2040.S.o
 .preinit_array.00350
                0x10008a84        0x4 CMakeFiles/encoder_monitor.dir/Users/ssnow/.pico-sdk/sdk/2.2.0/src/rp2_common/pico_float/float_aeabi_rp2040.S.o
 .preinit_array.00500
                0x10008a88        0x4 CMakeFiles/encoder_monitor.dir/Users/ssnow/.pico-sdk/sdk/2.2.0/src/rp2_common/pico_runtime_init/runtime_init.c.o
                0x10008a88                __pre_init_runtime_init_clocks
 .preinit_array.00600
                0x10008a8c        0x4 CMakeFiles/encoder_monitor.dir/Users/ssnow/.pico-sdk/sdk/2.2.0/src/rp2_common/pico_runtime_init/runtime_init.c.o
                0x10008a8c                __pre_init_runtime_init_post_clock_resets
 .preinit_array.00700
                0x10008a90        0x4 CMakeFiles/encoder_monitor.dir/Users/ssnow/.pico-sdk/sdk/2.2.0/src/rp2_common/pico_runtime_init/runtime_init.c.o
                0x10008a90                __pre_init_runtime_init_rp2040_gpio_ie_disable
 .preinit_array.01000
                0x10008a94        0x4 CMakeFiles/encoder_monitor.dir/Users/ssnow/.pico-sdk/sdk/2.2.0/src/rp2_common/pico_runtime_init/runtime_init.c.o
                0x10008a94                __pre_init_runtime_init_spin_locks_reset
 .preinit_array.01100
                0x10008a98        0x4 CMakeFiles/encoder_monitor.dir/Users/ssnow/.pico-sdk/sdk/2.2.0/src/common/pico_sync/mutex.c.o
                0x10008a98                __pre_init_runtime_init_mutex
 .preinit_array.10080
                0x10008a9c        0x4 CMakeFiles/encoder_monitor.dir/Users/ssnow/.pico-sdk/sdk/2.2.0/src/rp2_common/pico_runtime_init/runtime_init.c.o
                0x10008a9c                __pre_init_runtime_init_install_ram_vector_table
 .preinit_array.11000
                0x10008aa0        0x4 CMakeFiles/encoder_monitor.dir/Users/ssnow/.pico-sdk/sdk/2.2.0/src/common/pico_time/time.c.o
                0x10008aa0                __pre_init_runtime_init_default_alarm_pool
 .preinit_array.YYYYY
                0x10008aa4        0x4 CMakeFiles/encoder_monitor.dir/Users/ssnow/.pico-sdk/sdk/2.2.0/src/rp2_common/pico_runtime/runtime.c.o
                0x10008aa4                __pre_init_first_per_core_initializer
 .preinit_array.ZZZZZ.01200
                0x10008aa8        0x4 CMakeFiles/encoder_monitor.dir/Users/ssnow/.pico-sdk/sdk/2.2.0/src/rp2_common/hardware_irq/irq.c.o
                0x10008aa8                __pre_init_runtime_init_per_core_irq_priorities
 *(.preinit_array)
                0x10008aac                        PROVIDE (__preinit_array_end = .)
                0x10008aac                        . = ALIGN (0x4)
                0x10008aac                        PROVIDE (__init_array_start = .)
 *(SORT_BY_NAME(.init_array.*))
 .init_array.01000
                0x10008aac        0x4 CMakeFiles/encoder_monitor.dir/Users/ssnow/.pico-sdk/sdk/2.2.0/src/rp2_common/pico_unique_id/unique_id.c.o
 *(.init_array)
 .init_array    0x10008ab0        0x4 /Users/ssnow/.pico-sdk/toolchain/14_2_Rel1/bin/../lib/gcc/arm-none-eabi/14.2.1/thumb/v6-m/nofp/crtbegin.o
                0x10008ab4                        PROVIDE (__init_array_end = .)
                0x10008ab4                        . = ALIGN (0x4)
                [!provide]                        PROVIDE (__fini_array_start = .)
 *(SORT_BY_NAME(.fini_array.*))
 *(.fini_array)
                [!provide]                        PROVIDE (__fini_array_end = .)
 *(.eh_frame*)
 .eh_frame      0x10008ab4        0x0 /Users/ssnow/.pico-sdk/toolchain/14_2_Rel1/bin/../lib/gcc/arm-none-eabi/14.2.1/thumb/v6-m/nofp/crtbegin.o
                0x10008ab4                        . = ALIGN (0x4)

.glue_7         0x10008ab4        0x0
 .glue_7        0x10008ab4        0x0 linker stubs

.glue_7t        0x10008ab4        0x0
 .glue_7t       0x10008ab4        0x0 linker stubs

.vfp11_veneer   0x10008ab4        0x0
 .vfp11_veneer  0x10008ab4        0x0 linker stubs

.v4_bx          0x10008ab4        0x0
 .v4_bx         0x10008ab4        0x0 linker stubs

.iplt           0x10008ab4        0x0
 .iplt          0x10008ab4        0x0 /Users/ssnow/.pico-sdk/toolchain/14_2_Rel1/bin/../lib/gcc/arm-none-eabi/14.2.1/thumb/v6-m/nofp/crtbegin.o

.rodata         0x10008ab8      0xb0c
 *(EXCLUDE_FILE(*libm.a: *libc.a:*lib_a-mem*.o *libgcc.a:) .rodata*)
 .rodata.main.str1.4
                0x10008ab8      0x63c CMakeFiles/encoder_monitor.dir/main.c.o
                                0x2c9 (size before relaxing)
 .rodata        0x100090f4        0xc CMakeFiles/encoder_monitor.dir/main.c.o
 .rodata.i2c_helper_scan.str1.4
                0x10009100       0x69 CMakeFiles/encoder_monitor.dir/src/i2c/i2c_helper.c.o
 .rodata.lcd_init.str1.4
                0x10009100       0x2a CMakeFiles/encoder_monitor.dir/src/drivers/lcd_pcf8574.c.o
 .rodata.lcd_print_int.str1.4
                0x10009100        0x4 CMakeFiles/encoder_monitor.dir/src/drivers/lcd_pcf8574.c.o
 .rodata.lcd_print_float.str1.4
                0x10009100        0x7 CMakeFiles/encoder_monitor.dir/src/drivers/lcd_pcf8574.c.o
 .rodata.encoder_z_handler.str1.4
                0x10009100       0x15 CMakeFiles/encoder_monitor.dir/src/encoder/encoder.c.o
 .rodata.encoder_init.str1.4
                0x10009100       0xcc CMakeFiles/encoder_monitor.dir/src/encoder/encoder.c.o
 .rodata.encoder_process.str1.4
                0x10009100       0x49 CMakeFiles/encoder_monitor.dir/src/encoder/encoder.c.o
 .rodata.encoder_states
                0x10009100       0x10 CMakeFiles/encoder_monitor.dir/src/encoder/encoder.c.o
                0x10009100                encoder_states
 .rodata.quadrature_encoder_program
                0x10009110        0x8 CMakeFiles/encoder_monitor.dir/src/encoder/encoder.c.o
 .rodata.quadrature_encoder_program_instructions
                0x10009118        0x4 CMakeFiles/encoder_monitor.dir/src/encoder/encoder.c.o
 .rodata.panic.str1.4
                0x1000911c       0x12 CMakeFiles/encoder_monitor.dir/Users/ssnow/.pico-sdk/sdk/2.2.0/src/rp2_common/pico_platform_panic/panic.c.o
 .rodata.spin_lock_claim_unused.str1.4
                0x1000911c       0x1b CMakeFiles/encoder_monitor.dir/Users/ssnow/.pico-sdk/sdk/2.2.0/src/rp2_common/hardware_sync/sync.c.o
 .rodata.user_irq_claim_unused.str1.4
                0x1000911c       0x1b CMakeFiles/encoder_monitor.dir/Users/ssnow/.pico-sdk/sdk/2.2.0/src/rp2_common/hardware_irq/irq.c.o
 .rodata.timer_hardware_alarm_claim.str1.4
                0x1000911c       0x22 CMakeFiles/encoder_monitor.dir/Users/ssnow/.pico-sdk/sdk/2.2.0/src/rp2_common/hardware_timer/timer.c.o
 .rodata.hard_assertion_failure.str1.4
                0x1000911c        0xc CMakeFiles/encoder_monitor.dir/Users/ssnow/.pico-sdk/sdk/2.2.0/src/rp2_common/pico_runtime/runtime.c.o
 .rodata.str1.4
                0x1000911c       0x44 CMakeFiles/encoder_monitor.dir/Users/ssnow/.pico-sdk/sdk/2.2.0/src/rp2_common/pico_standard_binary_info/standard_binary_info.c.o
 .rodata.__bi_84
                0x1000911c        0xc CMakeFiles/encoder_monitor.dir/Users/ssnow/.pico-sdk/sdk/2.2.0/src/rp2_common/pico_standard_binary_info/standard_binary_info.c.o
 .rodata.__bi_78
                0x10009128        0xc CMakeFiles/encoder_monitor.dir/Users/ssnow/.pico-sdk/sdk/2.2.0/src/rp2_common/pico_standard_binary_info/standard_binary_info.c.o
 .rodata.__bi_54
                0x10009134        0xc CMakeFiles/encoder_monitor.dir/Users/ssnow/.pico-sdk/sdk/2.2.0/src/rp2_common/pico_standard_binary_info/standard_binary_info.c.o
 .rodata.__bi_48
                0x10009140        0xc CMakeFiles/encoder_monitor.dir/Users/ssnow/.pico-sdk/sdk/2.2.0/src/rp2_common/pico_standard_binary_info/standard_binary_info.c.o
 .rodata.__bi_42
                0x1000914c        0xc CMakeFiles/encoder_monitor.dir/Users/ssnow/.pico-sdk/sdk/2.2.0/src/rp2_common/pico_standard_binary_info/standard_binary_info.c.o
 .rodata.__bi_34
                0x10009158        0xc CMakeFiles/encoder_monitor.dir/Users/ssnow/.pico-sdk/sdk/2.2.0/src/rp2_common/pico_standard_binary_info/standard_binary_info.c.o
 .rodata.__bi_26
                0x10009164        0xc CMakeFiles/encoder_monitor.dir/Users/ssnow/.pico-sdk/sdk/2.2.0/src/rp2_common/pico_standard_binary_info/standard_binary_info.c.o
 .rodata._ftoa.str1.4
                0x10009170       0x15 CMakeFiles/encoder_monitor.dir/Users/ssnow/.pico-sdk/sdk/2.2.0/src/rp2_common/pico_printf/printf.c.o
 .rodata._vsnprintf
                0x10009170      0x19c CMakeFiles/encoder_monitor.dir/Users/ssnow/.pico-sdk/sdk/2.2.0/src/rp2_common/pico_printf/printf.c.o
 *fill*         0x1000930c        0x4 
 .rodata.pow10.0
                0x10009310       0x50 CMakeFiles/encoder_monitor.dir/Users/ssnow/.pico-sdk/sdk/2.2.0/src/rp2_common/pico_printf/printf.c.o
 .rodata.crlf_str.0
                0x10009360        0x2 CMakeFiles/encoder_monitor.dir/Users/ssnow/.pico-sdk/sdk/2.2.0/src/rp2_common/pico_stdio/stdio.c.o
 *fill*         0x10009362        0x2 
 .rodata._resetd_driver
                0x10009364       0x20 CMakeFiles/encoder_monitor.dir/Users/ssnow/.pico-sdk/sdk/2.2.0/src/rp2_common/pico_stdio_usb/reset_interface.c.o
 .rodata.desc_ms_os_20
                0x10009384       0xa6 CMakeFiles/encoder_monitor.dir/Users/ssnow/.pico-sdk/sdk/2.2.0/src/rp2_common/pico_stdio_usb/reset_interface.c.o
 *fill*         0x1000942a        0x2 
 .rodata.desc_bos
                0x1000942c       0x21 CMakeFiles/encoder_monitor.dir/Users/ssnow/.pico-sdk/sdk/2.2.0/src/rp2_common/pico_stdio_usb/reset_interface.c.o
                0x1000942c                desc_bos
 .rodata.str1.4
                0x1000944d       0x13 CMakeFiles/encoder_monitor.dir/Users/ssnow/.pico-sdk/sdk/2.2.0/src/rp2_common/pico_stdio_usb/stdio_usb.c.o
 *fill*         0x1000944d        0x3 
 .rodata.__bi_202.0
                0x10009450        0xc CMakeFiles/encoder_monitor.dir/Users/ssnow/.pico-sdk/sdk/2.2.0/src/rp2_common/pico_stdio_usb/stdio_usb.c.o
 .rodata.str1.4
                0x1000945c       0x2a CMakeFiles/encoder_monitor.dir/Users/ssnow/.pico-sdk/sdk/2.2.0/src/rp2_common/pico_stdio_usb/stdio_usb_descriptors.c.o
 .rodata.usbd_desc_str
                0x1000945c       0x18 CMakeFiles/encoder_monitor.dir/Users/ssnow/.pico-sdk/sdk/2.2.0/src/rp2_common/pico_stdio_usb/stdio_usb_descriptors.c.o
 .rodata.usbd_desc_cfg
                0x10009474       0x54 CMakeFiles/encoder_monitor.dir/Users/ssnow/.pico-sdk/sdk/2.2.0/src/rp2_common/pico_stdio_usb/stdio_usb_descriptors.c.o
 .rodata.usbd_desc_device
                0x100094c8       0x12 CMakeFiles/encoder_monitor.dir/Users/ssnow/.pico-sdk/sdk/2.2.0/src/rp2_common/pico_stdio_usb/stdio_usb_descriptors.c.o
 .rodata.str1.4
                0x100094da       0x14 CMakeFiles/encoder_monitor.dir/Users/ssnow/.pico-sdk/sdk/2.2.0/lib/tinyusb/src/portable/raspberrypi/rp2040/dcd_rp2040.c.o
 .rodata.str1.4
                0x100094da       0x48 CMakeFiles/encoder_monitor.dir/Users/ssnow/.pico-sdk/sdk/2.2.0/lib/tinyusb/src/portable/raspberrypi/rp2040/rp2040_usb.c.o
 *fill*         0x100094da        0x2 
 .rodata.tud_task_ext
                0x100094dc       0x8c CMakeFiles/encoder_monitor.dir/Users/ssnow/.pico-sdk/sdk/2.2.0/lib/tinyusb/src/device/usbd.c.o
 .rodata        0x10009568       0x1c CMakeFiles/encoder_monitor.dir/Users/ssnow/.pico-sdk/sdk/2.2.0/lib/tinyusb/src/device/usbd.c.o
 .rodata._usbd_driver
                0x10009584       0x40 CMakeFiles/encoder_monitor.dir/Users/ssnow/.pico-sdk/sdk/2.2.0/lib/tinyusb/src/device/usbd.c.o
 .rodata.pio_claim_unused_sm.str1.4
                0x100095c4       0x24 CMakeFiles/encoder_monitor.dir/Users/ssnow/.pico-sdk/sdk/2.2.0/src/rp2_common/hardware_pio/pio.c.o
                0x100095e8                        . = ALIGN (0x4)
 *(SORT_BY_ALIGNMENT(SORT_BY_NAME(.flashdata*)))
                0x100095e8                        . = ALIGN (0x4)

.ARM.extab
 *(.ARM.extab* .gnu.linkonce.armextab.*)
                0x100095c4                        __exidx_start = .

.ARM.exidx
 *(.ARM.exidx* .gnu.linkonce.armexidx.*)
                0x100095c4                        __exidx_end = .
                0x100095e8                        . = ALIGN (0x4)
                0x100095c4                        __binary_info_start = .

.binary_info    0x100095c4       0x20
 *(.binary_info.keep.*)
 .binary_info.keep.__bi_ptr84
                0x100095c4        0x4 CMakeFiles/encoder_monitor.dir/Users/ssnow/.pico-sdk/sdk/2.2.0/src/rp2_common/pico_standard_binary_info/standard_binary_info.c.o
 .binary_info.keep.__bi_ptr78
                0x100095c8        0x4 CMakeFiles/encoder_monitor.dir/Users/ssnow/.pico-sdk/sdk/2.2.0/src/rp2_common/pico_standard_binary_info/standard_binary_info.c.o
 .binary_info.keep.__bi_ptr54
                0x100095cc        0x4 CMakeFiles/encoder_monitor.dir/Users/ssnow/.pico-sdk/sdk/2.2.0/src/rp2_common/pico_standard_binary_info/standard_binary_info.c.o
 .binary_info.keep.__bi_ptr48
                0x100095d0        0x4 CMakeFiles/encoder_monitor.dir/Users/ssnow/.pico-sdk/sdk/2.2.0/src/rp2_common/pico_standard_binary_info/standard_binary_info.c.o
 .binary_info.keep.__bi_ptr42
                0x100095d4        0x4 CMakeFiles/encoder_monitor.dir/Users/ssnow/.pico-sdk/sdk/2.2.0/src/rp2_common/pico_standard_binary_info/standard_binary_info.c.o
 .binary_info.keep.__bi_ptr34
                0x100095d8        0x4 CMakeFiles/encoder_monitor.dir/Users/ssnow/.pico-sdk/sdk/2.2.0/src/rp2_common/pico_standard_binary_info/standard_binary_info.c.o
 .binary_info.keep.__bi_ptr26
                0x100095dc        0x4 CMakeFiles/encoder_monitor.dir/Users/ssnow/.pico-sdk/sdk/2.2.0/src/rp2_common/pico_standard_binary_info/standard_binary_info.c.o
 *(.binary_info.*)
 .binary_info.__bi_ptr202
                0x100095e0        0x4 CMakeFiles/encoder_monitor.dir/Users/ssnow/.pico-sdk/sdk/2.2.0/src/rp2_common/pico_stdio_usb/stdio_usb.c.o
                0x100095e4                        __binary_info_end = .
                0x100095e4                        . = ALIGN (0x4)

.ram_vector_table
                0x20000000       0xc0
 *(.ram_vector_table)
 .ram_vector_table
                0x20000000       0xc0 CMakeFiles/encoder_monitor.dir/Users/ssnow/.pico-sdk/sdk/2.2.0/src/rp2_common/pico_runtime_init/runtime_init.c.o
                0x20000000                ram_vector_table

.uninitialized_data
                0x200000c0        0x0
                0x200000c0                        . = ALIGN (0x4)
 *(.uninitialized_data*)

.data           0x200000c0      0xff8 load address 0x100095e4
                0x200000c0                        __data_start__ = .
 *(vtable)
 *(.time_critical*)
 .time_critical.mutex_try_enter
                0x200000c0       0x40 CMakeFiles/encoder_monitor.dir/Users/ssnow/.pico-sdk/sdk/2.2.0/src/common/pico_sync/mutex.c.o
                0x200000c0                mutex_try_enter
 .time_critical.mutex_try_enter_block_until
                0x20000100       0x98 CMakeFiles/encoder_monitor.dir/Users/ssnow/.pico-sdk/sdk/2.2.0/src/common/pico_sync/mutex.c.o
                0x20000100                mutex_try_enter_block_until
 .time_critical.mutex_enter_timeout_ms
                0x20000198       0x8c CMakeFiles/encoder_monitor.dir/Users/ssnow/.pico-sdk/sdk/2.2.0/src/common/pico_sync/mutex.c.o
                0x20000198                mutex_enter_timeout_ms
 .time_critical.mutex_exit
                0x20000224       0x28 CMakeFiles/encoder_monitor.dir/Users/ssnow/.pico-sdk/sdk/2.2.0/src/common/pico_sync/mutex.c.o
                0x20000224                mutex_exit
 .time_critical.flash_init_boot2_copyout
                0x2000024c       0x30 CMakeFiles/encoder_monitor.dir/Users/ssnow/.pico-sdk/sdk/2.2.0/src/rp2_common/hardware_flash/flash.c.o
 .time_critical.flash_enable_xip_via_boot2
                0x2000027c        0xc CMakeFiles/encoder_monitor.dir/Users/ssnow/.pico-sdk/sdk/2.2.0/src/rp2_common/hardware_flash/flash.c.o
 .time_critical.flash_save_hardware_state
                0x20000288       0x20 CMakeFiles/encoder_monitor.dir/Users/ssnow/.pico-sdk/sdk/2.2.0/src/rp2_common/hardware_flash/flash.c.o
 .time_critical.flash_restore_hardware_state
                0x200002a8       0x20 CMakeFiles/encoder_monitor.dir/Users/ssnow/.pico-sdk/sdk/2.2.0/src/rp2_common/hardware_flash/flash.c.o
 .time_critical.flash_cs_force
                0x200002c8       0x38 CMakeFiles/encoder_monitor.dir/Users/ssnow/.pico-sdk/sdk/2.2.0/src/rp2_common/hardware_flash/flash.c.o
 .time_critical.flash_do_cmd
                0x20000300      0x13c CMakeFiles/encoder_monitor.dir/Users/ssnow/.pico-sdk/sdk/2.2.0/src/rp2_common/hardware_flash/flash.c.o
                0x20000300                flash_do_cmd
 .time_critical.reset_non_control_endpoints
                0x2000043c       0x68 CMakeFiles/encoder_monitor.dir/Users/ssnow/.pico-sdk/sdk/2.2.0/lib/tinyusb/src/portable/raspberrypi/rp2040/dcd_rp2040.c.o
 .time_critical.hw_handle_buff_status
                0x200004a4       0xa0 CMakeFiles/encoder_monitor.dir/Users/ssnow/.pico-sdk/sdk/2.2.0/lib/tinyusb/src/portable/raspberrypi/rp2040/dcd_rp2040.c.o
 .time_critical.dcd_rp2040_irq
                0x20000544      0x548 CMakeFiles/encoder_monitor.dir/Users/ssnow/.pico-sdk/sdk/2.2.0/lib/tinyusb/src/portable/raspberrypi/rp2040/dcd_rp2040.c.o
 .time_critical.prepare_ep_buffer
                0x20000a8c       0xc8 CMakeFiles/encoder_monitor.dir/Users/ssnow/.pico-sdk/sdk/2.2.0/lib/tinyusb/src/portable/raspberrypi/rp2040/rp2040_usb.c.o
 .time_critical.sync_ep_buffer
                0x20000b54       0x9c CMakeFiles/encoder_monitor.dir/Users/ssnow/.pico-sdk/sdk/2.2.0/lib/tinyusb/src/portable/raspberrypi/rp2040/rp2040_usb.c.o
 .time_critical._hw_endpoint_xfer_sync
                0x20000bf0       0x28 CMakeFiles/encoder_monitor.dir/Users/ssnow/.pico-sdk/sdk/2.2.0/lib/tinyusb/src/portable/raspberrypi/rp2040/rp2040_usb.c.o
 .time_critical.e15_is_bulkin_ep
                0x20000c18       0x28 CMakeFiles/encoder_monitor.dir/Users/ssnow/.pico-sdk/sdk/2.2.0/lib/tinyusb/src/portable/raspberrypi/rp2040/rp2040_usb.c.o
 .time_critical.e15_is_critical_frame_period
                0x20000c40       0x34 CMakeFiles/encoder_monitor.dir/Users/ssnow/.pico-sdk/sdk/2.2.0/lib/tinyusb/src/portable/raspberrypi/rp2040/rp2040_usb.c.o
 .time_critical.hw_endpoint_reset_transfer
                0x20000c74        0xc CMakeFiles/encoder_monitor.dir/Users/ssnow/.pico-sdk/sdk/2.2.0/lib/tinyusb/src/portable/raspberrypi/rp2040/rp2040_usb.c.o
                0x20000c74                hw_endpoint_reset_transfer
 .time_critical._hw_endpoint_buffer_control_update32
                0x20000c80       0x50 CMakeFiles/encoder_monitor.dir/Users/ssnow/.pico-sdk/sdk/2.2.0/lib/tinyusb/src/portable/raspberrypi/rp2040/rp2040_usb.c.o
                0x20000c80                _hw_endpoint_buffer_control_update32
 .time_critical.hw_endpoint_start_next_buffer
                0x20000cd0       0x68 CMakeFiles/encoder_monitor.dir/Users/ssnow/.pico-sdk/sdk/2.2.0/lib/tinyusb/src/portable/raspberrypi/rp2040/rp2040_usb.c.o
                0x20000cd0                hw_endpoint_start_next_buffer
 .time_critical.hw_endpoint_xfer_continue
                0x20000d38       0x40 CMakeFiles/encoder_monitor.dir/Users/ssnow/.pico-sdk/sdk/2.2.0/lib/tinyusb/src/portable/raspberrypi/rp2040/rp2040_usb.c.o
                0x20000d38                hw_endpoint_xfer_continue
 .time_critical.tinyusb
                0x20000d78      0x1e4 CMakeFiles/encoder_monitor.dir/Users/ssnow/.pico-sdk/sdk/2.2.0/lib/tinyusb/src/device/usbd.c.o
                0x20000d78                dcd_event_handler
 *(.text*)
 .text          0x20000f5c        0x4 /Users/ssnow/.pico-sdk/toolchain/14_2_Rel1/bin/../lib/gcc/arm-none-eabi/14.2.1/thumb/v6-m/nofp/libgcc.a(_dvmd_tls.o)
                0x20000f5c                __aeabi_ldiv0
                0x20000f5c                __aeabi_idiv0
 .text.__stub   0x20000f60       0x80 linker stubs
                0x20000fe0                        . = ALIGN (0x4)
 *(.rodata*)
                0x20000fe0                        . = ALIGN (0x4)
 *(.data*)
 .data.striped_spin_lock_num
                0x20000fe0        0x1 CMakeFiles/encoder_monitor.dir/Users/ssnow/.pico-sdk/sdk/2.2.0/src/rp2_common/hardware_sync/sync.c.o
 *fill*         0x20000fe1        0x3 
 .data          0x20000fe4       0x48 CMakeFiles/encoder_monitor.dir/Users/ssnow/.pico-sdk/sdk/2.2.0/src/rp2_common/hardware_irq/irq_handler_chain.S.o
                0x20000fe4                irq_handler_chain_slots
                0x20001014                irq_handler_chain_first_slot
                0x2000101e                irq_handler_chain_remove_tail
 .data.default_alarm_pool
                0x2000102c       0x18 CMakeFiles/encoder_monitor.dir/Users/ssnow/.pico-sdk/sdk/2.2.0/src/common/pico_time/time.c.o
 *fill*         0x20001044        0xc 
 .data.aeabi_bits_funcs
                0x20001050       0x10 CMakeFiles/encoder_monitor.dir/Users/ssnow/.pico-sdk/sdk/2.2.0/src/rp2_common/pico_bit_ops/bit_ops_aeabi.S.o
                0x20001050                aeabi_bits_funcs
                0x20001060                aeabi_bits_funcs_end
 .data.aeabi_mem_funcs
                0x20001060       0x10 CMakeFiles/encoder_monitor.dir/Users/ssnow/.pico-sdk/sdk/2.2.0/src/rp2_common/pico_mem_ops/mem_ops_aeabi.S.o
                0x20001060                aeabi_mem_funcs
                0x20001070                aeabi_mem_funcs_end
 .data.stdio_usb
                0x20001070       0x18 CMakeFiles/encoder_monitor.dir/Users/ssnow/.pico-sdk/sdk/2.2.0/src/rp2_common/pico_stdio_usb/stdio_usb.c.o
                0x20001070                stdio_usb
 .data._usbd_qdef
                0x20001088       0x1c CMakeFiles/encoder_monitor.dir/Users/ssnow/.pico-sdk/sdk/2.2.0/lib/tinyusb/src/device/usbd.c.o
                0x20001088                _usbd_qdef
 .data._usbd_rhport
                0x200010a4        0x1 CMakeFiles/encoder_monitor.dir/Users/ssnow/.pico-sdk/sdk/2.2.0/lib/tinyusb/src/device/usbd.c.o
 *fill*         0x200010a5        0x3 
 .data.i2c0_inst
                0x200010a8        0x8 CMakeFiles/encoder_monitor.dir/Users/ssnow/.pico-sdk/sdk/2.2.0/src/rp2_common/hardware_i2c/i2c.c.o
                0x200010a8                i2c0_inst
                0x200010b0                        . = ALIGN (0x4)
 *(.after_data.*)
                0x200010b0                        . = ALIGN (0x4)
                0x200010b0                        PROVIDE (__mutex_array_start = .)
 *(SORT_BY_NAME(.mutex_array.*))
 *(.mutex_array)
 .mutex_array   0x200010b0        0x8 CMakeFiles/encoder_monitor.dir/Users/ssnow/.pico-sdk/sdk/2.2.0/src/rp2_common/pico_stdio/stdio.c.o
                0x200010b8                        PROVIDE (__mutex_array_end = .)
                0x200010b8                        . = ALIGN (0x4)
 *(.jcr)
                0x200010b8                        . = ALIGN (0x4)

.tm_clone_table
                0x200010b8        0x0 load address 0x1000a5dc
 .tm_clone_table
                0x200010b8        0x0 /Users/ssnow/.pico-sdk/toolchain/14_2_Rel1/bin/../lib/gcc/arm-none-eabi/14.2.1/thumb/v6-m/nofp/crtbegin.o
 .tm_clone_table
                0x200010b8        0x0 /Users/ssnow/.pico-sdk/toolchain/14_2_Rel1/bin/../lib/gcc/arm-none-eabi/14.2.1/thumb/v6-m/nofp/crtend.o

.igot.plt       0x200010b8        0x0 load address 0x1000a5dc
 .igot.plt      0x200010b8        0x0 /Users/ssnow/.pico-sdk/toolchain/14_2_Rel1/bin/../lib/gcc/arm-none-eabi/14.2.1/thumb/v6-m/nofp/crtbegin.o

.tdata          0x200010b8        0x0 load address 0x1000a5dc
                0x200010b8                        . = ALIGN (0x4)
 *(.tdata .tdata.* .gnu.linkonce.td.*)
                0x200010b8                        __tdata_end = .
                0x200010b8                        PROVIDE (__data_end__ = .)
                0x100095e4                        __etext = LOADADDR (.data)

.tbss           0x200010b8        0x0 load address 0x1000a5dc
                0x200010b8                        . = ALIGN (0x4)
                0x200010b8                        __bss_start__ = .
                0x200010b8                        __tls_base = .
 *(.tbss .tbss.* .gnu.linkonce.tb.*)
 *(.tcommon)
                0x200010b8                        __tls_end = .

.bss            0x200010b8      0xf78 load address 0x1000a5dc
                0x200010b8                        . = ALIGN (0x4)
                0x200010b8                        __tbss_end = .
 *(SORT_BY_ALIGNMENT(SORT_BY_NAME(.bss*)))
 .bss.default_alarm_pool_entries
                0x200010b8      0x180 CMakeFiles/encoder_monitor.dir/Users/ssnow/.pico-sdk/sdk/2.2.0/src/common/pico_time/time.c.o
 .bss.encoder   0x20001238       0x48 CMakeFiles/encoder_monitor.dir/main.c.o
                0x20001238                encoder
 .bss.last_avail_time.1
                0x20001280        0x8 CMakeFiles/encoder_monitor.dir/Users/ssnow/.pico-sdk/sdk/2.2.0/src/rp2_common/pico_stdio_usb/stdio_usb.c.o
 .bss.sd_table  0x20001288      0x100 CMakeFiles/encoder_monitor.dir/Users/ssnow/.pico-sdk/sdk/2.2.0/src/rp2_common/pico_double/double_init_rom_rp2040.c.o
                0x20001288                sd_table
 .bss.sf_table  0x20001388      0x100 CMakeFiles/encoder_monitor.dir/Users/ssnow/.pico-sdk/sdk/2.2.0/src/rp2_common/pico_float/float_init_rom_rp2040.c.o
                0x20001388                sf_table
 .bss._app_driver
                0x20001488        0x4 CMakeFiles/encoder_monitor.dir/Users/ssnow/.pico-sdk/sdk/2.2.0/lib/tinyusb/src/device/usbd.c.o
 .bss._cdcd_epbuf
                0x2000148c       0x80 CMakeFiles/encoder_monitor.dir/Users/ssnow/.pico-sdk/sdk/2.2.0/lib/tinyusb/src/class/cdc/cdc_device.c.o
 .bss._cdcd_fifo_cfg
                0x2000150c        0x1 CMakeFiles/encoder_monitor.dir/Users/ssnow/.pico-sdk/sdk/2.2.0/lib/tinyusb/src/class/cdc/cdc_device.c.o
 *fill*         0x2000150d        0x3 
 .bss._cdcd_itf
                0x20001510       0xc8 CMakeFiles/encoder_monitor.dir/Users/ssnow/.pico-sdk/sdk/2.2.0/lib/tinyusb/src/class/cdc/cdc_device.c.o
 .bss._ctrl_epbuf
                0x200015d8       0x40 CMakeFiles/encoder_monitor.dir/Users/ssnow/.pico-sdk/sdk/2.2.0/lib/tinyusb/src/device/usbd_control.c.o
 .bss._ctrl_xfer
                0x20001618       0x14 CMakeFiles/encoder_monitor.dir/Users/ssnow/.pico-sdk/sdk/2.2.0/lib/tinyusb/src/device/usbd_control.c.o
 .bss._tusb_rhport_role
                0x2000162c        0x2 CMakeFiles/encoder_monitor.dir/Users/ssnow/.pico-sdk/sdk/2.2.0/lib/tinyusb/src/tusb.c.o
                0x2000162c                _tusb_rhport_role
 *fill*         0x2000162e        0x2 
 .bss._ubsd_mutexdef
                0x20001630        0x8 CMakeFiles/encoder_monitor.dir/Users/ssnow/.pico-sdk/sdk/2.2.0/lib/tinyusb/src/device/usbd.c.o
 .bss._usbd_dev
                0x20001638       0x54 CMakeFiles/encoder_monitor.dir/Users/ssnow/.pico-sdk/sdk/2.2.0/lib/tinyusb/src/device/usbd.c.o
 .bss._usbd_mutex
                0x2000168c        0x4 CMakeFiles/encoder_monitor.dir/Users/ssnow/.pico-sdk/sdk/2.2.0/lib/tinyusb/src/device/usbd.c.o
 .bss._usbd_q   0x20001690        0x4 CMakeFiles/encoder_monitor.dir/Users/ssnow/.pico-sdk/sdk/2.2.0/lib/tinyusb/src/device/usbd.c.o
 .bss._usbd_qdef_buf
                0x20001694       0xc0 CMakeFiles/encoder_monitor.dir/Users/ssnow/.pico-sdk/sdk/2.2.0/lib/tinyusb/src/device/usbd.c.o
                0x20001694                _usbd_qdef_buf
 .bss._used_instruction_space
                0x20001754        0x8 CMakeFiles/encoder_monitor.dir/Users/ssnow/.pico-sdk/sdk/2.2.0/src/rp2_common/hardware_pio/pio.c.o
 .bss._vendord_epbuf
                0x2000175c       0x80 CMakeFiles/encoder_monitor.dir/Users/ssnow/.pico-sdk/sdk/2.2.0/lib/tinyusb/src/class/vendor/vendor_device.c.o
 .bss._vendord_itf
                0x200017dc      0x24c CMakeFiles/encoder_monitor.dir/Users/ssnow/.pico-sdk/sdk/2.2.0/lib/tinyusb/src/class/vendor/vendor_device.c.o
 .bss.boot2_copyout
                0x20001a28      0x100 CMakeFiles/encoder_monitor.dir/Users/ssnow/.pico-sdk/sdk/2.2.0/src/rp2_common/hardware_flash/flash.c.o
 .bss.callbacks
                0x20001b28        0x8 CMakeFiles/encoder_monitor.dir/Users/ssnow/.pico-sdk/sdk/2.2.0/src/rp2_common/hardware_gpio/gpio.c.o
 .bss.chars_available_callback
                0x20001b30        0x4 CMakeFiles/encoder_monitor.dir/Users/ssnow/.pico-sdk/sdk/2.2.0/src/rp2_common/pico_stdio_usb/stdio_usb.c.o
 .bss.chars_available_param
                0x20001b34        0x4 CMakeFiles/encoder_monitor.dir/Users/ssnow/.pico-sdk/sdk/2.2.0/src/rp2_common/pico_stdio_usb/stdio_usb.c.o
 .bss.claimed   0x20001b38        0x4 CMakeFiles/encoder_monitor.dir/Users/ssnow/.pico-sdk/sdk/2.2.0/src/rp2_common/hardware_sync/sync.c.o
 .bss.claimed   0x20001b3c        0x1 CMakeFiles/encoder_monitor.dir/Users/ssnow/.pico-sdk/sdk/2.2.0/src/rp2_common/hardware_timer/timer.c.o
 *fill*         0x20001b3d        0x3 
 .bss.claimed   0x20001b40        0x1 CMakeFiles/encoder_monitor.dir/Users/ssnow/.pico-sdk/sdk/2.2.0/src/rp2_common/hardware_pio/pio.c.o
 *fill*         0x20001b41        0x3 
 .bss.configured_freq
                0x20001b44       0x28 CMakeFiles/encoder_monitor.dir/Users/ssnow/.pico-sdk/sdk/2.2.0/src/rp2_common/hardware_clocks/clocks.c.o
 .bss.desc_str.0
                0x20001b6c       0x28 CMakeFiles/encoder_monitor.dir/Users/ssnow/.pico-sdk/sdk/2.2.0/src/rp2_common/pico_stdio_usb/stdio_usb_descriptors.c.o
 .bss.drivers   0x20001b94        0x4 CMakeFiles/encoder_monitor.dir/Users/ssnow/.pico-sdk/sdk/2.2.0/src/rp2_common/pico_stdio/stdio.c.o
 .bss.e15_last_sof
                0x20001b98        0x4 CMakeFiles/encoder_monitor.dir/Users/ssnow/.pico-sdk/sdk/2.2.0/lib/tinyusb/src/portable/raspberrypi/rp2040/rp2040_usb.c.o
                0x20001b98                e15_last_sof
 .bss.filter    0x20001b9c        0x4 CMakeFiles/encoder_monitor.dir/Users/ssnow/.pico-sdk/sdk/2.2.0/src/rp2_common/pico_stdio/stdio.c.o